Archive member included because of file (symbol)

c:/freescale/kds_3.0.0/toolchain/bin/../lib/gcc/arm-none-eabi/4.8.4/../../../../arm-none-eabi/lib/armv7e-m\libg_s.a(lib_a-exit.o)
                              c:/freescale/kds_3.0.0/toolchain/bin/../lib/gcc/arm-none-eabi/4.8.4/../../../../arm-none-eabi/lib/armv7e-m/crt0.o (exit)
c:/freescale/kds_3.0.0/toolchain/bin/../lib/gcc/arm-none-eabi/4.8.4/../../../../arm-none-eabi/lib/armv7e-m\libg_s.a(lib_a-impure.o)
                              c:/freescale/kds_3.0.0/toolchain/bin/../lib/gcc/arm-none-eabi/4.8.4/../../../../arm-none-eabi/lib/armv7e-m\libg_s.a(lib_a-exit.o) (_global_impure_ptr)
c:/freescale/kds_3.0.0/toolchain/bin/../lib/gcc/arm-none-eabi/4.8.4/../../../../arm-none-eabi/lib/armv7e-m\libg_s.a(lib_a-init.o)
                              c:/freescale/kds_3.0.0/toolchain/bin/../lib/gcc/arm-none-eabi/4.8.4/../../../../arm-none-eabi/lib/armv7e-m/crt0.o (__libc_init_array)
c:/freescale/kds_3.0.0/toolchain/bin/../lib/gcc/arm-none-eabi/4.8.4/../../../../arm-none-eabi/lib/armv7e-m\libg_s.a(lib_a-memset.o)
                              c:/freescale/kds_3.0.0/toolchain/bin/../lib/gcc/arm-none-eabi/4.8.4/../../../../arm-none-eabi/lib/armv7e-m/crt0.o (memset)
c:/freescale/kds_3.0.0/toolchain/bin/../lib/gcc/arm-none-eabi/4.8.4/../../../../arm-none-eabi/lib/armv7e-m\libg_s.a(lib_a-strlen.o)
                              ./Sources/main.o (strlen)
c:/freescale/kds_3.0.0/toolchain/bin/../lib/gcc/arm-none-eabi/4.8.4/../../../../arm-none-eabi/lib/armv7e-m\libnosys.a(_exit.o)
                              c:/freescale/kds_3.0.0/toolchain/bin/../lib/gcc/arm-none-eabi/4.8.4/../../../../arm-none-eabi/lib/armv7e-m\libg_s.a(lib_a-exit.o) (_exit)

Allocating common symbols
Common symbol       size              file

ASerialLdd1_DeviceDataPtr
                    0x4               ./Generated_Code/AS1.o
SR_reg              0x1               ./Generated_Code/Cpu.o

Discarded input sections

 .text          0x00000000        0x0 c:/freescale/kds_3.0.0/toolchain/bin/../lib/gcc/arm-none-eabi/4.8.4/armv7e-m/crti.o
 .data          0x00000000        0x0 c:/freescale/kds_3.0.0/toolchain/bin/../lib/gcc/arm-none-eabi/4.8.4/armv7e-m/crti.o
 .bss           0x00000000        0x0 c:/freescale/kds_3.0.0/toolchain/bin/../lib/gcc/arm-none-eabi/4.8.4/armv7e-m/crti.o
 .data          0x00000000        0x4 c:/freescale/kds_3.0.0/toolchain/bin/../lib/gcc/arm-none-eabi/4.8.4/armv7e-m/crtbegin.o
 .data          0x00000000        0x0 c:/freescale/kds_3.0.0/toolchain/bin/../lib/gcc/arm-none-eabi/4.8.4/../../../../arm-none-eabi/lib/armv7e-m/crt0.o
 .bss           0x00000000        0x0 c:/freescale/kds_3.0.0/toolchain/bin/../lib/gcc/arm-none-eabi/4.8.4/../../../../arm-none-eabi/lib/armv7e-m/crt0.o
 .ARM.extab     0x00000000        0x0 c:/freescale/kds_3.0.0/toolchain/bin/../lib/gcc/arm-none-eabi/4.8.4/../../../../arm-none-eabi/lib/armv7e-m/crt0.o
 .group         0x00000000        0x8 ./Sources/Events.o
 .group         0x00000000        0x8 ./Sources/Events.o
 .group         0x00000000        0x8 ./Sources/Events.o
 .group         0x00000000        0x8 ./Sources/Events.o
 .group         0x00000000        0x8 ./Sources/Events.o
 .group         0x00000000        0x8 ./Sources/Events.o
 .group         0x00000000        0x8 ./Sources/Events.o
 .group         0x00000000        0x8 ./Sources/Events.o
 .group         0x00000000        0x8 ./Sources/Events.o
 .group         0x00000000        0x8 ./Sources/Events.o
 .group         0x00000000        0x8 ./Sources/Events.o
 .group         0x00000000        0x8 ./Sources/Events.o
 .group         0x00000000        0x8 ./Sources/Events.o
 .group         0x00000000        0x8 ./Sources/Events.o
 .group         0x00000000        0x8 ./Sources/Events.o
 .group         0x00000000        0x8 ./Sources/Events.o
 .group         0x00000000        0x8 ./Sources/Events.o
 .group         0x00000000        0x8 ./Sources/Events.o
 .group         0x00000000        0x8 ./Sources/Events.o
 .group         0x00000000        0x8 ./Sources/Events.o
 .text          0x00000000        0x0 ./Sources/Events.o
 .data          0x00000000        0x0 ./Sources/Events.o
 .bss           0x00000000        0x0 ./Sources/Events.o
 .group         0x00000000        0x8 ./Sources/main.o
 .group         0x00000000        0x8 ./Sources/main.o
 .group         0x00000000        0x8 ./Sources/main.o
 .group         0x00000000        0x8 ./Sources/main.o
 .group         0x00000000        0x8 ./Sources/main.o
 .group         0x00000000        0x8 ./Sources/main.o
 .group         0x00000000        0x8 ./Sources/main.o
 .group         0x00000000        0x8 ./Sources/main.o
 .group         0x00000000        0x8 ./Sources/main.o
 .group         0x00000000        0x8 ./Sources/main.o
 .group         0x00000000        0x8 ./Sources/main.o
 .group         0x00000000        0x8 ./Sources/main.o
 .group         0x00000000        0x8 ./Sources/main.o
 .group         0x00000000        0x8 ./Sources/main.o
 .group         0x00000000        0x8 ./Sources/main.o
 .group         0x00000000        0x8 ./Sources/main.o
 .group         0x00000000        0x8 ./Sources/main.o
 .group         0x00000000        0x8 ./Sources/main.o
 .group         0x00000000        0x8 ./Sources/main.o
 .group         0x00000000        0x8 ./Sources/main.o
 .text          0x00000000        0x0 ./Sources/main.o
 .data          0x00000000        0x0 ./Sources/main.o
 .bss           0x00000000        0x0 ./Sources/main.o
 .debug_macro   0x00000000      0x84a ./Sources/main.o
 .debug_macro   0x00000000       0x16 ./Sources/main.o
 .debug_macro   0x00000000       0x44 ./Sources/main.o
 .debug_macro   0x00000000      0x209 ./Sources/main.o
 .debug_macro   0x00000000     0x1679 ./Sources/main.o
 .debug_macro   0x00000000      0x14e ./Sources/main.o
 .debug_macro   0x00000000       0x6a ./Sources/main.o
 .debug_macro   0x00000000     0x9b9f ./Sources/main.o
 .debug_macro   0x00000000       0x94 ./Sources/main.o
 .debug_macro   0x00000000       0x94 ./Sources/main.o
 .debug_macro   0x00000000      0x12c ./Sources/main.o
 .debug_macro   0x00000000       0x46 ./Sources/main.o
 .debug_macro   0x00000000       0x26 ./Sources/main.o
 .debug_macro   0x00000000       0x4c ./Sources/main.o
 .debug_macro   0x00000000       0x26 ./Sources/main.o
 .debug_macro   0x00000000       0x4c ./Sources/main.o
 .debug_macro   0x00000000       0x26 ./Sources/main.o
 .debug_macro   0x00000000       0x65 ./Sources/main.o
 .debug_macro   0x00000000       0x11 ./Sources/main.o
 .debug_macro   0x00000000       0x34 ./Sources/main.o
 .group         0x00000000        0x8 ./Project_Settings/Startup_Code/startup.o
 .group         0x00000000        0x8 ./Project_Settings/Startup_Code/startup.o
 .group         0x00000000        0x8 ./Project_Settings/Startup_Code/startup.o
 .group         0x00000000        0x8 ./Project_Settings/Startup_Code/startup.o
 .group         0x00000000        0x8 ./Project_Settings/Startup_Code/startup.o
 .group         0x00000000        0x8 ./Project_Settings/Startup_Code/startup.o
 .group         0x00000000        0x8 ./Project_Settings/Startup_Code/startup.o
 .group         0x00000000        0x8 ./Project_Settings/Startup_Code/startup.o
 .group         0x00000000        0x8 ./Project_Settings/Startup_Code/startup.o
 .group         0x00000000        0x8 ./Project_Settings/Startup_Code/startup.o
 .group         0x00000000        0x8 ./Project_Settings/Startup_Code/startup.o
 .group         0x00000000        0x8 ./Project_Settings/Startup_Code/startup.o
 .group         0x00000000        0x8 ./Project_Settings/Startup_Code/startup.o
 .group         0x00000000        0x8 ./Project_Settings/Startup_Code/startup.o
 .group         0x00000000        0x8 ./Project_Settings/Startup_Code/startup.o
 .group         0x00000000        0x8 ./Project_Settings/Startup_Code/startup.o
 .group         0x00000000        0x8 ./Project_Settings/Startup_Code/startup.o
 .group         0x00000000        0x8 ./Project_Settings/Startup_Code/startup.o
 .group         0x00000000        0x8 ./Project_Settings/Startup_Code/startup.o
 .text          0x00000000        0x0 ./Project_Settings/Startup_Code/startup.o
 .data          0x00000000        0x0 ./Project_Settings/Startup_Code/startup.o
 .bss           0x00000000        0x0 ./Project_Settings/Startup_Code/startup.o
 .text.__init_hardware
                0x00000000        0xc ./Project_Settings/Startup_Code/startup.o
 .text.__iar_program_start
                0x00000000        0xc ./Project_Settings/Startup_Code/startup.o
 .debug_macro   0x00000000      0x84a ./Project_Settings/Startup_Code/startup.o
 .debug_macro   0x00000000       0x16 ./Project_Settings/Startup_Code/startup.o
 .group         0x00000000        0x8 ./Generated_Code/AS1.o
 .group         0x00000000        0x8 ./Generated_Code/AS1.o
 .group         0x00000000        0x8 ./Generated_Code/AS1.o
 .group         0x00000000        0x8 ./Generated_Code/AS1.o
 .group         0x00000000        0x8 ./Generated_Code/AS1.o
 .group         0x00000000        0x8 ./Generated_Code/AS1.o
 .group         0x00000000        0x8 ./Generated_Code/AS1.o
 .group         0x00000000        0x8 ./Generated_Code/AS1.o
 .group         0x00000000        0x8 ./Generated_Code/AS1.o
 .group         0x00000000        0x8 ./Generated_Code/AS1.o
 .group         0x00000000        0x8 ./Generated_Code/AS1.o
 .text          0x00000000        0x0 ./Generated_Code/AS1.o
 .data          0x00000000        0x0 ./Generated_Code/AS1.o
 .bss           0x00000000        0x0 ./Generated_Code/AS1.o
 .text.AS1_GetCharsInRxBuf
                0x00000000       0x24 ./Generated_Code/AS1.o
 .text.AS1_GetCharsInTxBuf
                0x00000000       0x2c ./Generated_Code/AS1.o
 .debug_macro   0x00000000      0x84a ./Generated_Code/AS1.o
 .debug_macro   0x00000000       0x16 ./Generated_Code/AS1.o
 .debug_macro   0x00000000       0x44 ./Generated_Code/AS1.o
 .debug_macro   0x00000000      0x209 ./Generated_Code/AS1.o
 .debug_macro   0x00000000     0x1679 ./Generated_Code/AS1.o
 .debug_macro   0x00000000      0x14e ./Generated_Code/AS1.o
 .debug_macro   0x00000000       0x6a ./Generated_Code/AS1.o
 .debug_macro   0x00000000     0x9b9f ./Generated_Code/AS1.o
 .debug_macro   0x00000000       0x94 ./Generated_Code/AS1.o
 .debug_macro   0x00000000       0x11 ./Generated_Code/AS1.o
 .group         0x00000000        0x8 ./Generated_Code/ASerialLdd1.o
 .group         0x00000000        0x8 ./Generated_Code/ASerialLdd1.o
 .group         0x00000000        0x8 ./Generated_Code/ASerialLdd1.o
 .group         0x00000000        0x8 ./Generated_Code/ASerialLdd1.o
 .group         0x00000000        0x8 ./Generated_Code/ASerialLdd1.o
 .group         0x00000000        0x8 ./Generated_Code/ASerialLdd1.o
 .group         0x00000000        0x8 ./Generated_Code/ASerialLdd1.o
 .group         0x00000000        0x8 ./Generated_Code/ASerialLdd1.o
 .group         0x00000000        0x8 ./Generated_Code/ASerialLdd1.o
 .group         0x00000000        0x8 ./Generated_Code/ASerialLdd1.o
 .group         0x00000000        0x8 ./Generated_Code/ASerialLdd1.o
 .group         0x00000000        0x8 ./Generated_Code/ASerialLdd1.o
 .group         0x00000000        0x8 ./Generated_Code/ASerialLdd1.o
 .group         0x00000000        0x8 ./Generated_Code/ASerialLdd1.o
 .text          0x00000000        0x0 ./Generated_Code/ASerialLdd1.o
 .data          0x00000000        0x0 ./Generated_Code/ASerialLdd1.o
 .bss           0x00000000        0x0 ./Generated_Code/ASerialLdd1.o
 .text.ASerialLdd1_GetSentDataNum
                0x00000000       0x1c ./Generated_Code/ASerialLdd1.o
 .debug_macro   0x00000000      0x84a ./Generated_Code/ASerialLdd1.o
 .debug_macro   0x00000000       0x16 ./Generated_Code/ASerialLdd1.o
 .debug_macro   0x00000000       0x44 ./Generated_Code/ASerialLdd1.o
 .debug_macro   0x00000000      0x209 ./Generated_Code/ASerialLdd1.o
 .debug_macro   0x00000000     0x1679 ./Generated_Code/ASerialLdd1.o
 .debug_macro   0x00000000      0x14e ./Generated_Code/ASerialLdd1.o
 .debug_macro   0x00000000       0x6a ./Generated_Code/ASerialLdd1.o
 .debug_macro   0x00000000     0x9b9f ./Generated_Code/ASerialLdd1.o
 .debug_macro   0x00000000       0x94 ./Generated_Code/ASerialLdd1.o
 .debug_macro   0x00000000       0x5f ./Generated_Code/ASerialLdd1.o
 .debug_macro   0x00000000       0x94 ./Generated_Code/ASerialLdd1.o
 .group         0x00000000        0x8 ./Generated_Code/BitIoLdd1.o
 .group         0x00000000        0x8 ./Generated_Code/BitIoLdd1.o
 .group         0x00000000        0x8 ./Generated_Code/BitIoLdd1.o
 .group         0x00000000        0x8 ./Generated_Code/BitIoLdd1.o
 .group         0x00000000        0x8 ./Generated_Code/BitIoLdd1.o
 .group         0x00000000        0x8 ./Generated_Code/BitIoLdd1.o
 .group         0x00000000        0x8 ./Generated_Code/BitIoLdd1.o
 .group         0x00000000        0x8 ./Generated_Code/BitIoLdd1.o
 .group         0x00000000        0x8 ./Generated_Code/BitIoLdd1.o
 .group         0x00000000        0x8 ./Generated_Code/BitIoLdd1.o
 .group         0x00000000        0x8 ./Generated_Code/BitIoLdd1.o
 .group         0x00000000        0x8 ./Generated_Code/BitIoLdd1.o
 .text          0x00000000        0x0 ./Generated_Code/BitIoLdd1.o
 .data          0x00000000        0x0 ./Generated_Code/BitIoLdd1.o
 .bss           0x00000000        0x0 ./Generated_Code/BitIoLdd1.o
 .text.BitIoLdd1_GetVal
                0x00000000       0x30 ./Generated_Code/BitIoLdd1.o
 .text.BitIoLdd1_PutVal
                0x00000000       0x30 ./Generated_Code/BitIoLdd1.o
 .text.BitIoLdd1_ClrVal
                0x00000000       0x1c ./Generated_Code/BitIoLdd1.o
 .debug_macro   0x00000000      0x84a ./Generated_Code/BitIoLdd1.o
 .debug_macro   0x00000000       0x16 ./Generated_Code/BitIoLdd1.o
 .debug_macro   0x00000000       0x44 ./Generated_Code/BitIoLdd1.o
 .debug_macro   0x00000000      0x209 ./Generated_Code/BitIoLdd1.o
 .debug_macro   0x00000000     0x1679 ./Generated_Code/BitIoLdd1.o
 .debug_macro   0x00000000      0x14e ./Generated_Code/BitIoLdd1.o
 .debug_macro   0x00000000       0x6a ./Generated_Code/BitIoLdd1.o
 .debug_macro   0x00000000     0x9b9f ./Generated_Code/BitIoLdd1.o
 .debug_macro   0x00000000       0x94 ./Generated_Code/BitIoLdd1.o
 .debug_macro   0x00000000      0x12c ./Generated_Code/BitIoLdd1.o
 .debug_macro   0x00000000       0x46 ./Generated_Code/BitIoLdd1.o
 .group         0x00000000        0x8 ./Generated_Code/BitIoLdd2.o
 .group         0x00000000        0x8 ./Generated_Code/BitIoLdd2.o
 .group         0x00000000        0x8 ./Generated_Code/BitIoLdd2.o
 .group         0x00000000        0x8 ./Generated_Code/BitIoLdd2.o
 .group         0x00000000        0x8 ./Generated_Code/BitIoLdd2.o
 .group         0x00000000        0x8 ./Generated_Code/BitIoLdd2.o
 .group         0x00000000        0x8 ./Generated_Code/BitIoLdd2.o
 .group         0x00000000        0x8 ./Generated_Code/BitIoLdd2.o
 .group         0x00000000        0x8 ./Generated_Code/BitIoLdd2.o
 .group         0x00000000        0x8 ./Generated_Code/BitIoLdd2.o
 .group         0x00000000        0x8 ./Generated_Code/BitIoLdd2.o
 .group         0x00000000        0x8 ./Generated_Code/BitIoLdd2.o
 .text          0x00000000        0x0 ./Generated_Code/BitIoLdd2.o
 .data          0x00000000        0x0 ./Generated_Code/BitIoLdd2.o
 .bss           0x00000000        0x0 ./Generated_Code/BitIoLdd2.o
 .text.BitIoLdd2_GetVal
                0x00000000       0x30 ./Generated_Code/BitIoLdd2.o
 .text.BitIoLdd2_PutVal
                0x00000000       0x30 ./Generated_Code/BitIoLdd2.o
 .text.BitIoLdd2_ClrVal
                0x00000000       0x1c ./Generated_Code/BitIoLdd2.o
 .debug_macro   0x00000000      0x84a ./Generated_Code/BitIoLdd2.o
 .debug_macro   0x00000000       0x16 ./Generated_Code/BitIoLdd2.o
 .debug_macro   0x00000000       0x44 ./Generated_Code/BitIoLdd2.o
 .debug_macro   0x00000000      0x209 ./Generated_Code/BitIoLdd2.o
 .debug_macro   0x00000000     0x1679 ./Generated_Code/BitIoLdd2.o
 .debug_macro   0x00000000      0x14e ./Generated_Code/BitIoLdd2.o
 .debug_macro   0x00000000       0x6a ./Generated_Code/BitIoLdd2.o
 .debug_macro   0x00000000     0x9b9f ./Generated_Code/BitIoLdd2.o
 .debug_macro   0x00000000       0x94 ./Generated_Code/BitIoLdd2.o
 .debug_macro   0x00000000      0x12c ./Generated_Code/BitIoLdd2.o
 .debug_macro   0x00000000       0x9a ./Generated_Code/BitIoLdd2.o
 .group         0x00000000        0x8 ./Generated_Code/BitIoLdd3.o
 .group         0x00000000        0x8 ./Generated_Code/BitIoLdd3.o
 .group         0x00000000        0x8 ./Generated_Code/BitIoLdd3.o
 .group         0x00000000        0x8 ./Generated_Code/BitIoLdd3.o
 .group         0x00000000        0x8 ./Generated_Code/BitIoLdd3.o
 .group         0x00000000        0x8 ./Generated_Code/BitIoLdd3.o
 .group         0x00000000        0x8 ./Generated_Code/BitIoLdd3.o
 .group         0x00000000        0x8 ./Generated_Code/BitIoLdd3.o
 .group         0x00000000        0x8 ./Generated_Code/BitIoLdd3.o
 .group         0x00000000        0x8 ./Generated_Code/BitIoLdd3.o
 .group         0x00000000        0x8 ./Generated_Code/BitIoLdd3.o
 .group         0x00000000        0x8 ./Generated_Code/BitIoLdd3.o
 .text          0x00000000        0x0 ./Generated_Code/BitIoLdd3.o
 .data          0x00000000        0x0 ./Generated_Code/BitIoLdd3.o
 .bss           0x00000000        0x0 ./Generated_Code/BitIoLdd3.o
 .text.BitIoLdd3_GetVal
                0x00000000       0x30 ./Generated_Code/BitIoLdd3.o
 .text.BitIoLdd3_PutVal
                0x00000000       0x30 ./Generated_Code/BitIoLdd3.o
 .text.BitIoLdd3_ClrVal
                0x00000000       0x1c ./Generated_Code/BitIoLdd3.o
 .debug_macro   0x00000000      0x84a ./Generated_Code/BitIoLdd3.o
 .debug_macro   0x00000000       0x16 ./Generated_Code/BitIoLdd3.o
 .debug_macro   0x00000000       0x44 ./Generated_Code/BitIoLdd3.o
 .debug_macro   0x00000000      0x209 ./Generated_Code/BitIoLdd3.o
 .debug_macro   0x00000000     0x1679 ./Generated_Code/BitIoLdd3.o
 .debug_macro   0x00000000      0x14e ./Generated_Code/BitIoLdd3.o
 .debug_macro   0x00000000       0x6a ./Generated_Code/BitIoLdd3.o
 .debug_macro   0x00000000     0x9b9f ./Generated_Code/BitIoLdd3.o
 .debug_macro   0x00000000       0x94 ./Generated_Code/BitIoLdd3.o
 .debug_macro   0x00000000      0x12c ./Generated_Code/BitIoLdd3.o
 .debug_macro   0x00000000       0x9a ./Generated_Code/BitIoLdd3.o
 .group         0x00000000        0x8 ./Generated_Code/BitIoLdd4.o
 .group         0x00000000        0x8 ./Generated_Code/BitIoLdd4.o
 .group         0x00000000        0x8 ./Generated_Code/BitIoLdd4.o
 .group         0x00000000        0x8 ./Generated_Code/BitIoLdd4.o
 .group         0x00000000        0x8 ./Generated_Code/BitIoLdd4.o
 .group         0x00000000        0x8 ./Generated_Code/BitIoLdd4.o
 .group         0x00000000        0x8 ./Generated_Code/BitIoLdd4.o
 .group         0x00000000        0x8 ./Generated_Code/BitIoLdd4.o
 .group         0x00000000        0x8 ./Generated_Code/BitIoLdd4.o
 .group         0x00000000        0x8 ./Generated_Code/BitIoLdd4.o
 .group         0x00000000        0x8 ./Generated_Code/BitIoLdd4.o
 .group         0x00000000        0x8 ./Generated_Code/BitIoLdd4.o
 .text          0x00000000        0x0 ./Generated_Code/BitIoLdd4.o
 .data          0x00000000        0x0 ./Generated_Code/BitIoLdd4.o
 .bss           0x00000000        0x0 ./Generated_Code/BitIoLdd4.o
 .text.BitIoLdd4_GetVal
                0x00000000       0x30 ./Generated_Code/BitIoLdd4.o
 .debug_macro   0x00000000      0x84a ./Generated_Code/BitIoLdd4.o
 .debug_macro   0x00000000       0x16 ./Generated_Code/BitIoLdd4.o
 .debug_macro   0x00000000       0x44 ./Generated_Code/BitIoLdd4.o
 .debug_macro   0x00000000      0x209 ./Generated_Code/BitIoLdd4.o
 .debug_macro   0x00000000     0x1679 ./Generated_Code/BitIoLdd4.o
 .debug_macro   0x00000000      0x14e ./Generated_Code/BitIoLdd4.o
 .debug_macro   0x00000000       0x6a ./Generated_Code/BitIoLdd4.o
 .debug_macro   0x00000000     0x9b9f ./Generated_Code/BitIoLdd4.o
 .debug_macro   0x00000000       0x94 ./Generated_Code/BitIoLdd4.o
 .debug_macro   0x00000000      0x12c ./Generated_Code/BitIoLdd4.o
 .debug_macro   0x00000000       0x9a ./Generated_Code/BitIoLdd4.o
 .group         0x00000000        0x8 ./Generated_Code/Blue.o
 .group         0x00000000        0x8 ./Generated_Code/Blue.o
 .group         0x00000000        0x8 ./Generated_Code/Blue.o
 .group         0x00000000        0x8 ./Generated_Code/Blue.o
 .group         0x00000000        0x8 ./Generated_Code/Blue.o
 .group         0x00000000        0x8 ./Generated_Code/Blue.o
 .group         0x00000000        0x8 ./Generated_Code/Blue.o
 .group         0x00000000        0x8 ./Generated_Code/Blue.o
 .group         0x00000000        0x8 ./Generated_Code/Blue.o
 .group         0x00000000        0x8 ./Generated_Code/Blue.o
 .group         0x00000000        0x8 ./Generated_Code/Blue.o
 .group         0x00000000        0x8 ./Generated_Code/Blue.o
 .group         0x00000000        0x8 ./Generated_Code/Blue.o
 .text          0x00000000        0x0 ./Generated_Code/Blue.o
 .data          0x00000000        0x0 ./Generated_Code/Blue.o
 .bss           0x00000000        0x0 ./Generated_Code/Blue.o
 .debug_info    0x00000000       0x7d ./Generated_Code/Blue.o
 .debug_abbrev  0x00000000       0x29 ./Generated_Code/Blue.o
 .debug_aranges
                0x00000000       0x18 ./Generated_Code/Blue.o
 .debug_macro   0x00000000       0xb5 ./Generated_Code/Blue.o
 .debug_macro   0x00000000      0x84a ./Generated_Code/Blue.o
 .debug_macro   0x00000000       0x16 ./Generated_Code/Blue.o
 .debug_macro   0x00000000       0x44 ./Generated_Code/Blue.o
 .debug_macro   0x00000000      0x209 ./Generated_Code/Blue.o
 .debug_macro   0x00000000     0x1679 ./Generated_Code/Blue.o
 .debug_macro   0x00000000      0x14e ./Generated_Code/Blue.o
 .debug_macro   0x00000000       0x6a ./Generated_Code/Blue.o
 .debug_macro   0x00000000     0x9b9f ./Generated_Code/Blue.o
 .debug_macro   0x00000000       0x94 ./Generated_Code/Blue.o
 .debug_macro   0x00000000      0x12c ./Generated_Code/Blue.o
 .debug_macro   0x00000000       0x9a ./Generated_Code/Blue.o
 .debug_macro   0x00000000       0x46 ./Generated_Code/Blue.o
 .debug_macro   0x00000000       0x26 ./Generated_Code/Blue.o
 .debug_line    0x00000000      0x23f ./Generated_Code/Blue.o
 .debug_str     0x00000000    0x3fda1 ./Generated_Code/Blue.o
 .comment       0x00000000       0x71 ./Generated_Code/Blue.o
 .ARM.attributes
                0x00000000       0x33 ./Generated_Code/Blue.o
 .group         0x00000000        0x8 ./Generated_Code/Cpu.o
 .group         0x00000000        0x8 ./Generated_Code/Cpu.o
 .group         0x00000000        0x8 ./Generated_Code/Cpu.o
 .group         0x00000000        0x8 ./Generated_Code/Cpu.o
 .group         0x00000000        0x8 ./Generated_Code/Cpu.o
 .group         0x00000000        0x8 ./Generated_Code/Cpu.o
 .group         0x00000000        0x8 ./Generated_Code/Cpu.o
 .group         0x00000000        0x8 ./Generated_Code/Cpu.o
 .group         0x00000000        0x8 ./Generated_Code/Cpu.o
 .group         0x00000000        0x8 ./Generated_Code/Cpu.o
 .group         0x00000000        0x8 ./Generated_Code/Cpu.o
 .group         0x00000000        0x8 ./Generated_Code/Cpu.o
 .group         0x00000000        0x8 ./Generated_Code/Cpu.o
 .group         0x00000000        0x8 ./Generated_Code/Cpu.o
 .group         0x00000000        0x8 ./Generated_Code/Cpu.o
 .group         0x00000000        0x8 ./Generated_Code/Cpu.o
 .group         0x00000000        0x8 ./Generated_Code/Cpu.o
 .group         0x00000000        0x8 ./Generated_Code/Cpu.o
 .group         0x00000000        0x8 ./Generated_Code/Cpu.o
 .group         0x00000000        0x8 ./Generated_Code/Cpu.o
 .text          0x00000000        0x0 ./Generated_Code/Cpu.o
 .data          0x00000000        0x0 ./Generated_Code/Cpu.o
 .bss           0x00000000        0x0 ./Generated_Code/Cpu.o
 .bss.SR_lock   0x00000000        0x1 ./Generated_Code/Cpu.o
 .debug_macro   0x00000000      0x84a ./Generated_Code/Cpu.o
 .debug_macro   0x00000000       0x16 ./Generated_Code/Cpu.o
 .debug_macro   0x00000000       0x44 ./Generated_Code/Cpu.o
 .debug_macro   0x00000000      0x209 ./Generated_Code/Cpu.o
 .debug_macro   0x00000000     0x1679 ./Generated_Code/Cpu.o
 .debug_macro   0x00000000      0x14e ./Generated_Code/Cpu.o
 .debug_macro   0x00000000       0x6a ./Generated_Code/Cpu.o
 .debug_macro   0x00000000     0x9b9f ./Generated_Code/Cpu.o
 .debug_macro   0x00000000       0x94 ./Generated_Code/Cpu.o
 .debug_macro   0x00000000      0x12c ./Generated_Code/Cpu.o
 .debug_macro   0x00000000       0x9a ./Generated_Code/Cpu.o
 .debug_macro   0x00000000       0x46 ./Generated_Code/Cpu.o
 .debug_macro   0x00000000       0x26 ./Generated_Code/Cpu.o
 .debug_macro   0x00000000       0x4c ./Generated_Code/Cpu.o
 .debug_macro   0x00000000       0x26 ./Generated_Code/Cpu.o
 .debug_macro   0x00000000       0x4c ./Generated_Code/Cpu.o
 .debug_macro   0x00000000       0x26 ./Generated_Code/Cpu.o
 .debug_macro   0x00000000       0x65 ./Generated_Code/Cpu.o
 .debug_macro   0x00000000       0x11 ./Generated_Code/Cpu.o
 .debug_macro   0x00000000       0x34 ./Generated_Code/Cpu.o
 COMMON         0x00000000        0x1 ./Generated_Code/Cpu.o
 .group         0x00000000        0x8 ./Generated_Code/Digital_Input.o
 .group         0x00000000        0x8 ./Generated_Code/Digital_Input.o
 .group         0x00000000        0x8 ./Generated_Code/Digital_Input.o
 .group         0x00000000        0x8 ./Generated_Code/Digital_Input.o
 .group         0x00000000        0x8 ./Generated_Code/Digital_Input.o
 .group         0x00000000        0x8 ./Generated_Code/Digital_Input.o
 .group         0x00000000        0x8 ./Generated_Code/Digital_Input.o
 .group         0x00000000        0x8 ./Generated_Code/Digital_Input.o
 .group         0x00000000        0x8 ./Generated_Code/Digital_Input.o
 .group         0x00000000        0x8 ./Generated_Code/Digital_Input.o
 .group         0x00000000        0x8 ./Generated_Code/Digital_Input.o
 .group         0x00000000        0x8 ./Generated_Code/Digital_Input.o
 .text          0x00000000        0x0 ./Generated_Code/Digital_Input.o
 .data          0x00000000        0x0 ./Generated_Code/Digital_Input.o
 .bss           0x00000000        0x0 ./Generated_Code/Digital_Input.o
 .debug_info    0x00000000       0x7d ./Generated_Code/Digital_Input.o
 .debug_abbrev  0x00000000       0x29 ./Generated_Code/Digital_Input.o
 .debug_aranges
                0x00000000       0x18 ./Generated_Code/Digital_Input.o
 .debug_macro   0x00000000       0xb6 ./Generated_Code/Digital_Input.o
 .debug_macro   0x00000000      0x84a ./Generated_Code/Digital_Input.o
 .debug_macro   0x00000000       0x16 ./Generated_Code/Digital_Input.o
 .debug_macro   0x00000000       0x44 ./Generated_Code/Digital_Input.o
 .debug_macro   0x00000000      0x209 ./Generated_Code/Digital_Input.o
 .debug_macro   0x00000000     0x1679 ./Generated_Code/Digital_Input.o
 .debug_macro   0x00000000      0x14e ./Generated_Code/Digital_Input.o
 .debug_macro   0x00000000       0x6a ./Generated_Code/Digital_Input.o
 .debug_macro   0x00000000     0x9b9f ./Generated_Code/Digital_Input.o
 .debug_macro   0x00000000       0x94 ./Generated_Code/Digital_Input.o
 .debug_macro   0x00000000      0x12c ./Generated_Code/Digital_Input.o
 .debug_macro   0x00000000       0x9a ./Generated_Code/Digital_Input.o
 .debug_macro   0x00000000       0x2e ./Generated_Code/Digital_Input.o
 .debug_line    0x00000000      0x251 ./Generated_Code/Digital_Input.o
 .debug_str     0x00000000    0x3fc52 ./Generated_Code/Digital_Input.o
 .comment       0x00000000       0x71 ./Generated_Code/Digital_Input.o
 .ARM.attributes
                0x00000000       0x33 ./Generated_Code/Digital_Input.o
 .group         0x00000000        0x8 ./Generated_Code/Green.o
 .group         0x00000000        0x8 ./Generated_Code/Green.o
 .group         0x00000000        0x8 ./Generated_Code/Green.o
 .group         0x00000000        0x8 ./Generated_Code/Green.o
 .group         0x00000000        0x8 ./Generated_Code/Green.o
 .group         0x00000000        0x8 ./Generated_Code/Green.o
 .group         0x00000000        0x8 ./Generated_Code/Green.o
 .group         0x00000000        0x8 ./Generated_Code/Green.o
 .group         0x00000000        0x8 ./Generated_Code/Green.o
 .group         0x00000000        0x8 ./Generated_Code/Green.o
 .group         0x00000000        0x8 ./Generated_Code/Green.o
 .group         0x00000000        0x8 ./Generated_Code/Green.o
 .group         0x00000000        0x8 ./Generated_Code/Green.o
 .text          0x00000000        0x0 ./Generated_Code/Green.o
 .data          0x00000000        0x0 ./Generated_Code/Green.o
 .bss           0x00000000        0x0 ./Generated_Code/Green.o
 .debug_info    0x00000000       0x7d ./Generated_Code/Green.o
 .debug_abbrev  0x00000000       0x29 ./Generated_Code/Green.o
 .debug_aranges
                0x00000000       0x18 ./Generated_Code/Green.o
 .debug_macro   0x00000000       0xb5 ./Generated_Code/Green.o
 .debug_macro   0x00000000      0x84a ./Generated_Code/Green.o
 .debug_macro   0x00000000       0x16 ./Generated_Code/Green.o
 .debug_macro   0x00000000       0x44 ./Generated_Code/Green.o
 .debug_macro   0x00000000      0x209 ./Generated_Code/Green.o
 .debug_macro   0x00000000     0x1679 ./Generated_Code/Green.o
 .debug_macro   0x00000000      0x14e ./Generated_Code/Green.o
 .debug_macro   0x00000000       0x6a ./Generated_Code/Green.o
 .debug_macro   0x00000000     0x9b9f ./Generated_Code/Green.o
 .debug_macro   0x00000000       0x94 ./Generated_Code/Green.o
 .debug_macro   0x00000000      0x12c ./Generated_Code/Green.o
 .debug_macro   0x00000000       0x9a ./Generated_Code/Green.o
 .debug_macro   0x00000000       0x46 ./Generated_Code/Green.o
 .debug_macro   0x00000000       0x26 ./Generated_Code/Green.o
 .debug_line    0x00000000      0x241 ./Generated_Code/Green.o
 .debug_str     0x00000000    0x3fda8 ./Generated_Code/Green.o
 .comment       0x00000000       0x71 ./Generated_Code/Green.o
 .ARM.attributes
                0x00000000       0x33 ./Generated_Code/Green.o
 .group         0x00000000        0x8 ./Generated_Code/PE_LDD.o
 .group         0x00000000        0x8 ./Generated_Code/PE_LDD.o
 .group         0x00000000        0x8 ./Generated_Code/PE_LDD.o
 .group         0x00000000        0x8 ./Generated_Code/PE_LDD.o
 .group         0x00000000        0x8 ./Generated_Code/PE_LDD.o
 .group         0x00000000        0x8 ./Generated_Code/PE_LDD.o
 .group         0x00000000        0x8 ./Generated_Code/PE_LDD.o
 .group         0x00000000        0x8 ./Generated_Code/PE_LDD.o
 .group         0x00000000        0x8 ./Generated_Code/PE_LDD.o
 .group         0x00000000        0x8 ./Generated_Code/PE_LDD.o
 .group         0x00000000        0x8 ./Generated_Code/PE_LDD.o
 .group         0x00000000        0x8 ./Generated_Code/PE_LDD.o
 .group         0x00000000        0x8 ./Generated_Code/PE_LDD.o
 .group         0x00000000        0x8 ./Generated_Code/PE_LDD.o
 .group         0x00000000        0x8 ./Generated_Code/PE_LDD.o
 .group         0x00000000        0x8 ./Generated_Code/PE_LDD.o
 .group         0x00000000        0x8 ./Generated_Code/PE_LDD.o
 .group         0x00000000        0x8 ./Generated_Code/PE_LDD.o
 .group         0x00000000        0x8 ./Generated_Code/PE_LDD.o
 .group         0x00000000        0x8 ./Generated_Code/PE_LDD.o
 .text          0x00000000        0x0 ./Generated_Code/PE_LDD.o
 .data          0x00000000        0x0 ./Generated_Code/PE_LDD.o
 .bss           0x00000000        0x0 ./Generated_Code/PE_LDD.o
 .rodata.PE_CpuClockConfigurations
                0x00000000       0x28 ./Generated_Code/PE_LDD.o
 .text.PE_FillMemory
                0x00000000       0x24 ./Generated_Code/PE_LDD.o
 .text.PE_PeripheralUsed
                0x00000000       0x54 ./Generated_Code/PE_LDD.o
 .text.LDD_SetClockConfiguration
                0x00000000       0x14 ./Generated_Code/PE_LDD.o
 .debug_macro   0x00000000      0x84a ./Generated_Code/PE_LDD.o
 .debug_macro   0x00000000       0x16 ./Generated_Code/PE_LDD.o
 .debug_macro   0x00000000       0x44 ./Generated_Code/PE_LDD.o
 .debug_macro   0x00000000      0x209 ./Generated_Code/PE_LDD.o
 .debug_macro   0x00000000     0x1679 ./Generated_Code/PE_LDD.o
 .debug_macro   0x00000000      0x14e ./Generated_Code/PE_LDD.o
 .debug_macro   0x00000000       0x6a ./Generated_Code/PE_LDD.o
 .debug_macro   0x00000000     0x9b9f ./Generated_Code/PE_LDD.o
 .debug_macro   0x00000000       0x94 ./Generated_Code/PE_LDD.o
 .debug_macro   0x00000000      0x12c ./Generated_Code/PE_LDD.o
 .debug_macro   0x00000000       0x9a ./Generated_Code/PE_LDD.o
 .debug_macro   0x00000000       0x46 ./Generated_Code/PE_LDD.o
 .debug_macro   0x00000000       0x26 ./Generated_Code/PE_LDD.o
 .debug_macro   0x00000000       0x4c ./Generated_Code/PE_LDD.o
 .debug_macro   0x00000000       0x26 ./Generated_Code/PE_LDD.o
 .debug_macro   0x00000000       0x4c ./Generated_Code/PE_LDD.o
 .debug_macro   0x00000000       0x26 ./Generated_Code/PE_LDD.o
 .debug_macro   0x00000000       0x65 ./Generated_Code/PE_LDD.o
 .debug_macro   0x00000000       0x11 ./Generated_Code/PE_LDD.o
 .debug_macro   0x00000000       0x34 ./Generated_Code/PE_LDD.o
 .group         0x00000000        0x8 ./Generated_Code/Red.o
 .group         0x00000000        0x8 ./Generated_Code/Red.o
 .group         0x00000000        0x8 ./Generated_Code/Red.o
 .group         0x00000000        0x8 ./Generated_Code/Red.o
 .group         0x00000000        0x8 ./Generated_Code/Red.o
 .group         0x00000000        0x8 ./Generated_Code/Red.o
 .group         0x00000000        0x8 ./Generated_Code/Red.o
 .group         0x00000000        0x8 ./Generated_Code/Red.o
 .group         0x00000000        0x8 ./Generated_Code/Red.o
 .group         0x00000000        0x8 ./Generated_Code/Red.o
 .group         0x00000000        0x8 ./Generated_Code/Red.o
 .group         0x00000000        0x8 ./Generated_Code/Red.o
 .group         0x00000000        0x8 ./Generated_Code/Red.o
 .text          0x00000000        0x0 ./Generated_Code/Red.o
 .data          0x00000000        0x0 ./Generated_Code/Red.o
 .bss           0x00000000        0x0 ./Generated_Code/Red.o
 .debug_info    0x00000000       0x7d ./Generated_Code/Red.o
 .debug_abbrev  0x00000000       0x29 ./Generated_Code/Red.o
 .debug_aranges
                0x00000000       0x18 ./Generated_Code/Red.o
 .debug_macro   0x00000000       0xb5 ./Generated_Code/Red.o
 .debug_macro   0x00000000      0x84a ./Generated_Code/Red.o
 .debug_macro   0x00000000       0x16 ./Generated_Code/Red.o
 .debug_macro   0x00000000       0x44 ./Generated_Code/Red.o
 .debug_macro   0x00000000      0x209 ./Generated_Code/Red.o
 .debug_macro   0x00000000     0x1679 ./Generated_Code/Red.o
 .debug_macro   0x00000000      0x14e ./Generated_Code/Red.o
 .debug_macro   0x00000000       0x6a ./Generated_Code/Red.o
 .debug_macro   0x00000000     0x9b9f ./Generated_Code/Red.o
 .debug_macro   0x00000000       0x94 ./Generated_Code/Red.o
 .debug_macro   0x00000000      0x12c ./Generated_Code/Red.o
 .debug_macro   0x00000000       0x9a ./Generated_Code/Red.o
 .debug_macro   0x00000000       0x46 ./Generated_Code/Red.o
 .debug_macro   0x00000000       0x26 ./Generated_Code/Red.o
 .debug_line    0x00000000      0x23d ./Generated_Code/Red.o
 .debug_str     0x00000000    0x3fd9a ./Generated_Code/Red.o
 .comment       0x00000000       0x71 ./Generated_Code/Red.o
 .ARM.attributes
                0x00000000       0x33 ./Generated_Code/Red.o
 .group         0x00000000        0x8 ./Generated_Code/Vectors.o
 .group         0x00000000        0x8 ./Generated_Code/Vectors.o
 .group         0x00000000        0x8 ./Generated_Code/Vectors.o
 .group         0x00000000        0x8 ./Generated_Code/Vectors.o
 .group         0x00000000        0x8 ./Generated_Code/Vectors.o
 .group         0x00000000        0x8 ./Generated_Code/Vectors.o
 .group         0x00000000        0x8 ./Generated_Code/Vectors.o
 .group         0x00000000        0x8 ./Generated_Code/Vectors.o
 .group         0x00000000        0x8 ./Generated_Code/Vectors.o
 .group         0x00000000        0x8 ./Generated_Code/Vectors.o
 .group         0x00000000        0x8 ./Generated_Code/Vectors.o
 .group         0x00000000        0x8 ./Generated_Code/Vectors.o
 .group         0x00000000        0x8 ./Generated_Code/Vectors.o
 .group         0x00000000        0x8 ./Generated_Code/Vectors.o
 .group         0x00000000        0x8 ./Generated_Code/Vectors.o
 .group         0x00000000        0x8 ./Generated_Code/Vectors.o
 .group         0x00000000        0x8 ./Generated_Code/Vectors.o
 .group         0x00000000        0x8 ./Generated_Code/Vectors.o
 .group         0x00000000        0x8 ./Generated_Code/Vectors.o
 .group         0x00000000        0x8 ./Generated_Code/Vectors.o
 .text          0x00000000        0x0 ./Generated_Code/Vectors.o
 .data          0x00000000        0x0 ./Generated_Code/Vectors.o
 .bss           0x00000000        0x0 ./Generated_Code/Vectors.o
 .debug_macro   0x00000000      0x84a ./Generated_Code/Vectors.o
 .debug_macro   0x00000000       0x16 ./Generated_Code/Vectors.o
 .debug_macro   0x00000000       0x44 ./Generated_Code/Vectors.o
 .debug_macro   0x00000000      0x209 ./Generated_Code/Vectors.o
 .debug_macro   0x00000000     0x1679 ./Generated_Code/Vectors.o
 .debug_macro   0x00000000      0x14e ./Generated_Code/Vectors.o
 .debug_macro   0x00000000       0x6a ./Generated_Code/Vectors.o
 .debug_macro   0x00000000     0x9b9f ./Generated_Code/Vectors.o
 .debug_macro   0x00000000       0x94 ./Generated_Code/Vectors.o
 .debug_macro   0x00000000       0x94 ./Generated_Code/Vectors.o
 .debug_macro   0x00000000      0x12c ./Generated_Code/Vectors.o
 .debug_macro   0x00000000       0x46 ./Generated_Code/Vectors.o
 .debug_macro   0x00000000       0x26 ./Generated_Code/Vectors.o
 .debug_macro   0x00000000       0x4c ./Generated_Code/Vectors.o
 .debug_macro   0x00000000       0x26 ./Generated_Code/Vectors.o
 .debug_macro   0x00000000       0x4c ./Generated_Code/Vectors.o
 .debug_macro   0x00000000       0x26 ./Generated_Code/Vectors.o
 .debug_macro   0x00000000       0x65 ./Generated_Code/Vectors.o
 .debug_macro   0x00000000       0x11 ./Generated_Code/Vectors.o
 .debug_macro   0x00000000       0x34 ./Generated_Code/Vectors.o
 .text          0x00000000        0x0 c:/freescale/kds_3.0.0/toolchain/bin/../lib/gcc/arm-none-eabi/4.8.4/../../../../arm-none-eabi/lib/armv7e-m\libg_s.a(lib_a-exit.o)
 .data          0x00000000        0x0 c:/freescale/kds_3.0.0/toolchain/bin/../lib/gcc/arm-none-eabi/4.8.4/../../../../arm-none-eabi/lib/armv7e-m\libg_s.a(lib_a-exit.o)
 .bss           0x00000000        0x0 c:/freescale/kds_3.0.0/toolchain/bin/../lib/gcc/arm-none-eabi/4.8.4/../../../../arm-none-eabi/lib/armv7e-m\libg_s.a(lib_a-exit.o)
 .text          0x00000000        0x0 c:/freescale/kds_3.0.0/toolchain/bin/../lib/gcc/arm-none-eabi/4.8.4/../../../../arm-none-eabi/lib/armv7e-m\libg_s.a(lib_a-impure.o)
 .data          0x00000000        0x0 c:/freescale/kds_3.0.0/toolchain/bin/../lib/gcc/arm-none-eabi/4.8.4/../../../../arm-none-eabi/lib/armv7e-m\libg_s.a(lib_a-impure.o)
 .bss           0x00000000        0x0 c:/freescale/kds_3.0.0/toolchain/bin/../lib/gcc/arm-none-eabi/4.8.4/../../../../arm-none-eabi/lib/armv7e-m\libg_s.a(lib_a-impure.o)
 .data._impure_ptr
                0x00000000        0x4 c:/freescale/kds_3.0.0/toolchain/bin/../lib/gcc/arm-none-eabi/4.8.4/../../../../arm-none-eabi/lib/armv7e-m\libg_s.a(lib_a-impure.o)
 .text          0x00000000        0x0 c:/freescale/kds_3.0.0/toolchain/bin/../lib/gcc/arm-none-eabi/4.8.4/../../../../arm-none-eabi/lib/armv7e-m\libg_s.a(lib_a-init.o)
 .data          0x00000000        0x0 c:/freescale/kds_3.0.0/toolchain/bin/../lib/gcc/arm-none-eabi/4.8.4/../../../../arm-none-eabi/lib/armv7e-m\libg_s.a(lib_a-init.o)
 .bss           0x00000000        0x0 c:/freescale/kds_3.0.0/toolchain/bin/../lib/gcc/arm-none-eabi/4.8.4/../../../../arm-none-eabi/lib/armv7e-m\libg_s.a(lib_a-init.o)
 .text          0x00000000        0x0 c:/freescale/kds_3.0.0/toolchain/bin/../lib/gcc/arm-none-eabi/4.8.4/../../../../arm-none-eabi/lib/armv7e-m\libg_s.a(lib_a-memset.o)
 .data          0x00000000        0x0 c:/freescale/kds_3.0.0/toolchain/bin/../lib/gcc/arm-none-eabi/4.8.4/../../../../arm-none-eabi/lib/armv7e-m\libg_s.a(lib_a-memset.o)
 .bss           0x00000000        0x0 c:/freescale/kds_3.0.0/toolchain/bin/../lib/gcc/arm-none-eabi/4.8.4/../../../../arm-none-eabi/lib/armv7e-m\libg_s.a(lib_a-memset.o)
 .text          0x00000000        0x0 c:/freescale/kds_3.0.0/toolchain/bin/../lib/gcc/arm-none-eabi/4.8.4/../../../../arm-none-eabi/lib/armv7e-m\libg_s.a(lib_a-strlen.o)
 .data          0x00000000        0x0 c:/freescale/kds_3.0.0/toolchain/bin/../lib/gcc/arm-none-eabi/4.8.4/../../../../arm-none-eabi/lib/armv7e-m\libg_s.a(lib_a-strlen.o)
 .bss           0x00000000        0x0 c:/freescale/kds_3.0.0/toolchain/bin/../lib/gcc/arm-none-eabi/4.8.4/../../../../arm-none-eabi/lib/armv7e-m\libg_s.a(lib_a-strlen.o)
 .text          0x00000000        0x0 c:/freescale/kds_3.0.0/toolchain/bin/../lib/gcc/arm-none-eabi/4.8.4/../../../../arm-none-eabi/lib/armv7e-m\libnosys.a(_exit.o)
 .data          0x00000000        0x0 c:/freescale/kds_3.0.0/toolchain/bin/../lib/gcc/arm-none-eabi/4.8.4/../../../../arm-none-eabi/lib/armv7e-m\libnosys.a(_exit.o)
 .bss           0x00000000        0x0 c:/freescale/kds_3.0.0/toolchain/bin/../lib/gcc/arm-none-eabi/4.8.4/../../../../arm-none-eabi/lib/armv7e-m\libnosys.a(_exit.o)
 .text          0x00000000        0x0 c:/freescale/kds_3.0.0/toolchain/bin/../lib/gcc/arm-none-eabi/4.8.4/armv7e-m/crtend.o
 .data          0x00000000        0x0 c:/freescale/kds_3.0.0/toolchain/bin/../lib/gcc/arm-none-eabi/4.8.4/armv7e-m/crtend.o
 .bss           0x00000000        0x0 c:/freescale/kds_3.0.0/toolchain/bin/../lib/gcc/arm-none-eabi/4.8.4/armv7e-m/crtend.o
 .eh_frame      0x00000000        0x4 c:/freescale/kds_3.0.0/toolchain/bin/../lib/gcc/arm-none-eabi/4.8.4/armv7e-m/crtend.o
 .jcr           0x00000000        0x4 c:/freescale/kds_3.0.0/toolchain/bin/../lib/gcc/arm-none-eabi/4.8.4/armv7e-m/crtend.o
 .ARM.attributes
                0x00000000       0x2e c:/freescale/kds_3.0.0/toolchain/bin/../lib/gcc/arm-none-eabi/4.8.4/armv7e-m/crtend.o
 .text          0x00000000        0x0 c:/freescale/kds_3.0.0/toolchain/bin/../lib/gcc/arm-none-eabi/4.8.4/armv7e-m/crtn.o
 .data          0x00000000        0x0 c:/freescale/kds_3.0.0/toolchain/bin/../lib/gcc/arm-none-eabi/4.8.4/armv7e-m/crtn.o
 .bss           0x00000000        0x0 c:/freescale/kds_3.0.0/toolchain/bin/../lib/gcc/arm-none-eabi/4.8.4/armv7e-m/crtn.o

Memory Configuration

Name             Origin             Length             Attributes
m_interrupts     0x00000000         0x000000f8         xr
m_text           0x00000410         0x0001fbf0         xr
m_data           0x1fffe000         0x00002000         rw
m_data_20000000  0x20000000         0x00002000         rw
m_cfmprotrom     0x00000400         0x00000010         xr
*default*        0x00000000         0xffffffff

Linker script and memory map

LOAD c:/freescale/kds_3.0.0/toolchain/bin/../lib/gcc/arm-none-eabi/4.8.4/armv7e-m/crti.o
LOAD c:/freescale/kds_3.0.0/toolchain/bin/../lib/gcc/arm-none-eabi/4.8.4/armv7e-m/crtbegin.o
LOAD c:/freescale/kds_3.0.0/toolchain/bin/../lib/gcc/arm-none-eabi/4.8.4/../../../../arm-none-eabi/lib/armv7e-m/crt0.o
LOAD ./Sources/Events.o
LOAD ./Sources/main.o
LOAD ./Project_Settings/Startup_Code/startup.o
LOAD ./Generated_Code/AS1.o
LOAD ./Generated_Code/ASerialLdd1.o
LOAD ./Generated_Code/BitIoLdd1.o
LOAD ./Generated_Code/BitIoLdd2.o
LOAD ./Generated_Code/BitIoLdd3.o
LOAD ./Generated_Code/BitIoLdd4.o
LOAD ./Generated_Code/Blue.o
LOAD ./Generated_Code/Cpu.o
LOAD ./Generated_Code/Digital_Input.o
LOAD ./Generated_Code/Green.o
LOAD ./Generated_Code/PE_LDD.o
LOAD ./Generated_Code/Red.o
LOAD ./Generated_Code/Vectors.o
LOAD c:/freescale/kds_3.0.0/toolchain/bin/../lib/gcc/arm-none-eabi/4.8.4/../../../../arm-none-eabi/lib/armv7e-m\libstdc++_s.a
LOAD c:/freescale/kds_3.0.0/toolchain/bin/../lib/gcc/arm-none-eabi/4.8.4/../../../../arm-none-eabi/lib/armv7e-m\libm.a
START GROUP
LOAD c:/freescale/kds_3.0.0/toolchain/bin/../lib/gcc/arm-none-eabi/4.8.4/armv7e-m\libgcc.a
LOAD c:/freescale/kds_3.0.0/toolchain/bin/../lib/gcc/arm-none-eabi/4.8.4/../../../../arm-none-eabi/lib/armv7e-m\libg_s.a
LOAD c:/freescale/kds_3.0.0/toolchain/bin/../lib/gcc/arm-none-eabi/4.8.4/../../../../arm-none-eabi/lib/armv7e-m\libc_s.a
END GROUP
START GROUP
LOAD c:/freescale/kds_3.0.0/toolchain/bin/../lib/gcc/arm-none-eabi/4.8.4/armv7e-m\libgcc.a
LOAD c:/freescale/kds_3.0.0/toolchain/bin/../lib/gcc/arm-none-eabi/4.8.4/../../../../arm-none-eabi/lib/armv7e-m\libc_s.a
LOAD c:/freescale/kds_3.0.0/toolchain/bin/../lib/gcc/arm-none-eabi/4.8.4/../../../../arm-none-eabi/lib/armv7e-m\libnosys.a
END GROUP
START GROUP
LOAD c:/freescale/kds_3.0.0/toolchain/bin/../lib/gcc/arm-none-eabi/4.8.4/armv7e-m\libgcc.a
LOAD c:/freescale/kds_3.0.0/toolchain/bin/../lib/gcc/arm-none-eabi/4.8.4/../../../../arm-none-eabi/lib/armv7e-m\libc_s.a
LOAD c:/freescale/kds_3.0.0/toolchain/bin/../lib/gcc/arm-none-eabi/4.8.4/../../../../arm-none-eabi/lib/armv7e-m\libnosys.a
END GROUP
LOAD c:/freescale/kds_3.0.0/toolchain/bin/../lib/gcc/arm-none-eabi/4.8.4/armv7e-m/crtend.o
LOAD c:/freescale/kds_3.0.0/toolchain/bin/../lib/gcc/arm-none-eabi/4.8.4/armv7e-m/crtn.o
                0x20000000                _estack = 0x20000000
                0x20000000                __SP_INIT = _estack
                0x20000000                __stack = _estack
                0x00000000                __heap_size = 0x0
                0x00000400                __stack_size = 0x400

.interrupts     0x00000000       0xf8
                0x00000000                __vector_table = .
                0x00000000                . = ALIGN (0x4)
 *(.vectortable)
 .vectortable   0x00000000       0xf8 ./Generated_Code/Vectors.o
                0x00000000                __vect_table
                0x000000f8                . = ALIGN (0x4)

.cfmprotect     0x00000400       0x10
                0x00000400                . = ALIGN (0x4)
 *(.cfmconfig)
 .cfmconfig     0x00000400       0x10 ./Generated_Code/Cpu.o
                0x00000400                _cfm
                0x00000410                . = ALIGN (0x4)

.text           0x00000410      0xe14
                0x00000410                . = ALIGN (0x4)
 *(.text)
 .text          0x00000410       0x54 c:/freescale/kds_3.0.0/toolchain/bin/../lib/gcc/arm-none-eabi/4.8.4/armv7e-m/crtbegin.o
 .text          0x00000464       0x74 c:/freescale/kds_3.0.0/toolchain/bin/../lib/gcc/arm-none-eabi/4.8.4/../../../../arm-none-eabi/lib/armv7e-m/crt0.o
                0x00000464                _start
                0x00000464                _mainCRTStartup
 *(.text*)
 .text.Cpu_OnNMIINT
                0x000004d8        0xc ./Sources/Events.o
                0x000004d8                Cpu_OnNMIINT
 .text.send_string
                0x000004e4       0x3c ./Sources/main.o
                0x000004e4                send_string
 .text.main     0x00000520       0xc4 ./Sources/main.o
                0x00000520                main
 .text.__copy_rom_section
                0x000005e4       0xe4 ./Project_Settings/Startup_Code/startup.o
                0x000005e4                __copy_rom_section
 .text.__copy_rom_sections_to_ram
                0x000006c8       0x9c ./Project_Settings/Startup_Code/startup.o
                0x000006c8                __copy_rom_sections_to_ram
 .text.__init_registers
                0x00000764        0xc ./Project_Settings/Startup_Code/startup.o
                0x00000764                __init_registers
 .text.__init_user
                0x00000770        0xc ./Project_Settings/Startup_Code/startup.o
                0x00000770                __init_user
 .text.__thumb_startup
                0x0000077c       0x34 ./Project_Settings/Startup_Code/startup.o
                0x0000077c                __thumb_startup
 .text.HWEnDi   0x000007b0       0x1c ./Generated_Code/AS1.o
 .text.AS1_RecvChar
                0x000007cc       0x80 ./Generated_Code/AS1.o
                0x000007cc                AS1_RecvChar
 .text.AS1_SendChar
                0x0000084c       0x5c ./Generated_Code/AS1.o
                0x0000084c                AS1_SendChar
 .text.AS1_Init
                0x000008a8       0x24 ./Generated_Code/AS1.o
                0x000008a8                AS1_Init
 .text.ASerialLdd1_OnBreak
                0x000008cc       0x24 ./Generated_Code/AS1.o
                0x000008cc                ASerialLdd1_OnBreak
 .text.ASerialLdd1_Init
                0x000008f0      0x160 ./Generated_Code/ASerialLdd1.o
                0x000008f0                ASerialLdd1_Init
 .text.ASerialLdd1_ReceiveBlock
                0x00000a50       0x48 ./Generated_Code/ASerialLdd1.o
                0x00000a50                ASerialLdd1_ReceiveBlock
 .text.ASerialLdd1_SendBlock
                0x00000a98       0x58 ./Generated_Code/ASerialLdd1.o
                0x00000a98                ASerialLdd1_SendBlock
 .text.ASerialLdd1_GetReceivedDataNum
                0x00000af0       0x1c ./Generated_Code/ASerialLdd1.o
                0x00000af0                ASerialLdd1_GetReceivedDataNum
 .text.InterruptRx
                0x00000b0c       0x50 ./Generated_Code/ASerialLdd1.o
 .text.InterruptTx
                0x00000b5c       0x60 ./Generated_Code/ASerialLdd1.o
 .text.ASerialLdd1_Main
                0x00000bbc       0xd8 ./Generated_Code/ASerialLdd1.o
                0x00000bbc                ASerialLdd1_Main
 .text.ASerialLdd1_GetError
                0x00000c94       0x2c ./Generated_Code/ASerialLdd1.o
                0x00000c94                ASerialLdd1_GetError
 .text.BitIoLdd1_Init
                0x00000cc0       0x64 ./Generated_Code/BitIoLdd1.o
                0x00000cc0                BitIoLdd1_Init
 .text.BitIoLdd1_SetVal
                0x00000d24       0x1c ./Generated_Code/BitIoLdd1.o
                0x00000d24                BitIoLdd1_SetVal
 .text.BitIoLdd1_NegVal
                0x00000d40       0x1c ./Generated_Code/BitIoLdd1.o
                0x00000d40                BitIoLdd1_NegVal
 .text.BitIoLdd2_Init
                0x00000d5c       0x64 ./Generated_Code/BitIoLdd2.o
                0x00000d5c                BitIoLdd2_Init
 .text.BitIoLdd2_SetVal
                0x00000dc0       0x1c ./Generated_Code/BitIoLdd2.o
                0x00000dc0                BitIoLdd2_SetVal
 .text.BitIoLdd2_NegVal
                0x00000ddc       0x1c ./Generated_Code/BitIoLdd2.o
                0x00000ddc                BitIoLdd2_NegVal
 .text.BitIoLdd3_Init
                0x00000df8       0x64 ./Generated_Code/BitIoLdd3.o
                0x00000df8                BitIoLdd3_Init
 .text.BitIoLdd3_SetVal
                0x00000e5c       0x1c ./Generated_Code/BitIoLdd3.o
                0x00000e5c                BitIoLdd3_SetVal
 .text.BitIoLdd3_NegVal
                0x00000e78       0x1c ./Generated_Code/BitIoLdd3.o
                0x00000e78                BitIoLdd3_NegVal
 .text.BitIoLdd4_Init
                0x00000e94       0x58 ./Generated_Code/BitIoLdd4.o
                0x00000e94                BitIoLdd4_Init
 .text.Cpu_INT_NMIInterrupt
                0x00000eec       0x1c ./Generated_Code/Cpu.o
                0x00000eec                Cpu_INT_NMIInterrupt
 .text.Cpu_Interrupt
                0x00000f08       0x18 ./Generated_Code/Cpu.o
                0x00000f08                Cpu_Interrupt
 .text.__init_hardware
                0x00000f20      0x11c ./Generated_Code/Cpu.o
                0x00000f20                __init_hardware
 .text.Cpu_SetBASEPRI
                0x0000103c       0x18 ./Generated_Code/Cpu.o
                0x0000103c                Cpu_SetBASEPRI
 .text.PE_low_level_init
                0x00001054       0xc4 ./Generated_Code/Cpu.o
                0x00001054                PE_low_level_init
 .text.exit     0x00001118       0x28 c:/freescale/kds_3.0.0/toolchain/bin/../lib/gcc/arm-none-eabi/4.8.4/../../../../arm-none-eabi/lib/armv7e-m\libg_s.a(lib_a-exit.o)
                0x00001118                exit
 .text.__libc_init_array
                0x00001140       0x4c c:/freescale/kds_3.0.0/toolchain/bin/../lib/gcc/arm-none-eabi/4.8.4/../../../../arm-none-eabi/lib/armv7e-m\libg_s.a(lib_a-init.o)
                0x00001140                __libc_init_array
 .text.memset   0x0000118c       0x10 c:/freescale/kds_3.0.0/toolchain/bin/../lib/gcc/arm-none-eabi/4.8.4/../../../../arm-none-eabi/lib/armv7e-m\libg_s.a(lib_a-memset.o)
                0x0000118c                memset
 .text.strlen   0x0000119c       0x10 c:/freescale/kds_3.0.0/toolchain/bin/../lib/gcc/arm-none-eabi/4.8.4/../../../../arm-none-eabi/lib/armv7e-m\libg_s.a(lib_a-strlen.o)
                0x0000119c                strlen
 .text._exit    0x000011ac        0x4 c:/freescale/kds_3.0.0/toolchain/bin/../lib/gcc/arm-none-eabi/4.8.4/../../../../arm-none-eabi/lib/armv7e-m\libnosys.a(_exit.o)
                0x000011ac                _exit
 *(.rodata)
 .rodata        0x000011b0       0x54 ./Sources/main.o
 *(.rodata*)
 .rodata.str1.1
                0x00001204        0x2 c:/freescale/kds_3.0.0/toolchain/bin/../lib/gcc/arm-none-eabi/4.8.4/../../../../arm-none-eabi/lib/armv7e-m\libg_s.a(lib_a-impure.o)
 *fill*         0x00001206        0x2 
 .rodata._global_impure_ptr
                0x00001208        0x4 c:/freescale/kds_3.0.0/toolchain/bin/../lib/gcc/arm-none-eabi/4.8.4/../../../../arm-none-eabi/lib/armv7e-m\libg_s.a(lib_a-impure.o)
                0x00001208                _global_impure_ptr
 *(.glue_7)
 .glue_7        0x00000000        0x0 linker stubs
 *(.glue_7t)
 .glue_7t       0x00000000        0x0 linker stubs
 *(.eh_frame)
 .eh_frame      0x0000120c        0x0 c:/freescale/kds_3.0.0/toolchain/bin/../lib/gcc/arm-none-eabi/4.8.4/armv7e-m/crtbegin.o
 *(.init)
 .init          0x0000120c        0x4 c:/freescale/kds_3.0.0/toolchain/bin/../lib/gcc/arm-none-eabi/4.8.4/armv7e-m/crti.o
                0x0000120c                _init
 .init          0x00001210        0x8 c:/freescale/kds_3.0.0/toolchain/bin/../lib/gcc/arm-none-eabi/4.8.4/armv7e-m/crtn.o
 *(.fini)
 .fini          0x00001218        0x4 c:/freescale/kds_3.0.0/toolchain/bin/../lib/gcc/arm-none-eabi/4.8.4/armv7e-m/crti.o
                0x00001218                _fini
 .fini          0x0000121c        0x8 c:/freescale/kds_3.0.0/toolchain/bin/../lib/gcc/arm-none-eabi/4.8.4/armv7e-m/crtn.o
                0x00001224                . = ALIGN (0x4)
                0x00001224                _etext = .

.vfp11_veneer   0x00001224        0x0
 .vfp11_veneer  0x00000000        0x0 linker stubs

.v4_bx          0x00001224        0x0
 .v4_bx         0x00000000        0x0 linker stubs

.iplt           0x00001224        0x0
 .iplt          0x00000000        0x0 c:/freescale/kds_3.0.0/toolchain/bin/../lib/gcc/arm-none-eabi/4.8.4/armv7e-m/crtbegin.o

.ARM.extab
 *(.ARM.extab* .gnu.linkonce.armextab.*)

.ARM            0x00001224        0x8
                0x00001224                __exidx_start = .
 *(.ARM.exidx*)
 .ARM.exidx     0x00001224        0x8 c:/freescale/kds_3.0.0/toolchain/bin/../lib/gcc/arm-none-eabi/4.8.4/../../../../arm-none-eabi/lib/armv7e-m/crt0.o
                0x0000122c                __exidx_end = .

.rel.dyn        0x0000122c        0x0
 .rel.iplt      0x00000000        0x0 c:/freescale/kds_3.0.0/toolchain/bin/../lib/gcc/arm-none-eabi/4.8.4/armv7e-m/crtbegin.o

.ctors          0x0000122c        0x0
                0x0000122c                __CTOR_LIST__ = .
 *crtbegin.o(.ctors)
 *(EXCLUDE_FILE(*crtend.o) .ctors)
 *(SORT(.ctors.*))
 *(.ctors)
                0x0000122c                __CTOR_END__ = .

.dtors          0x0000122c        0x0
                0x0000122c                __DTOR_LIST__ = .
 *crtbegin.o(.dtors)
 *(EXCLUDE_FILE(*crtend.o) .dtors)
 *(SORT(.dtors.*))
 *(.dtors)
                0x0000122c                __DTOR_END__ = .

.preinit_array  0x0000122c        0x0
                0x0000122c                PROVIDE (__preinit_array_start, .)
 *(.preinit_array*)
                0x0000122c                PROVIDE (__preinit_array_end, .)

.init_array     0x0000122c        0x4
                0x0000122c                PROVIDE (__init_array_start, .)
 *(SORT(.init_array.*))
 *(.init_array*)
 .init_array    0x0000122c        0x4 c:/freescale/kds_3.0.0/toolchain/bin/../lib/gcc/arm-none-eabi/4.8.4/armv7e-m/crtbegin.o
                0x00001230                PROVIDE (__init_array_end, .)

.fini_array     0x00001230        0x4
                0x00001230                PROVIDE (__fini_array_start, .)
 *(SORT(.fini_array.*))
 *(.fini_array*)
 .fini_array    0x00001230        0x4 c:/freescale/kds_3.0.0/toolchain/bin/../lib/gcc/arm-none-eabi/4.8.4/armv7e-m/crtbegin.o
                0x00001234                PROVIDE (__fini_array_end, .)
                0x00001234                ___ROM_AT = .

.data           0x1fffe000       0x60 load address 0x00001234
                0x1fffe000                . = ALIGN (0x4)
                0x1fffe000                _sdata = .
 *(.data)
 *(.data*)
 .data.impure_data
                0x1fffe000       0x60 c:/freescale/kds_3.0.0/toolchain/bin/../lib/gcc/arm-none-eabi/4.8.4/../../../../arm-none-eabi/lib/armv7e-m\libg_s.a(lib_a-impure.o)
                0x1fffe060                . = ALIGN (0x4)
                0x1fffe060                _edata = .
                0x00000060                ___data_size = (_edata - _sdata)
                0x00001294                ___m_data_20000000_ROMStart = (___ROM_AT + SIZEOF (.data))

.jcr            0x1fffe060        0x0 load address 0x00001294
 .jcr           0x1fffe060        0x0 c:/freescale/kds_3.0.0/toolchain/bin/../lib/gcc/arm-none-eabi/4.8.4/armv7e-m/crtbegin.o

.igot.plt       0x1fffe060        0x0 load address 0x00001294
 .igot.plt      0x00000000        0x0 c:/freescale/kds_3.0.0/toolchain/bin/../lib/gcc/arm-none-eabi/4.8.4/armv7e-m/crtbegin.o

.m_data_20000000
                0x20000000        0x0 load address 0x00001294
                0x20000000                . = ALIGN (0x4)
                0x20000000                ___m_data_20000000_RAMStart = .
 *(.m_data_20000000)
                0x20000000                ___m_data_20000000_RAMEnd = .
                0x20000000                . = ALIGN (0x4)
                0x00000000                ___m_data_20000000_ROMSize = (___m_data_20000000_RAMEnd - ___m_data_20000000_RAMStart)
                0x20000000                . = ALIGN (0x4)

.bss            0x1fffe060       0x68 load address 0x00001294
                0x1fffe060                __START_BSS = .
                0x1fffe060                PROVIDE (__bss_start__, __START_BSS)
 *(.bss)
 .bss           0x1fffe060       0x1c c:/freescale/kds_3.0.0/toolchain/bin/../lib/gcc/arm-none-eabi/4.8.4/armv7e-m/crtbegin.o
 *(.bss*)
 .bss.SerFlag   0x1fffe07c        0x2 ./Generated_Code/AS1.o
 .bss.BufferRead
                0x1fffe07e        0x1 ./Generated_Code/AS1.o
 .bss.OutBuffer
                0x1fffe07f        0x1 ./Generated_Code/AS1.o
 .bss.DeviceDataPrv__DEFAULT_RTOS_ALLOC
                0x1fffe080       0x20 ./Generated_Code/ASerialLdd1.o
 .bss.DeviceDataPrv__DEFAULT_RTOS_ALLOC
                0x1fffe0a0        0x4 ./Generated_Code/BitIoLdd1.o
 .bss.DeviceDataPrv__DEFAULT_RTOS_ALLOC
                0x1fffe0a4        0x4 ./Generated_Code/BitIoLdd2.o
 .bss.DeviceDataPrv__DEFAULT_RTOS_ALLOC
                0x1fffe0a8        0x4 ./Generated_Code/BitIoLdd3.o
 .bss.DeviceDataPrv__DEFAULT_RTOS_ALLOC
                0x1fffe0ac        0x4 ./Generated_Code/BitIoLdd4.o
 .bss.PE_LDD_DeviceDataList
                0x1fffe0b0       0x14 ./Generated_Code/PE_LDD.o
                0x1fffe0b0                PE_LDD_DeviceDataList
 *(COMMON)
 COMMON         0x1fffe0c4        0x4 ./Generated_Code/AS1.o
                0x1fffe0c4                ASerialLdd1_DeviceDataPtr
                0x1fffe0c8                . = ALIGN (0x4)
                0x1fffe0c8                __END_BSS = .
                0x1fffe0c8                PROVIDE (__bss_end__, __END_BSS)
                0x00001294                _romp_at = ((___ROM_AT + SIZEOF (.data)) + SIZEOF (.m_data_20000000))

.romp           0x1fffe0c8       0x24 load address 0x00001294
                0x00001294                __S_romp = _romp_at
                0x1fffe0c8        0x4 LONG 0x1234 ___ROM_AT
                0x1fffe0cc        0x4 LONG 0x1fffe000 _sdata
                0x1fffe0d0        0x4 LONG 0x60 ___data_size
                0x1fffe0d4        0x4 LONG 0x1294 ___m_data_20000000_ROMStart
                0x1fffe0d8        0x4 LONG 0x20000000 ___m_data_20000000_RAMStart
                0x1fffe0dc        0x4 LONG 0x0 ___m_data_20000000_ROMSize
                0x1fffe0e0        0x4 LONG 0x0
                0x1fffe0e4        0x4 LONG 0x0
                0x1fffe0e8        0x4 LONG 0x0

._user_heap_stack
                0x1fffe0ec      0x400 load address 0x000012b8
                0x1fffe0ec                . = ALIGN (0x4)
                0x1fffe0ec                PROVIDE (end, .)
                0x1fffe0ec                PROVIDE (_end, .)
                0x1fffe0ec                __heap_addr = .
                0x1fffe0ec                __HeapBase = .
                0x1fffe0ec                . = (. + __heap_size)
                0x1fffe0ec                __HeapLimit = .
                0x1fffe4ec                . = (. + __stack_size)
 *fill*         0x1fffe0ec      0x400 
                0x1fffe4ec                . = ALIGN (0x4)

.ARM.attributes
                0x00000000       0x2a
 *(.ARM.attributes)
 .ARM.attributes
                0x00000000       0x1e c:/freescale/kds_3.0.0/toolchain/bin/../lib/gcc/arm-none-eabi/4.8.4/armv7e-m/crti.o
 .ARM.attributes
                0x0000001e       0x2e c:/freescale/kds_3.0.0/toolchain/bin/../lib/gcc/arm-none-eabi/4.8.4/armv7e-m/crtbegin.o
 .ARM.attributes
                0x0000004c       0x1c c:/freescale/kds_3.0.0/toolchain/bin/../lib/gcc/arm-none-eabi/4.8.4/../../../../arm-none-eabi/lib/armv7e-m/crt0.o
 .ARM.attributes
                0x00000068       0x33 ./Sources/Events.o
 .ARM.attributes
                0x0000009b       0x33 ./Sources/main.o
 .ARM.attributes
                0x000000ce       0x33 ./Project_Settings/Startup_Code/startup.o
 .ARM.attributes
                0x00000101       0x33 ./Generated_Code/AS1.o
 .ARM.attributes
                0x00000134       0x33 ./Generated_Code/ASerialLdd1.o
 .ARM.attributes
                0x00000167       0x33 ./Generated_Code/BitIoLdd1.o
 .ARM.attributes
                0x0000019a       0x33 ./Generated_Code/BitIoLdd2.o
 .ARM.attributes
                0x000001cd       0x33 ./Generated_Code/BitIoLdd3.o
 .ARM.attributes
                0x00000200       0x33 ./Generated_Code/BitIoLdd4.o
 .ARM.attributes
                0x00000233       0x33 ./Generated_Code/Cpu.o
 .ARM.attributes
                0x00000266       0x33 ./Generated_Code/PE_LDD.o
 .ARM.attributes
                0x00000299       0x33 ./Generated_Code/Vectors.o
 .ARM.attributes
                0x000002cc       0x2e c:/freescale/kds_3.0.0/toolchain/bin/../lib/gcc/arm-none-eabi/4.8.4/../../../../arm-none-eabi/lib/armv7e-m\libg_s.a(lib_a-exit.o)
 .ARM.attributes
                0x000002fa       0x2e c:/freescale/kds_3.0.0/toolchain/bin/../lib/gcc/arm-none-eabi/4.8.4/../../../../arm-none-eabi/lib/armv7e-m\libg_s.a(lib_a-impure.o)
 .ARM.attributes
                0x00000328       0x2e c:/freescale/kds_3.0.0/toolchain/bin/../lib/gcc/arm-none-eabi/4.8.4/../../../../arm-none-eabi/lib/armv7e-m\libg_s.a(lib_a-init.o)
 .ARM.attributes
                0x00000356       0x2e c:/freescale/kds_3.0.0/toolchain/bin/../lib/gcc/arm-none-eabi/4.8.4/../../../../arm-none-eabi/lib/armv7e-m\libg_s.a(lib_a-memset.o)
 .ARM.attributes
                0x00000384       0x2e c:/freescale/kds_3.0.0/toolchain/bin/../lib/gcc/arm-none-eabi/4.8.4/../../../../arm-none-eabi/lib/armv7e-m\libg_s.a(lib_a-strlen.o)
 .ARM.attributes
                0x000003b2       0x2e c:/freescale/kds_3.0.0/toolchain/bin/../lib/gcc/arm-none-eabi/4.8.4/../../../../arm-none-eabi/lib/armv7e-m\libnosys.a(_exit.o)
 .ARM.attributes
                0x000003e0       0x1e c:/freescale/kds_3.0.0/toolchain/bin/../lib/gcc/arm-none-eabi/4.8.4/armv7e-m/crtn.o
OUTPUT(Lab4.elf elf32-littlearm)

.debug_info     0x00000000     0x29f8
 .debug_info    0x00000000       0x96 ./Sources/Events.o
 .debug_info    0x00000096      0x13c ./Sources/main.o
 .debug_info    0x000001d2      0x20a ./Project_Settings/Startup_Code/startup.o
 .debug_info    0x000003dc      0x222 ./Generated_Code/AS1.o
 .debug_info    0x000005fe      0x976 ./Generated_Code/ASerialLdd1.o
 .debug_info    0x00000f74      0x377 ./Generated_Code/BitIoLdd1.o
 .debug_info    0x000012eb      0x377 ./Generated_Code/BitIoLdd2.o
 .debug_info    0x00001662      0x377 ./Generated_Code/BitIoLdd3.o
 .debug_info    0x000019d9      0x2d7 ./Generated_Code/BitIoLdd4.o
 .debug_info    0x00001cb0      0x9e9 ./Generated_Code/Cpu.o
 .debug_info    0x00002699      0x251 ./Generated_Code/PE_LDD.o
 .debug_info    0x000028ea      0x10e ./Generated_Code/Vectors.o

.debug_abbrev   0x00000000      0xd7f
 .debug_abbrev  0x00000000       0x45 ./Sources/Events.o
 .debug_abbrev  0x00000045       0xef ./Sources/main.o
 .debug_abbrev  0x00000134      0x11e ./Project_Settings/Startup_Code/startup.o
 .debug_abbrev  0x00000252      0x117 ./Generated_Code/AS1.o
 .debug_abbrev  0x00000369      0x1c3 ./Generated_Code/ASerialLdd1.o
 .debug_abbrev  0x0000052c      0x15f ./Generated_Code/BitIoLdd1.o
 .debug_abbrev  0x0000068b      0x15f ./Generated_Code/BitIoLdd2.o
 .debug_abbrev  0x000007ea      0x15f ./Generated_Code/BitIoLdd3.o
 .debug_abbrev  0x00000949      0x10d ./Generated_Code/BitIoLdd4.o
 .debug_abbrev  0x00000a56      0x178 ./Generated_Code/Cpu.o
 .debug_abbrev  0x00000bce      0x10d ./Generated_Code/PE_LDD.o
 .debug_abbrev  0x00000cdb       0xa4 ./Generated_Code/Vectors.o

.debug_aranges  0x00000000      0x2d0
 .debug_aranges
                0x00000000       0x20 ./Sources/Events.o
 .debug_aranges
                0x00000020       0x28 ./Sources/main.o
 .debug_aranges
                0x00000048       0x50 ./Project_Settings/Startup_Code/startup.o
 .debug_aranges
                0x00000098       0x50 ./Generated_Code/AS1.o
 .debug_aranges
                0x000000e8       0x60 ./Generated_Code/ASerialLdd1.o
 .debug_aranges
                0x00000148       0x48 ./Generated_Code/BitIoLdd1.o
 .debug_aranges
                0x00000190       0x48 ./Generated_Code/BitIoLdd2.o
 .debug_aranges
                0x000001d8       0x48 ./Generated_Code/BitIoLdd3.o
 .debug_aranges
                0x00000220       0x28 ./Generated_Code/BitIoLdd4.o
 .debug_aranges
                0x00000248       0x40 ./Generated_Code/Cpu.o
 .debug_aranges
                0x00000288       0x30 ./Generated_Code/PE_LDD.o
 .debug_aranges
                0x000002b8       0x18 ./Generated_Code/Vectors.o

.debug_ranges   0x00000000      0x208
 .debug_ranges  0x00000000       0x10 ./Sources/Events.o
 .debug_ranges  0x00000010       0x18 ./Sources/main.o
 .debug_ranges  0x00000028       0x40 ./Project_Settings/Startup_Code/startup.o
 .debug_ranges  0x00000068       0x40 ./Generated_Code/AS1.o
 .debug_ranges  0x000000a8       0x50 ./Generated_Code/ASerialLdd1.o
 .debug_ranges  0x000000f8       0x38 ./Generated_Code/BitIoLdd1.o
 .debug_ranges  0x00000130       0x38 ./Generated_Code/BitIoLdd2.o
 .debug_ranges  0x00000168       0x38 ./Generated_Code/BitIoLdd3.o
 .debug_ranges  0x000001a0       0x18 ./Generated_Code/BitIoLdd4.o
 .debug_ranges  0x000001b8       0x30 ./Generated_Code/Cpu.o
 .debug_ranges  0x000001e8       0x20 ./Generated_Code/PE_LDD.o

.debug_macro    0x00000000    0x187a6
 .debug_macro   0x00000000      0x14e ./Sources/Events.o
 .debug_macro   0x0000014e      0x84a ./Sources/Events.o
 .debug_macro   0x00000998       0x16 ./Sources/Events.o
 .debug_macro   0x000009ae       0x44 ./Sources/Events.o
 .debug_macro   0x000009f2      0x209 ./Sources/Events.o
 .debug_macro   0x00000bfb     0x1679 ./Sources/Events.o
 .debug_macro   0x00002274      0x14e ./Sources/Events.o
 .debug_macro   0x000023c2       0x6a ./Sources/Events.o
 .debug_macro   0x0000242c     0x9b9f ./Sources/Events.o
 .debug_macro   0x0000bfcb       0x94 ./Sources/Events.o
 .debug_macro   0x0000c05f       0x94 ./Sources/Events.o
 .debug_macro   0x0000c0f3      0x12c ./Sources/Events.o
 .debug_macro   0x0000c21f       0x46 ./Sources/Events.o
 .debug_macro   0x0000c265       0x26 ./Sources/Events.o
 .debug_macro   0x0000c28b       0x4c ./Sources/Events.o
 .debug_macro   0x0000c2d7       0x26 ./Sources/Events.o
 .debug_macro   0x0000c2fd       0x4c ./Sources/Events.o
 .debug_macro   0x0000c349       0x26 ./Sources/Events.o
 .debug_macro   0x0000c36f       0x65 ./Sources/Events.o
 .debug_macro   0x0000c3d4       0x11 ./Sources/Events.o
 .debug_macro   0x0000c3e5       0x34 ./Sources/Events.o
 .debug_macro   0x0000c419      0x14e ./Sources/main.o
 .debug_macro   0x0000c567      0x121 ./Project_Settings/Startup_Code/startup.o
 .debug_macro   0x0000c688       0x58 ./Project_Settings/Startup_Code/startup.o
 .debug_macro   0x0000c6e0       0x35 ./Project_Settings/Startup_Code/startup.o
 .debug_macro   0x0000c715       0xa3 ./Project_Settings/Startup_Code/startup.o
 .debug_macro   0x0000c7b8      0x166 ./Project_Settings/Startup_Code/startup.o
 .debug_macro   0x0000c91e       0x4a ./Project_Settings/Startup_Code/startup.o
 .debug_macro   0x0000c968       0x52 ./Project_Settings/Startup_Code/startup.o
 .debug_macro   0x0000c9ba       0x16 ./Project_Settings/Startup_Code/startup.o
 .debug_macro   0x0000c9d0       0x43 ./Project_Settings/Startup_Code/startup.o
 .debug_macro   0x0000ca13      0x180 ./Project_Settings/Startup_Code/startup.o
 .debug_macro   0x0000cb93      0x2a6 ./Project_Settings/Startup_Code/startup.o
 .debug_macro   0x0000ce39       0x10 ./Project_Settings/Startup_Code/startup.o
 .debug_macro   0x0000ce49       0x35 ./Project_Settings/Startup_Code/startup.o
 .debug_macro   0x0000ce7e       0x16 ./Project_Settings/Startup_Code/startup.o
 .debug_macro   0x0000ce94       0x22 ./Project_Settings/Startup_Code/startup.o
 .debug_macro   0x0000ceb6       0x10 ./Project_Settings/Startup_Code/startup.o
 .debug_macro   0x0000cec6      0x20f ./Project_Settings/Startup_Code/startup.o
 .debug_macro   0x0000d0d5     0x9b93 ./Project_Settings/Startup_Code/startup.o
 .debug_macro   0x00016c68       0xdf ./Generated_Code/AS1.o
 .debug_macro   0x00016d47       0x5f ./Generated_Code/AS1.o
 .debug_macro   0x00016da6       0xc5 ./Generated_Code/ASerialLdd1.o
 .debug_macro   0x00016e6b       0x17 ./Generated_Code/ASerialLdd1.o
 .debug_macro   0x00016e82      0x7ab ./Generated_Code/ASerialLdd1.o
 .debug_macro   0x0001762d      0x9b1 ./Generated_Code/ASerialLdd1.o
 .debug_macro   0x00017fde       0xa6 ./Generated_Code/BitIoLdd1.o
 .debug_macro   0x00018084       0x9a ./Generated_Code/BitIoLdd1.o
 .debug_macro   0x0001811e       0xa6 ./Generated_Code/BitIoLdd2.o
 .debug_macro   0x000181c4       0x46 ./Generated_Code/BitIoLdd2.o
 .debug_macro   0x0001820a       0xa6 ./Generated_Code/BitIoLdd3.o
 .debug_macro   0x000182b0       0x46 ./Generated_Code/BitIoLdd3.o
 .debug_macro   0x000182f6       0xa6 ./Generated_Code/BitIoLdd4.o
 .debug_macro   0x0001839c       0x2e ./Generated_Code/BitIoLdd4.o
 .debug_macro   0x000183ca      0x15e ./Generated_Code/Cpu.o
 .debug_macro   0x00018528      0x120 ./Generated_Code/PE_LDD.o
 .debug_macro   0x00018648      0x15e ./Generated_Code/Vectors.o

.debug_line     0x00000000     0x252d
 .debug_line    0x00000000      0x2ec ./Sources/Events.o
 .debug_line    0x000002ec      0x334 ./Sources/main.o
 .debug_line    0x00000620      0x3b0 ./Project_Settings/Startup_Code/startup.o
 .debug_line    0x000009d0      0x28c ./Generated_Code/AS1.o
 .debug_line    0x00000c5c      0x351 ./Generated_Code/ASerialLdd1.o
 .debug_line    0x00000fad      0x2af ./Generated_Code/BitIoLdd1.o
 .debug_line    0x0000125c      0x2af ./Generated_Code/BitIoLdd2.o
 .debug_line    0x0000150b      0x2af ./Generated_Code/BitIoLdd3.o
 .debug_line    0x000017ba      0x264 ./Generated_Code/BitIoLdd4.o
 .debug_line    0x00001a1e      0x448 ./Generated_Code/Cpu.o
 .debug_line    0x00001e66      0x305 ./Generated_Code/PE_LDD.o
 .debug_line    0x0000216b      0x3c2 ./Generated_Code/Vectors.o

.debug_str      0x00000000    0x51be9
 .debug_str     0x00000000    0x40606 ./Sources/Events.o
                              0x40750 (size before relaxing)
 .debug_str     0x00040606       0x5e ./Sources/main.o
                              0x40794 (size before relaxing)
 .debug_str     0x00040664     0x2615 ./Project_Settings/Startup_Code/startup.o
                              0x3a1c1 (size before relaxing)
 .debug_str     0x00042c79      0x1d5 ./Generated_Code/AS1.o
                              0x3f156 (size before relaxing)
 .debug_str     0x00042e4e     0xe6a7 ./Generated_Code/ASerialLdd1.o
                              0x4dbeb (size before relaxing)
 .debug_str     0x000514f5       0xf8 ./Generated_Code/BitIoLdd1.o
                              0x3fe4e (size before relaxing)
 .debug_str     0x000515ed       0xb1 ./Generated_Code/BitIoLdd2.o
                              0x3fe4e (size before relaxing)
 .debug_str     0x0005169e       0xb1 ./Generated_Code/BitIoLdd3.o
                              0x3fe4e (size before relaxing)
 .debug_str     0x0005174f       0x6d ./Generated_Code/BitIoLdd4.o
                              0x3fd86 (size before relaxing)
 .debug_str     0x000517bc      0x293 ./Generated_Code/Cpu.o
                              0x40b0d (size before relaxing)
 .debug_str     0x00051a4f      0x17e ./Generated_Code/PE_LDD.o
                              0x40905 (size before relaxing)
 .debug_str     0x00051bcd       0x1c ./Generated_Code/Vectors.o
                              0x40798 (size before relaxing)

.comment        0x00000000       0x70
 .comment       0x00000000       0x70 ./Sources/Events.o
                                 0x71 (size before relaxing)
 .comment       0x00000000       0x71 ./Sources/main.o
 .comment       0x00000000       0x71 ./Project_Settings/Startup_Code/startup.o
 .comment       0x00000000       0x71 ./Generated_Code/AS1.o
 .comment       0x00000000       0x71 ./Generated_Code/ASerialLdd1.o
 .comment       0x00000000       0x71 ./Generated_Code/BitIoLdd1.o
 .comment       0x00000000       0x71 ./Generated_Code/BitIoLdd2.o
 .comment       0x00000000       0x71 ./Generated_Code/BitIoLdd3.o
 .comment       0x00000000       0x71 ./Generated_Code/BitIoLdd4.o
 .comment       0x00000000       0x71 ./Generated_Code/Cpu.o
 .comment       0x00000000       0x71 ./Generated_Code/PE_LDD.o
 .comment       0x00000000       0x71 ./Generated_Code/Vectors.o

.debug_frame    0x00000000      0x75c
 .debug_frame   0x00000000       0x28 ./Sources/Events.o
 .debug_frame   0x00000028       0x50 ./Sources/main.o
 .debug_frame   0x00000078       0xc0 ./Project_Settings/Startup_Code/startup.o
 .debug_frame   0x00000138       0xdc ./Generated_Code/AS1.o
 .debug_frame   0x00000214      0x11c ./Generated_Code/ASerialLdd1.o
 .debug_frame   0x00000330       0xb8 ./Generated_Code/BitIoLdd1.o
 .debug_frame   0x000003e8       0xb8 ./Generated_Code/BitIoLdd2.o
 .debug_frame   0x000004a0       0xb8 ./Generated_Code/BitIoLdd3.o
 .debug_frame   0x00000558       0x48 ./Generated_Code/BitIoLdd4.o
 .debug_frame   0x000005a0       0xa4 ./Generated_Code/Cpu.o
 .debug_frame   0x00000644       0x64 ./Generated_Code/PE_LDD.o
 .debug_frame   0x000006a8       0x28 c:/freescale/kds_3.0.0/toolchain/bin/../lib/gcc/arm-none-eabi/4.8.4/../../../../arm-none-eabi/lib/armv7e-m\libg_s.a(lib_a-exit.o)
 .debug_frame   0x000006d0       0x2c c:/freescale/kds_3.0.0/toolchain/bin/../lib/gcc/arm-none-eabi/4.8.4/../../../../arm-none-eabi/lib/armv7e-m\libg_s.a(lib_a-init.o)
 .debug_frame   0x000006fc       0x20 c:/freescale/kds_3.0.0/toolchain/bin/../lib/gcc/arm-none-eabi/4.8.4/../../../../arm-none-eabi/lib/armv7e-m\libg_s.a(lib_a-memset.o)
 .debug_frame   0x0000071c       0x20 c:/freescale/kds_3.0.0/toolchain/bin/../lib/gcc/arm-none-eabi/4.8.4/../../../../arm-none-eabi/lib/armv7e-m\libg_s.a(lib_a-strlen.o)
 .debug_frame   0x0000073c       0x20 c:/freescale/kds_3.0.0/toolchain/bin/../lib/gcc/arm-none-eabi/4.8.4/../../../../arm-none-eabi/lib/armv7e-m\libnosys.a(_exit.o)
