Archive member included because of file (symbol)

c:/freescale/kds_3.0.0/toolchain/bin/../lib/gcc/arm-none-eabi/4.8.4/armv7e-m\libgcc.a(_arm_addsubdf3.o)
                              ./Sources/main.o (__aeabi_dsub)
c:/freescale/kds_3.0.0/toolchain/bin/../lib/gcc/arm-none-eabi/4.8.4/armv7e-m\libgcc.a(_arm_muldivdf3.o)
                              ./Sources/main.o (__aeabi_dmul)
c:/freescale/kds_3.0.0/toolchain/bin/../lib/gcc/arm-none-eabi/4.8.4/armv7e-m\libgcc.a(_arm_fixdfsi.o)
                              ./Sources/main.o (__aeabi_d2iz)
c:/freescale/kds_3.0.0/toolchain/bin/../lib/gcc/arm-none-eabi/4.8.4/armv7e-m\libgcc.a(_arm_addsubsf3.o)
                              ./Generated_Code/PwmLdd1.o (__aeabi_i2f)
c:/freescale/kds_3.0.0/toolchain/bin/../lib/gcc/arm-none-eabi/4.8.4/armv7e-m\libgcc.a(_arm_muldivsf3.o)
                              ./Generated_Code/PwmLdd1.o (__aeabi_fmul)
c:/freescale/kds_3.0.0/toolchain/bin/../lib/gcc/arm-none-eabi/4.8.4/armv7e-m\libgcc.a(_arm_cmpsf2.o)
                              ./Generated_Code/PwmLdd1.o (__aeabi_fcmpgt)
c:/freescale/kds_3.0.0/toolchain/bin/../lib/gcc/arm-none-eabi/4.8.4/armv7e-m\libgcc.a(_arm_fixunssfsi.o)
                              ./Generated_Code/PwmLdd1.o (__aeabi_f2uiz)
c:/freescale/kds_3.0.0/toolchain/bin/../lib/gcc/arm-none-eabi/4.8.4/../../../../arm-none-eabi/lib/armv7e-m\libg_s.a(lib_a-exit.o)
                              c:/freescale/kds_3.0.0/toolchain/bin/../lib/gcc/arm-none-eabi/4.8.4/../../../../arm-none-eabi/lib/armv7e-m/crt0.o (exit)
c:/freescale/kds_3.0.0/toolchain/bin/../lib/gcc/arm-none-eabi/4.8.4/../../../../arm-none-eabi/lib/armv7e-m\libg_s.a(lib_a-impure.o)
                              c:/freescale/kds_3.0.0/toolchain/bin/../lib/gcc/arm-none-eabi/4.8.4/../../../../arm-none-eabi/lib/armv7e-m\libg_s.a(lib_a-exit.o) (_global_impure_ptr)
c:/freescale/kds_3.0.0/toolchain/bin/../lib/gcc/arm-none-eabi/4.8.4/../../../../arm-none-eabi/lib/armv7e-m\libg_s.a(lib_a-init.o)
                              c:/freescale/kds_3.0.0/toolchain/bin/../lib/gcc/arm-none-eabi/4.8.4/../../../../arm-none-eabi/lib/armv7e-m/crt0.o (__libc_init_array)
c:/freescale/kds_3.0.0/toolchain/bin/../lib/gcc/arm-none-eabi/4.8.4/../../../../arm-none-eabi/lib/armv7e-m\libg_s.a(lib_a-memset.o)
                              c:/freescale/kds_3.0.0/toolchain/bin/../lib/gcc/arm-none-eabi/4.8.4/../../../../arm-none-eabi/lib/armv7e-m/crt0.o (memset)
c:/freescale/kds_3.0.0/toolchain/bin/../lib/gcc/arm-none-eabi/4.8.4/../../../../arm-none-eabi/lib/armv7e-m\libnosys.a(_exit.o)
                              c:/freescale/kds_3.0.0/toolchain/bin/../lib/gcc/arm-none-eabi/4.8.4/../../../../arm-none-eabi/lib/armv7e-m\libg_s.a(lib_a-exit.o) (_exit)

Allocating common symbols
Common symbol       size              file

ASerialLdd1_DeviceDataPtr
                    0x4               ./Generated_Code/Inhr1.o
AD1_OutV            0x2               ./Generated_Code/AD1.o
AdcLdd1_DeviceDataPtr
                    0x4               ./Generated_Code/AD1.o
SR_reg              0x1               ./Generated_Code/Cpu.o

Discarded input sections

 .text          0x00000000        0x0 c:/freescale/kds_3.0.0/toolchain/bin/../lib/gcc/arm-none-eabi/4.8.4/armv7e-m/crti.o
 .data          0x00000000        0x0 c:/freescale/kds_3.0.0/toolchain/bin/../lib/gcc/arm-none-eabi/4.8.4/armv7e-m/crti.o
 .bss           0x00000000        0x0 c:/freescale/kds_3.0.0/toolchain/bin/../lib/gcc/arm-none-eabi/4.8.4/armv7e-m/crti.o
 .data          0x00000000        0x4 c:/freescale/kds_3.0.0/toolchain/bin/../lib/gcc/arm-none-eabi/4.8.4/armv7e-m/crtbegin.o
 .data          0x00000000        0x0 c:/freescale/kds_3.0.0/toolchain/bin/../lib/gcc/arm-none-eabi/4.8.4/../../../../arm-none-eabi/lib/armv7e-m/crt0.o
 .bss           0x00000000        0x0 c:/freescale/kds_3.0.0/toolchain/bin/../lib/gcc/arm-none-eabi/4.8.4/../../../../arm-none-eabi/lib/armv7e-m/crt0.o
 .ARM.extab     0x00000000        0x0 c:/freescale/kds_3.0.0/toolchain/bin/../lib/gcc/arm-none-eabi/4.8.4/../../../../arm-none-eabi/lib/armv7e-m/crt0.o
 .group         0x00000000        0x8 ./Sources/Events.o
 .group         0x00000000        0x8 ./Sources/Events.o
 .group         0x00000000        0x8 ./Sources/Events.o
 .group         0x00000000        0x8 ./Sources/Events.o
 .group         0x00000000        0x8 ./Sources/Events.o
 .group         0x00000000        0x8 ./Sources/Events.o
 .group         0x00000000        0x8 ./Sources/Events.o
 .group         0x00000000        0x8 ./Sources/Events.o
 .group         0x00000000        0x8 ./Sources/Events.o
 .group         0x00000000        0x8 ./Sources/Events.o
 .group         0x00000000        0x8 ./Sources/Events.o
 .group         0x00000000        0x8 ./Sources/Events.o
 .group         0x00000000        0x8 ./Sources/Events.o
 .group         0x00000000        0x8 ./Sources/Events.o
 .group         0x00000000        0x8 ./Sources/Events.o
 .group         0x00000000        0x8 ./Sources/Events.o
 .group         0x00000000        0x8 ./Sources/Events.o
 .group         0x00000000        0x8 ./Sources/Events.o
 .group         0x00000000        0x8 ./Sources/Events.o
 .group         0x00000000        0x8 ./Sources/Events.o
 .group         0x00000000        0x8 ./Sources/Events.o
 .group         0x00000000        0x8 ./Sources/Events.o
 .group         0x00000000        0x8 ./Sources/Events.o
 .text          0x00000000        0x0 ./Sources/Events.o
 .data          0x00000000        0x0 ./Sources/Events.o
 .bss           0x00000000        0x0 ./Sources/Events.o
 .group         0x00000000        0x8 ./Sources/main.o
 .group         0x00000000        0x8 ./Sources/main.o
 .group         0x00000000        0x8 ./Sources/main.o
 .group         0x00000000        0x8 ./Sources/main.o
 .group         0x00000000        0x8 ./Sources/main.o
 .group         0x00000000        0x8 ./Sources/main.o
 .group         0x00000000        0x8 ./Sources/main.o
 .group         0x00000000        0x8 ./Sources/main.o
 .group         0x00000000        0x8 ./Sources/main.o
 .group         0x00000000        0x8 ./Sources/main.o
 .group         0x00000000        0x8 ./Sources/main.o
 .group         0x00000000        0x8 ./Sources/main.o
 .group         0x00000000        0x8 ./Sources/main.o
 .group         0x00000000        0x8 ./Sources/main.o
 .group         0x00000000        0x8 ./Sources/main.o
 .group         0x00000000        0x8 ./Sources/main.o
 .group         0x00000000        0x8 ./Sources/main.o
 .group         0x00000000        0x8 ./Sources/main.o
 .group         0x00000000        0x8 ./Sources/main.o
 .group         0x00000000        0x8 ./Sources/main.o
 .group         0x00000000        0x8 ./Sources/main.o
 .group         0x00000000        0x8 ./Sources/main.o
 .group         0x00000000        0x8 ./Sources/main.o
 .group         0x00000000        0x8 ./Sources/main.o
 .text          0x00000000        0x0 ./Sources/main.o
 .data          0x00000000        0x0 ./Sources/main.o
 .bss           0x00000000        0x0 ./Sources/main.o
 .bss.boolValueAvailable
                0x00000000        0x4 ./Sources/main.o
 .bss.channel   0x00000000        0x1 ./Sources/main.o
 .debug_macro   0x00000000      0x84a ./Sources/main.o
 .debug_macro   0x00000000       0x16 ./Sources/main.o
 .debug_macro   0x00000000       0x44 ./Sources/main.o
 .debug_macro   0x00000000      0x209 ./Sources/main.o
 .debug_macro   0x00000000     0x1680 ./Sources/main.o
 .debug_macro   0x00000000      0x14e ./Sources/main.o
 .debug_macro   0x00000000       0x6a ./Sources/main.o
 .debug_macro   0x00000000     0x9b9f ./Sources/main.o
 .debug_macro   0x00000000       0x94 ./Sources/main.o
 .debug_macro   0x00000000       0x94 ./Sources/main.o
 .debug_macro   0x00000000      0x616 ./Sources/main.o
 .debug_macro   0x00000000       0x7b ./Sources/main.o
 .debug_macro   0x00000000       0x10 ./Sources/main.o
 .debug_macro   0x00000000       0x5e ./Sources/main.o
 .debug_macro   0x00000000       0x11 ./Sources/main.o
 .debug_macro   0x00000000      0x6a6 ./Sources/main.o
 .debug_macro   0x00000000       0x82 ./Sources/main.o
 .debug_macro   0x00000000       0x3f ./Sources/main.o
 .debug_macro   0x00000000       0x2c ./Sources/main.o
 .debug_macro   0x00000000       0x45 ./Sources/main.o
 .debug_macro   0x00000000       0x2c ./Sources/main.o
 .debug_macro   0x00000000       0x45 ./Sources/main.o
 .debug_macro   0x00000000       0x2c ./Sources/main.o
 .group         0x00000000        0x8 ./Project_Settings/Startup_Code/startup.o
 .group         0x00000000        0x8 ./Project_Settings/Startup_Code/startup.o
 .group         0x00000000        0x8 ./Project_Settings/Startup_Code/startup.o
 .group         0x00000000        0x8 ./Project_Settings/Startup_Code/startup.o
 .group         0x00000000        0x8 ./Project_Settings/Startup_Code/startup.o
 .group         0x00000000        0x8 ./Project_Settings/Startup_Code/startup.o
 .group         0x00000000        0x8 ./Project_Settings/Startup_Code/startup.o
 .group         0x00000000        0x8 ./Project_Settings/Startup_Code/startup.o
 .group         0x00000000        0x8 ./Project_Settings/Startup_Code/startup.o
 .group         0x00000000        0x8 ./Project_Settings/Startup_Code/startup.o
 .group         0x00000000        0x8 ./Project_Settings/Startup_Code/startup.o
 .group         0x00000000        0x8 ./Project_Settings/Startup_Code/startup.o
 .group         0x00000000        0x8 ./Project_Settings/Startup_Code/startup.o
 .group         0x00000000        0x8 ./Project_Settings/Startup_Code/startup.o
 .group         0x00000000        0x8 ./Project_Settings/Startup_Code/startup.o
 .group         0x00000000        0x8 ./Project_Settings/Startup_Code/startup.o
 .group         0x00000000        0x8 ./Project_Settings/Startup_Code/startup.o
 .group         0x00000000        0x8 ./Project_Settings/Startup_Code/startup.o
 .group         0x00000000        0x8 ./Project_Settings/Startup_Code/startup.o
 .text          0x00000000        0x0 ./Project_Settings/Startup_Code/startup.o
 .data          0x00000000        0x0 ./Project_Settings/Startup_Code/startup.o
 .bss           0x00000000        0x0 ./Project_Settings/Startup_Code/startup.o
 .text.__init_hardware
                0x00000000        0xc ./Project_Settings/Startup_Code/startup.o
 .text.__iar_program_start
                0x00000000        0xc ./Project_Settings/Startup_Code/startup.o
 .debug_macro   0x00000000      0x84a ./Project_Settings/Startup_Code/startup.o
 .debug_macro   0x00000000       0x16 ./Project_Settings/Startup_Code/startup.o
 .group         0x00000000        0x8 ./Generated_Code/AD1.o
 .group         0x00000000        0x8 ./Generated_Code/AD1.o
 .group         0x00000000        0x8 ./Generated_Code/AD1.o
 .group         0x00000000        0x8 ./Generated_Code/AD1.o
 .group         0x00000000        0x8 ./Generated_Code/AD1.o
 .group         0x00000000        0x8 ./Generated_Code/AD1.o
 .group         0x00000000        0x8 ./Generated_Code/AD1.o
 .group         0x00000000        0x8 ./Generated_Code/AD1.o
 .group         0x00000000        0x8 ./Generated_Code/AD1.o
 .group         0x00000000        0x8 ./Generated_Code/AD1.o
 .group         0x00000000        0x8 ./Generated_Code/AD1.o
 .group         0x00000000        0x8 ./Generated_Code/AD1.o
 .group         0x00000000        0x8 ./Generated_Code/AD1.o
 .group         0x00000000        0x8 ./Generated_Code/AD1.o
 .group         0x00000000        0x8 ./Generated_Code/AD1.o
 .group         0x00000000        0x8 ./Generated_Code/AD1.o
 .group         0x00000000        0x8 ./Generated_Code/AD1.o
 .group         0x00000000        0x8 ./Generated_Code/AD1.o
 .group         0x00000000        0x8 ./Generated_Code/AD1.o
 .group         0x00000000        0x8 ./Generated_Code/AD1.o
 .group         0x00000000        0x8 ./Generated_Code/AD1.o
 .group         0x00000000        0x8 ./Generated_Code/AD1.o
 .group         0x00000000        0x8 ./Generated_Code/AD1.o
 .text          0x00000000        0x0 ./Generated_Code/AD1.o
 .data          0x00000000        0x0 ./Generated_Code/AD1.o
 .bss           0x00000000        0x0 ./Generated_Code/AD1.o
 .text.AD1_GetValue16
                0x00000000       0x38 ./Generated_Code/AD1.o
 .text.AD1_Calibrate
                0x00000000       0x7c ./Generated_Code/AD1.o
 .debug_macro   0x00000000      0x84a ./Generated_Code/AD1.o
 .debug_macro   0x00000000       0x16 ./Generated_Code/AD1.o
 .debug_macro   0x00000000       0x44 ./Generated_Code/AD1.o
 .debug_macro   0x00000000      0x209 ./Generated_Code/AD1.o
 .debug_macro   0x00000000     0x1680 ./Generated_Code/AD1.o
 .debug_macro   0x00000000      0x14e ./Generated_Code/AD1.o
 .debug_macro   0x00000000       0x6a ./Generated_Code/AD1.o
 .debug_macro   0x00000000     0x9b9f ./Generated_Code/AD1.o
 .debug_macro   0x00000000       0x94 ./Generated_Code/AD1.o
 .debug_macro   0x00000000      0x616 ./Generated_Code/AD1.o
 .debug_macro   0x00000000       0x7b ./Generated_Code/AD1.o
 .debug_macro   0x00000000       0x10 ./Generated_Code/AD1.o
 .debug_macro   0x00000000       0x5e ./Generated_Code/AD1.o
 .debug_macro   0x00000000       0x11 ./Generated_Code/AD1.o
 .debug_macro   0x00000000      0x6a6 ./Generated_Code/AD1.o
 .debug_macro   0x00000000       0x82 ./Generated_Code/AD1.o
 .debug_macro   0x00000000       0x3f ./Generated_Code/AD1.o
 .debug_macro   0x00000000       0x2c ./Generated_Code/AD1.o
 .debug_macro   0x00000000       0x45 ./Generated_Code/AD1.o
 .debug_macro   0x00000000       0x2c ./Generated_Code/AD1.o
 .debug_macro   0x00000000       0x45 ./Generated_Code/AD1.o
 .debug_macro   0x00000000       0x2c ./Generated_Code/AD1.o
 .group         0x00000000        0x8 ./Generated_Code/ASerialLdd1.o
 .group         0x00000000        0x8 ./Generated_Code/ASerialLdd1.o
 .group         0x00000000        0x8 ./Generated_Code/ASerialLdd1.o
 .group         0x00000000        0x8 ./Generated_Code/ASerialLdd1.o
 .group         0x00000000        0x8 ./Generated_Code/ASerialLdd1.o
 .group         0x00000000        0x8 ./Generated_Code/ASerialLdd1.o
 .group         0x00000000        0x8 ./Generated_Code/ASerialLdd1.o
 .group         0x00000000        0x8 ./Generated_Code/ASerialLdd1.o
 .group         0x00000000        0x8 ./Generated_Code/ASerialLdd1.o
 .group         0x00000000        0x8 ./Generated_Code/ASerialLdd1.o
 .group         0x00000000        0x8 ./Generated_Code/ASerialLdd1.o
 .group         0x00000000        0x8 ./Generated_Code/ASerialLdd1.o
 .group         0x00000000        0x8 ./Generated_Code/ASerialLdd1.o
 .group         0x00000000        0x8 ./Generated_Code/ASerialLdd1.o
 .text          0x00000000        0x0 ./Generated_Code/ASerialLdd1.o
 .data          0x00000000        0x0 ./Generated_Code/ASerialLdd1.o
 .bss           0x00000000        0x0 ./Generated_Code/ASerialLdd1.o
 .text.ASerialLdd1_GetReceivedDataNum
                0x00000000       0x1c ./Generated_Code/ASerialLdd1.o
 .text.ASerialLdd1_GetError
                0x00000000       0x2c ./Generated_Code/ASerialLdd1.o
 .debug_macro   0x00000000      0x84a ./Generated_Code/ASerialLdd1.o
 .debug_macro   0x00000000       0x16 ./Generated_Code/ASerialLdd1.o
 .debug_macro   0x00000000       0x44 ./Generated_Code/ASerialLdd1.o
 .debug_macro   0x00000000      0x209 ./Generated_Code/ASerialLdd1.o
 .debug_macro   0x00000000     0x1680 ./Generated_Code/ASerialLdd1.o
 .debug_macro   0x00000000      0x14e ./Generated_Code/ASerialLdd1.o
 .debug_macro   0x00000000       0x6a ./Generated_Code/ASerialLdd1.o
 .debug_macro   0x00000000     0x9b9f ./Generated_Code/ASerialLdd1.o
 .debug_macro   0x00000000       0x94 ./Generated_Code/ASerialLdd1.o
 .debug_macro   0x00000000       0x94 ./Generated_Code/ASerialLdd1.o
 .group         0x00000000        0x8 ./Generated_Code/AdcLdd1.o
 .group         0x00000000        0x8 ./Generated_Code/AdcLdd1.o
 .group         0x00000000        0x8 ./Generated_Code/AdcLdd1.o
 .group         0x00000000        0x8 ./Generated_Code/AdcLdd1.o
 .group         0x00000000        0x8 ./Generated_Code/AdcLdd1.o
 .group         0x00000000        0x8 ./Generated_Code/AdcLdd1.o
 .group         0x00000000        0x8 ./Generated_Code/AdcLdd1.o
 .group         0x00000000        0x8 ./Generated_Code/AdcLdd1.o
 .group         0x00000000        0x8 ./Generated_Code/AdcLdd1.o
 .group         0x00000000        0x8 ./Generated_Code/AdcLdd1.o
 .group         0x00000000        0x8 ./Generated_Code/AdcLdd1.o
 .group         0x00000000        0x8 ./Generated_Code/AdcLdd1.o
 .group         0x00000000        0x8 ./Generated_Code/AdcLdd1.o
 .text          0x00000000        0x0 ./Generated_Code/AdcLdd1.o
 .data          0x00000000        0x0 ./Generated_Code/AdcLdd1.o
 .bss           0x00000000        0x0 ./Generated_Code/AdcLdd1.o
 .rodata.ChannelToPin
                0x00000000        0x4 ./Generated_Code/AdcLdd1.o
 .text.AdcLdd1_CancelMeasurement
                0x00000000       0x2c ./Generated_Code/AdcLdd1.o
 .text.AdcLdd1_GetMeasurementCompleteStatus
                0x00000000       0x78 ./Generated_Code/AdcLdd1.o
 .text.AdcLdd1_StartCalibration
                0x00000000       0x4c ./Generated_Code/AdcLdd1.o
 .debug_macro   0x00000000      0x84a ./Generated_Code/AdcLdd1.o
 .debug_macro   0x00000000       0x16 ./Generated_Code/AdcLdd1.o
 .debug_macro   0x00000000       0x44 ./Generated_Code/AdcLdd1.o
 .debug_macro   0x00000000      0x209 ./Generated_Code/AdcLdd1.o
 .debug_macro   0x00000000     0x1680 ./Generated_Code/AdcLdd1.o
 .debug_macro   0x00000000      0x14e ./Generated_Code/AdcLdd1.o
 .debug_macro   0x00000000       0x6a ./Generated_Code/AdcLdd1.o
 .debug_macro   0x00000000     0x9b9f ./Generated_Code/AdcLdd1.o
 .debug_macro   0x00000000       0x9a ./Generated_Code/AdcLdd1.o
 .debug_macro   0x00000000       0x94 ./Generated_Code/AdcLdd1.o
 .debug_macro   0x00000000      0x616 ./Generated_Code/AdcLdd1.o
 .debug_macro   0x00000000       0x7b ./Generated_Code/AdcLdd1.o
 .debug_macro   0x00000000       0x10 ./Generated_Code/AdcLdd1.o
 .group         0x00000000        0x8 ./Generated_Code/Blue.o
 .group         0x00000000        0x8 ./Generated_Code/Blue.o
 .group         0x00000000        0x8 ./Generated_Code/Blue.o
 .group         0x00000000        0x8 ./Generated_Code/Blue.o
 .group         0x00000000        0x8 ./Generated_Code/Blue.o
 .group         0x00000000        0x8 ./Generated_Code/Blue.o
 .group         0x00000000        0x8 ./Generated_Code/Blue.o
 .group         0x00000000        0x8 ./Generated_Code/Blue.o
 .group         0x00000000        0x8 ./Generated_Code/Blue.o
 .group         0x00000000        0x8 ./Generated_Code/Blue.o
 .group         0x00000000        0x8 ./Generated_Code/Blue.o
 .group         0x00000000        0x8 ./Generated_Code/Blue.o
 .group         0x00000000        0x8 ./Generated_Code/Blue.o
 .group         0x00000000        0x8 ./Generated_Code/Blue.o
 .text          0x00000000        0x0 ./Generated_Code/Blue.o
 .data          0x00000000        0x0 ./Generated_Code/Blue.o
 .bss           0x00000000        0x0 ./Generated_Code/Blue.o
 .debug_info    0x00000000       0x7d ./Generated_Code/Blue.o
 .debug_abbrev  0x00000000       0x29 ./Generated_Code/Blue.o
 .debug_aranges
                0x00000000       0x18 ./Generated_Code/Blue.o
 .debug_macro   0x00000000       0xc7 ./Generated_Code/Blue.o
 .debug_macro   0x00000000      0x84a ./Generated_Code/Blue.o
 .debug_macro   0x00000000       0x16 ./Generated_Code/Blue.o
 .debug_macro   0x00000000       0x44 ./Generated_Code/Blue.o
 .debug_macro   0x00000000      0x209 ./Generated_Code/Blue.o
 .debug_macro   0x00000000     0x1680 ./Generated_Code/Blue.o
 .debug_macro   0x00000000      0x14e ./Generated_Code/Blue.o
 .debug_macro   0x00000000       0x6a ./Generated_Code/Blue.o
 .debug_macro   0x00000000     0x9b9f ./Generated_Code/Blue.o
 .debug_macro   0x00000000       0x94 ./Generated_Code/Blue.o
 .debug_macro   0x00000000      0x6a0 ./Generated_Code/Blue.o
 .debug_macro   0x00000000       0x9a ./Generated_Code/Blue.o
 .debug_macro   0x00000000       0x82 ./Generated_Code/Blue.o
 .debug_macro   0x00000000       0x3f ./Generated_Code/Blue.o
 .debug_macro   0x00000000       0x2c ./Generated_Code/Blue.o
 .debug_line    0x00000000      0x245 ./Generated_Code/Blue.o
 .debug_str     0x00000000    0x4847f ./Generated_Code/Blue.o
 .comment       0x00000000       0x71 ./Generated_Code/Blue.o
 .ARM.attributes
                0x00000000       0x33 ./Generated_Code/Blue.o
 .group         0x00000000        0x8 ./Generated_Code/Cpu.o
 .group         0x00000000        0x8 ./Generated_Code/Cpu.o
 .group         0x00000000        0x8 ./Generated_Code/Cpu.o
 .group         0x00000000        0x8 ./Generated_Code/Cpu.o
 .group         0x00000000        0x8 ./Generated_Code/Cpu.o
 .group         0x00000000        0x8 ./Generated_Code/Cpu.o
 .group         0x00000000        0x8 ./Generated_Code/Cpu.o
 .group         0x00000000        0x8 ./Generated_Code/Cpu.o
 .group         0x00000000        0x8 ./Generated_Code/Cpu.o
 .group         0x00000000        0x8 ./Generated_Code/Cpu.o
 .group         0x00000000        0x8 ./Generated_Code/Cpu.o
 .group         0x00000000        0x8 ./Generated_Code/Cpu.o
 .group         0x00000000        0x8 ./Generated_Code/Cpu.o
 .group         0x00000000        0x8 ./Generated_Code/Cpu.o
 .group         0x00000000        0x8 ./Generated_Code/Cpu.o
 .group         0x00000000        0x8 ./Generated_Code/Cpu.o
 .group         0x00000000        0x8 ./Generated_Code/Cpu.o
 .group         0x00000000        0x8 ./Generated_Code/Cpu.o
 .group         0x00000000        0x8 ./Generated_Code/Cpu.o
 .group         0x00000000        0x8 ./Generated_Code/Cpu.o
 .group         0x00000000        0x8 ./Generated_Code/Cpu.o
 .group         0x00000000        0x8 ./Generated_Code/Cpu.o
 .group         0x00000000        0x8 ./Generated_Code/Cpu.o
 .text          0x00000000        0x0 ./Generated_Code/Cpu.o
 .data          0x00000000        0x0 ./Generated_Code/Cpu.o
 .bss           0x00000000        0x0 ./Generated_Code/Cpu.o
 .bss.SR_lock   0x00000000        0x1 ./Generated_Code/Cpu.o
 .debug_macro   0x00000000      0x84a ./Generated_Code/Cpu.o
 .debug_macro   0x00000000       0x16 ./Generated_Code/Cpu.o
 .debug_macro   0x00000000       0x44 ./Generated_Code/Cpu.o
 .debug_macro   0x00000000      0x209 ./Generated_Code/Cpu.o
 .debug_macro   0x00000000     0x1680 ./Generated_Code/Cpu.o
 .debug_macro   0x00000000      0x14e ./Generated_Code/Cpu.o
 .debug_macro   0x00000000       0x6a ./Generated_Code/Cpu.o
 .debug_macro   0x00000000     0x9b9f ./Generated_Code/Cpu.o
 .debug_macro   0x00000000       0x9a ./Generated_Code/Cpu.o
 .debug_macro   0x00000000       0x94 ./Generated_Code/Cpu.o
 .debug_macro   0x00000000      0x616 ./Generated_Code/Cpu.o
 .debug_macro   0x00000000       0x7b ./Generated_Code/Cpu.o
 .debug_macro   0x00000000       0x10 ./Generated_Code/Cpu.o
 .debug_macro   0x00000000       0x5e ./Generated_Code/Cpu.o
 .debug_macro   0x00000000       0x11 ./Generated_Code/Cpu.o
 .debug_macro   0x00000000      0x6a6 ./Generated_Code/Cpu.o
 .debug_macro   0x00000000       0x82 ./Generated_Code/Cpu.o
 .debug_macro   0x00000000       0x3f ./Generated_Code/Cpu.o
 .debug_macro   0x00000000       0x2c ./Generated_Code/Cpu.o
 .debug_macro   0x00000000       0x45 ./Generated_Code/Cpu.o
 .debug_macro   0x00000000       0x2c ./Generated_Code/Cpu.o
 .debug_macro   0x00000000       0x45 ./Generated_Code/Cpu.o
 .debug_macro   0x00000000       0x2c ./Generated_Code/Cpu.o
 COMMON         0x00000000        0x1 ./Generated_Code/Cpu.o
 .group         0x00000000        0x8 ./Generated_Code/Green.o
 .group         0x00000000        0x8 ./Generated_Code/Green.o
 .group         0x00000000        0x8 ./Generated_Code/Green.o
 .group         0x00000000        0x8 ./Generated_Code/Green.o
 .group         0x00000000        0x8 ./Generated_Code/Green.o
 .group         0x00000000        0x8 ./Generated_Code/Green.o
 .group         0x00000000        0x8 ./Generated_Code/Green.o
 .group         0x00000000        0x8 ./Generated_Code/Green.o
 .group         0x00000000        0x8 ./Generated_Code/Green.o
 .group         0x00000000        0x8 ./Generated_Code/Green.o
 .group         0x00000000        0x8 ./Generated_Code/Green.o
 .group         0x00000000        0x8 ./Generated_Code/Green.o
 .group         0x00000000        0x8 ./Generated_Code/Green.o
 .group         0x00000000        0x8 ./Generated_Code/Green.o
 .text          0x00000000        0x0 ./Generated_Code/Green.o
 .data          0x00000000        0x0 ./Generated_Code/Green.o
 .bss           0x00000000        0x0 ./Generated_Code/Green.o
 .debug_info    0x00000000       0x7d ./Generated_Code/Green.o
 .debug_abbrev  0x00000000       0x29 ./Generated_Code/Green.o
 .debug_aranges
                0x00000000       0x18 ./Generated_Code/Green.o
 .debug_macro   0x00000000       0xc7 ./Generated_Code/Green.o
 .debug_macro   0x00000000      0x84a ./Generated_Code/Green.o
 .debug_macro   0x00000000       0x16 ./Generated_Code/Green.o
 .debug_macro   0x00000000       0x44 ./Generated_Code/Green.o
 .debug_macro   0x00000000      0x209 ./Generated_Code/Green.o
 .debug_macro   0x00000000     0x1680 ./Generated_Code/Green.o
 .debug_macro   0x00000000      0x14e ./Generated_Code/Green.o
 .debug_macro   0x00000000       0x6a ./Generated_Code/Green.o
 .debug_macro   0x00000000     0x9b9f ./Generated_Code/Green.o
 .debug_macro   0x00000000       0x94 ./Generated_Code/Green.o
 .debug_macro   0x00000000      0x6a0 ./Generated_Code/Green.o
 .debug_macro   0x00000000       0x9a ./Generated_Code/Green.o
 .debug_macro   0x00000000       0x82 ./Generated_Code/Green.o
 .debug_macro   0x00000000       0x3f ./Generated_Code/Green.o
 .debug_macro   0x00000000       0x2c ./Generated_Code/Green.o
 .debug_line    0x00000000      0x247 ./Generated_Code/Green.o
 .debug_str     0x00000000    0x48487 ./Generated_Code/Green.o
 .comment       0x00000000       0x71 ./Generated_Code/Green.o
 .ARM.attributes
                0x00000000       0x33 ./Generated_Code/Green.o
 .group         0x00000000        0x8 ./Generated_Code/Inhr1.o
 .group         0x00000000        0x8 ./Generated_Code/Inhr1.o
 .group         0x00000000        0x8 ./Generated_Code/Inhr1.o
 .group         0x00000000        0x8 ./Generated_Code/Inhr1.o
 .group         0x00000000        0x8 ./Generated_Code/Inhr1.o
 .group         0x00000000        0x8 ./Generated_Code/Inhr1.o
 .group         0x00000000        0x8 ./Generated_Code/Inhr1.o
 .group         0x00000000        0x8 ./Generated_Code/Inhr1.o
 .group         0x00000000        0x8 ./Generated_Code/Inhr1.o
 .group         0x00000000        0x8 ./Generated_Code/Inhr1.o
 .group         0x00000000        0x8 ./Generated_Code/Inhr1.o
 .text          0x00000000        0x0 ./Generated_Code/Inhr1.o
 .data          0x00000000        0x0 ./Generated_Code/Inhr1.o
 .bss           0x00000000        0x0 ./Generated_Code/Inhr1.o
 .text.Inhr1_RecvChar
                0x00000000       0x80 ./Generated_Code/Inhr1.o
 .text.Inhr1_GetCharsInRxBuf
                0x00000000       0x24 ./Generated_Code/Inhr1.o
 .debug_macro   0x00000000      0x84a ./Generated_Code/Inhr1.o
 .debug_macro   0x00000000       0x16 ./Generated_Code/Inhr1.o
 .debug_macro   0x00000000       0x44 ./Generated_Code/Inhr1.o
 .debug_macro   0x00000000      0x209 ./Generated_Code/Inhr1.o
 .debug_macro   0x00000000     0x1680 ./Generated_Code/Inhr1.o
 .debug_macro   0x00000000      0x14e ./Generated_Code/Inhr1.o
 .debug_macro   0x00000000       0x6a ./Generated_Code/Inhr1.o
 .debug_macro   0x00000000     0x9b9f ./Generated_Code/Inhr1.o
 .debug_macro   0x00000000       0x94 ./Generated_Code/Inhr1.o
 .debug_macro   0x00000000       0x58 ./Generated_Code/Inhr1.o
 .debug_macro   0x00000000       0x11 ./Generated_Code/Inhr1.o
 .group         0x00000000        0x8 ./Generated_Code/PE_LDD.o
 .group         0x00000000        0x8 ./Generated_Code/PE_LDD.o
 .group         0x00000000        0x8 ./Generated_Code/PE_LDD.o
 .group         0x00000000        0x8 ./Generated_Code/PE_LDD.o
 .group         0x00000000        0x8 ./Generated_Code/PE_LDD.o
 .group         0x00000000        0x8 ./Generated_Code/PE_LDD.o
 .group         0x00000000        0x8 ./Generated_Code/PE_LDD.o
 .group         0x00000000        0x8 ./Generated_Code/PE_LDD.o
 .group         0x00000000        0x8 ./Generated_Code/PE_LDD.o
 .group         0x00000000        0x8 ./Generated_Code/PE_LDD.o
 .group         0x00000000        0x8 ./Generated_Code/PE_LDD.o
 .group         0x00000000        0x8 ./Generated_Code/PE_LDD.o
 .group         0x00000000        0x8 ./Generated_Code/PE_LDD.o
 .group         0x00000000        0x8 ./Generated_Code/PE_LDD.o
 .group         0x00000000        0x8 ./Generated_Code/PE_LDD.o
 .group         0x00000000        0x8 ./Generated_Code/PE_LDD.o
 .group         0x00000000        0x8 ./Generated_Code/PE_LDD.o
 .group         0x00000000        0x8 ./Generated_Code/PE_LDD.o
 .group         0x00000000        0x8 ./Generated_Code/PE_LDD.o
 .group         0x00000000        0x8 ./Generated_Code/PE_LDD.o
 .group         0x00000000        0x8 ./Generated_Code/PE_LDD.o
 .group         0x00000000        0x8 ./Generated_Code/PE_LDD.o
 .group         0x00000000        0x8 ./Generated_Code/PE_LDD.o
 .text          0x00000000        0x0 ./Generated_Code/PE_LDD.o
 .data          0x00000000        0x0 ./Generated_Code/PE_LDD.o
 .bss           0x00000000        0x0 ./Generated_Code/PE_LDD.o
 .rodata.PE_CpuClockConfigurations
                0x00000000       0x28 ./Generated_Code/PE_LDD.o
 .text.PE_FillMemory
                0x00000000       0x24 ./Generated_Code/PE_LDD.o
 .text.PE_PeripheralUsed
                0x00000000       0x44 ./Generated_Code/PE_LDD.o
 .text.LDD_SetClockConfiguration
                0x00000000       0x14 ./Generated_Code/PE_LDD.o
 .debug_macro   0x00000000      0x84a ./Generated_Code/PE_LDD.o
 .debug_macro   0x00000000       0x16 ./Generated_Code/PE_LDD.o
 .debug_macro   0x00000000       0x44 ./Generated_Code/PE_LDD.o
 .debug_macro   0x00000000      0x209 ./Generated_Code/PE_LDD.o
 .debug_macro   0x00000000     0x1680 ./Generated_Code/PE_LDD.o
 .debug_macro   0x00000000      0x14e ./Generated_Code/PE_LDD.o
 .debug_macro   0x00000000       0x6a ./Generated_Code/PE_LDD.o
 .debug_macro   0x00000000     0x9b9f ./Generated_Code/PE_LDD.o
 .debug_macro   0x00000000       0x9a ./Generated_Code/PE_LDD.o
 .debug_macro   0x00000000       0x94 ./Generated_Code/PE_LDD.o
 .debug_macro   0x00000000      0x616 ./Generated_Code/PE_LDD.o
 .debug_macro   0x00000000       0x7b ./Generated_Code/PE_LDD.o
 .debug_macro   0x00000000       0x10 ./Generated_Code/PE_LDD.o
 .debug_macro   0x00000000       0x5e ./Generated_Code/PE_LDD.o
 .debug_macro   0x00000000       0x11 ./Generated_Code/PE_LDD.o
 .debug_macro   0x00000000      0x6a6 ./Generated_Code/PE_LDD.o
 .debug_macro   0x00000000       0x82 ./Generated_Code/PE_LDD.o
 .debug_macro   0x00000000       0x3f ./Generated_Code/PE_LDD.o
 .debug_macro   0x00000000       0x2c ./Generated_Code/PE_LDD.o
 .debug_macro   0x00000000       0x45 ./Generated_Code/PE_LDD.o
 .debug_macro   0x00000000       0x2c ./Generated_Code/PE_LDD.o
 .debug_macro   0x00000000       0x45 ./Generated_Code/PE_LDD.o
 .debug_macro   0x00000000       0x2c ./Generated_Code/PE_LDD.o
 .group         0x00000000        0x8 ./Generated_Code/PwmLdd1.o
 .group         0x00000000        0x8 ./Generated_Code/PwmLdd1.o
 .group         0x00000000        0x8 ./Generated_Code/PwmLdd1.o
 .group         0x00000000        0x8 ./Generated_Code/PwmLdd1.o
 .group         0x00000000        0x8 ./Generated_Code/PwmLdd1.o
 .group         0x00000000        0x8 ./Generated_Code/PwmLdd1.o
 .group         0x00000000        0x8 ./Generated_Code/PwmLdd1.o
 .group         0x00000000        0x8 ./Generated_Code/PwmLdd1.o
 .group         0x00000000        0x8 ./Generated_Code/PwmLdd1.o
 .group         0x00000000        0x8 ./Generated_Code/PwmLdd1.o
 .group         0x00000000        0x8 ./Generated_Code/PwmLdd1.o
 .group         0x00000000        0x8 ./Generated_Code/PwmLdd1.o
 .group         0x00000000        0x8 ./Generated_Code/PwmLdd1.o
 .text          0x00000000        0x0 ./Generated_Code/PwmLdd1.o
 .data          0x00000000        0x0 ./Generated_Code/PwmLdd1.o
 .bss           0x00000000        0x0 ./Generated_Code/PwmLdd1.o
 .text.PwmLdd1_SetRatio16
                0x00000000       0x28 ./Generated_Code/PwmLdd1.o
 .text.PwmLdd1_SetDutyUS
                0x00000000       0x74 ./Generated_Code/PwmLdd1.o
 .text.PwmLdd1_SetDutyMS
                0x00000000       0x70 ./Generated_Code/PwmLdd1.o
 .debug_macro   0x00000000      0x84a ./Generated_Code/PwmLdd1.o
 .debug_macro   0x00000000       0x16 ./Generated_Code/PwmLdd1.o
 .debug_macro   0x00000000       0x44 ./Generated_Code/PwmLdd1.o
 .debug_macro   0x00000000      0x209 ./Generated_Code/PwmLdd1.o
 .debug_macro   0x00000000     0x1680 ./Generated_Code/PwmLdd1.o
 .debug_macro   0x00000000      0x14e ./Generated_Code/PwmLdd1.o
 .debug_macro   0x00000000       0x6a ./Generated_Code/PwmLdd1.o
 .debug_macro   0x00000000     0x9b9f ./Generated_Code/PwmLdd1.o
 .debug_macro   0x00000000       0x94 ./Generated_Code/PwmLdd1.o
 .debug_macro   0x00000000      0x6a0 ./Generated_Code/PwmLdd1.o
 .debug_macro   0x00000000       0x9a ./Generated_Code/PwmLdd1.o
 .debug_macro   0x00000000       0x82 ./Generated_Code/PwmLdd1.o
 .debug_macro   0x00000000       0x3f ./Generated_Code/PwmLdd1.o
 .group         0x00000000        0x8 ./Generated_Code/PwmLdd2.o
 .group         0x00000000        0x8 ./Generated_Code/PwmLdd2.o
 .group         0x00000000        0x8 ./Generated_Code/PwmLdd2.o
 .group         0x00000000        0x8 ./Generated_Code/PwmLdd2.o
 .group         0x00000000        0x8 ./Generated_Code/PwmLdd2.o
 .group         0x00000000        0x8 ./Generated_Code/PwmLdd2.o
 .group         0x00000000        0x8 ./Generated_Code/PwmLdd2.o
 .group         0x00000000        0x8 ./Generated_Code/PwmLdd2.o
 .group         0x00000000        0x8 ./Generated_Code/PwmLdd2.o
 .group         0x00000000        0x8 ./Generated_Code/PwmLdd2.o
 .group         0x00000000        0x8 ./Generated_Code/PwmLdd2.o
 .group         0x00000000        0x8 ./Generated_Code/PwmLdd2.o
 .group         0x00000000        0x8 ./Generated_Code/PwmLdd2.o
 .text          0x00000000        0x0 ./Generated_Code/PwmLdd2.o
 .data          0x00000000        0x0 ./Generated_Code/PwmLdd2.o
 .bss           0x00000000        0x0 ./Generated_Code/PwmLdd2.o
 .text.PwmLdd2_SetRatio8
                0x00000000       0x2c ./Generated_Code/PwmLdd2.o
 .text.PwmLdd2_SetRatio16
                0x00000000       0x28 ./Generated_Code/PwmLdd2.o
 .text.PwmLdd2_SetDutyUS
                0x00000000       0x74 ./Generated_Code/PwmLdd2.o
 .text.PwmLdd2_SetDutyMS
                0x00000000       0x70 ./Generated_Code/PwmLdd2.o
 .text.SetRatio
                0x00000000       0x54 ./Generated_Code/PwmLdd2.o
 .debug_macro   0x00000000      0x84a ./Generated_Code/PwmLdd2.o
 .debug_macro   0x00000000       0x16 ./Generated_Code/PwmLdd2.o
 .debug_macro   0x00000000       0x44 ./Generated_Code/PwmLdd2.o
 .debug_macro   0x00000000      0x209 ./Generated_Code/PwmLdd2.o
 .debug_macro   0x00000000     0x1680 ./Generated_Code/PwmLdd2.o
 .debug_macro   0x00000000      0x14e ./Generated_Code/PwmLdd2.o
 .debug_macro   0x00000000       0x6a ./Generated_Code/PwmLdd2.o
 .debug_macro   0x00000000     0x9b9f ./Generated_Code/PwmLdd2.o
 .debug_macro   0x00000000       0x94 ./Generated_Code/PwmLdd2.o
 .debug_macro   0x00000000      0x6a0 ./Generated_Code/PwmLdd2.o
 .debug_macro   0x00000000       0x9a ./Generated_Code/PwmLdd2.o
 .debug_macro   0x00000000       0x82 ./Generated_Code/PwmLdd2.o
 .debug_macro   0x00000000       0x3f ./Generated_Code/PwmLdd2.o
 .group         0x00000000        0x8 ./Generated_Code/PwmLdd3.o
 .group         0x00000000        0x8 ./Generated_Code/PwmLdd3.o
 .group         0x00000000        0x8 ./Generated_Code/PwmLdd3.o
 .group         0x00000000        0x8 ./Generated_Code/PwmLdd3.o
 .group         0x00000000        0x8 ./Generated_Code/PwmLdd3.o
 .group         0x00000000        0x8 ./Generated_Code/PwmLdd3.o
 .group         0x00000000        0x8 ./Generated_Code/PwmLdd3.o
 .group         0x00000000        0x8 ./Generated_Code/PwmLdd3.o
 .group         0x00000000        0x8 ./Generated_Code/PwmLdd3.o
 .group         0x00000000        0x8 ./Generated_Code/PwmLdd3.o
 .group         0x00000000        0x8 ./Generated_Code/PwmLdd3.o
 .group         0x00000000        0x8 ./Generated_Code/PwmLdd3.o
 .group         0x00000000        0x8 ./Generated_Code/PwmLdd3.o
 .text          0x00000000        0x0 ./Generated_Code/PwmLdd3.o
 .data          0x00000000        0x0 ./Generated_Code/PwmLdd3.o
 .bss           0x00000000        0x0 ./Generated_Code/PwmLdd3.o
 .text.PwmLdd3_SetRatio8
                0x00000000       0x2c ./Generated_Code/PwmLdd3.o
 .text.PwmLdd3_SetRatio16
                0x00000000       0x28 ./Generated_Code/PwmLdd3.o
 .text.PwmLdd3_SetDutyUS
                0x00000000       0x74 ./Generated_Code/PwmLdd3.o
 .text.PwmLdd3_SetDutyMS
                0x00000000       0x70 ./Generated_Code/PwmLdd3.o
 .text.SetRatio
                0x00000000       0x54 ./Generated_Code/PwmLdd3.o
 .debug_macro   0x00000000      0x84a ./Generated_Code/PwmLdd3.o
 .debug_macro   0x00000000       0x16 ./Generated_Code/PwmLdd3.o
 .debug_macro   0x00000000       0x44 ./Generated_Code/PwmLdd3.o
 .debug_macro   0x00000000      0x209 ./Generated_Code/PwmLdd3.o
 .debug_macro   0x00000000     0x1680 ./Generated_Code/PwmLdd3.o
 .debug_macro   0x00000000      0x14e ./Generated_Code/PwmLdd3.o
 .debug_macro   0x00000000       0x6a ./Generated_Code/PwmLdd3.o
 .debug_macro   0x00000000     0x9b9f ./Generated_Code/PwmLdd3.o
 .debug_macro   0x00000000       0x94 ./Generated_Code/PwmLdd3.o
 .debug_macro   0x00000000      0x6a0 ./Generated_Code/PwmLdd3.o
 .debug_macro   0x00000000       0x9a ./Generated_Code/PwmLdd3.o
 .debug_macro   0x00000000       0x82 ./Generated_Code/PwmLdd3.o
 .debug_macro   0x00000000       0x3f ./Generated_Code/PwmLdd3.o
 .group         0x00000000        0x8 ./Generated_Code/Red.o
 .group         0x00000000        0x8 ./Generated_Code/Red.o
 .group         0x00000000        0x8 ./Generated_Code/Red.o
 .group         0x00000000        0x8 ./Generated_Code/Red.o
 .group         0x00000000        0x8 ./Generated_Code/Red.o
 .group         0x00000000        0x8 ./Generated_Code/Red.o
 .group         0x00000000        0x8 ./Generated_Code/Red.o
 .group         0x00000000        0x8 ./Generated_Code/Red.o
 .group         0x00000000        0x8 ./Generated_Code/Red.o
 .group         0x00000000        0x8 ./Generated_Code/Red.o
 .group         0x00000000        0x8 ./Generated_Code/Red.o
 .group         0x00000000        0x8 ./Generated_Code/Red.o
 .group         0x00000000        0x8 ./Generated_Code/Red.o
 .group         0x00000000        0x8 ./Generated_Code/Red.o
 .text          0x00000000        0x0 ./Generated_Code/Red.o
 .data          0x00000000        0x0 ./Generated_Code/Red.o
 .bss           0x00000000        0x0 ./Generated_Code/Red.o
 .debug_info    0x00000000       0x7d ./Generated_Code/Red.o
 .debug_abbrev  0x00000000       0x29 ./Generated_Code/Red.o
 .debug_aranges
                0x00000000       0x18 ./Generated_Code/Red.o
 .debug_macro   0x00000000       0xc7 ./Generated_Code/Red.o
 .debug_macro   0x00000000      0x84a ./Generated_Code/Red.o
 .debug_macro   0x00000000       0x16 ./Generated_Code/Red.o
 .debug_macro   0x00000000       0x44 ./Generated_Code/Red.o
 .debug_macro   0x00000000      0x209 ./Generated_Code/Red.o
 .debug_macro   0x00000000     0x1680 ./Generated_Code/Red.o
 .debug_macro   0x00000000      0x14e ./Generated_Code/Red.o
 .debug_macro   0x00000000       0x6a ./Generated_Code/Red.o
 .debug_macro   0x00000000     0x9b9f ./Generated_Code/Red.o
 .debug_macro   0x00000000       0x94 ./Generated_Code/Red.o
 .debug_macro   0x00000000      0x6a0 ./Generated_Code/Red.o
 .debug_macro   0x00000000       0x9a ./Generated_Code/Red.o
 .debug_macro   0x00000000       0x82 ./Generated_Code/Red.o
 .debug_macro   0x00000000       0x3f ./Generated_Code/Red.o
 .debug_macro   0x00000000       0x2c ./Generated_Code/Red.o
 .debug_line    0x00000000      0x243 ./Generated_Code/Red.o
 .debug_str     0x00000000    0x48477 ./Generated_Code/Red.o
 .comment       0x00000000       0x71 ./Generated_Code/Red.o
 .ARM.attributes
                0x00000000       0x33 ./Generated_Code/Red.o
 .group         0x00000000        0x8 ./Generated_Code/TU1.o
 .group         0x00000000        0x8 ./Generated_Code/TU1.o
 .group         0x00000000        0x8 ./Generated_Code/TU1.o
 .group         0x00000000        0x8 ./Generated_Code/TU1.o
 .group         0x00000000        0x8 ./Generated_Code/TU1.o
 .group         0x00000000        0x8 ./Generated_Code/TU1.o
 .group         0x00000000        0x8 ./Generated_Code/TU1.o
 .group         0x00000000        0x8 ./Generated_Code/TU1.o
 .group         0x00000000        0x8 ./Generated_Code/TU1.o
 .group         0x00000000        0x8 ./Generated_Code/TU1.o
 .group         0x00000000        0x8 ./Generated_Code/TU1.o
 .group         0x00000000        0x8 ./Generated_Code/TU1.o
 .text          0x00000000        0x0 ./Generated_Code/TU1.o
 .data          0x00000000        0x0 ./Generated_Code/TU1.o
 .bss           0x00000000        0x0 ./Generated_Code/TU1.o
 .text.TU1_GetCounterValue
                0x00000000       0x20 ./Generated_Code/TU1.o
 .text.TU1_GetOffsetTicks
                0x00000000       0x58 ./Generated_Code/TU1.o
 .text.TU1_SelectOutputAction
                0x00000000      0x210 ./Generated_Code/TU1.o
 .debug_macro   0x00000000      0x84a ./Generated_Code/TU1.o
 .debug_macro   0x00000000       0x16 ./Generated_Code/TU1.o
 .debug_macro   0x00000000       0x44 ./Generated_Code/TU1.o
 .debug_macro   0x00000000      0x209 ./Generated_Code/TU1.o
 .debug_macro   0x00000000     0x1680 ./Generated_Code/TU1.o
 .debug_macro   0x00000000      0x14e ./Generated_Code/TU1.o
 .debug_macro   0x00000000       0x6a ./Generated_Code/TU1.o
 .debug_macro   0x00000000     0x9b9f ./Generated_Code/TU1.o
 .debug_macro   0x00000000       0x94 ./Generated_Code/TU1.o
 .debug_macro   0x00000000      0x6a0 ./Generated_Code/TU1.o
 .debug_macro   0x00000000       0x9a ./Generated_Code/TU1.o
 .debug_macro   0x00000000       0x82 ./Generated_Code/TU1.o
 .group         0x00000000        0x8 ./Generated_Code/Term1.o
 .group         0x00000000        0x8 ./Generated_Code/Term1.o
 .group         0x00000000        0x8 ./Generated_Code/Term1.o
 .group         0x00000000        0x8 ./Generated_Code/Term1.o
 .group         0x00000000        0x8 ./Generated_Code/Term1.o
 .group         0x00000000        0x8 ./Generated_Code/Term1.o
 .group         0x00000000        0x8 ./Generated_Code/Term1.o
 .group         0x00000000        0x8 ./Generated_Code/Term1.o
 .group         0x00000000        0x8 ./Generated_Code/Term1.o
 .group         0x00000000        0x8 ./Generated_Code/Term1.o
 .group         0x00000000        0x8 ./Generated_Code/Term1.o
 .text          0x00000000        0x0 ./Generated_Code/Term1.o
 .data          0x00000000        0x0 ./Generated_Code/Term1.o
 .bss           0x00000000        0x0 ./Generated_Code/Term1.o
 .text.Term1_SendChar
                0x00000000       0x20 ./Generated_Code/Term1.o
 .text.SendESCPrefix
                0x00000000       0x24 ./Generated_Code/Term1.o
 .text.Term1_ReadChar
                0x00000000       0x1c ./Generated_Code/Term1.o
 .text.Term1_KeyPressed
                0x00000000       0x1c ./Generated_Code/Term1.o
 .text.Term1_CRLF
                0x00000000       0x24 ./Generated_Code/Term1.o
 .text.Term1_Cls
                0x00000000       0x28 ./Generated_Code/Term1.o
 .text.Term1_MoveTo
                0x00000000       0x44 ./Generated_Code/Term1.o
 .debug_macro   0x00000000      0x84a ./Generated_Code/Term1.o
 .debug_macro   0x00000000       0x16 ./Generated_Code/Term1.o
 .debug_macro   0x00000000       0x44 ./Generated_Code/Term1.o
 .debug_macro   0x00000000      0x209 ./Generated_Code/Term1.o
 .debug_macro   0x00000000     0x1680 ./Generated_Code/Term1.o
 .debug_macro   0x00000000      0x14e ./Generated_Code/Term1.o
 .debug_macro   0x00000000       0x6a ./Generated_Code/Term1.o
 .debug_macro   0x00000000     0x9b9f ./Generated_Code/Term1.o
 .debug_macro   0x00000000       0x9a ./Generated_Code/Term1.o
 .debug_macro   0x00000000       0x5e ./Generated_Code/Term1.o
 .debug_macro   0x00000000       0x11 ./Generated_Code/Term1.o
 .group         0x00000000        0x8 ./Generated_Code/Vectors.o
 .group         0x00000000        0x8 ./Generated_Code/Vectors.o
 .group         0x00000000        0x8 ./Generated_Code/Vectors.o
 .group         0x00000000        0x8 ./Generated_Code/Vectors.o
 .group         0x00000000        0x8 ./Generated_Code/Vectors.o
 .group         0x00000000        0x8 ./Generated_Code/Vectors.o
 .group         0x00000000        0x8 ./Generated_Code/Vectors.o
 .group         0x00000000        0x8 ./Generated_Code/Vectors.o
 .group         0x00000000        0x8 ./Generated_Code/Vectors.o
 .group         0x00000000        0x8 ./Generated_Code/Vectors.o
 .group         0x00000000        0x8 ./Generated_Code/Vectors.o
 .group         0x00000000        0x8 ./Generated_Code/Vectors.o
 .group         0x00000000        0x8 ./Generated_Code/Vectors.o
 .group         0x00000000        0x8 ./Generated_Code/Vectors.o
 .group         0x00000000        0x8 ./Generated_Code/Vectors.o
 .group         0x00000000        0x8 ./Generated_Code/Vectors.o
 .group         0x00000000        0x8 ./Generated_Code/Vectors.o
 .group         0x00000000        0x8 ./Generated_Code/Vectors.o
 .group         0x00000000        0x8 ./Generated_Code/Vectors.o
 .group         0x00000000        0x8 ./Generated_Code/Vectors.o
 .group         0x00000000        0x8 ./Generated_Code/Vectors.o
 .group         0x00000000        0x8 ./Generated_Code/Vectors.o
 .group         0x00000000        0x8 ./Generated_Code/Vectors.o
 .text          0x00000000        0x0 ./Generated_Code/Vectors.o
 .data          0x00000000        0x0 ./Generated_Code/Vectors.o
 .bss           0x00000000        0x0 ./Generated_Code/Vectors.o
 .debug_macro   0x00000000      0x84a ./Generated_Code/Vectors.o
 .debug_macro   0x00000000       0x16 ./Generated_Code/Vectors.o
 .debug_macro   0x00000000       0x44 ./Generated_Code/Vectors.o
 .debug_macro   0x00000000      0x209 ./Generated_Code/Vectors.o
 .debug_macro   0x00000000     0x1680 ./Generated_Code/Vectors.o
 .debug_macro   0x00000000      0x14e ./Generated_Code/Vectors.o
 .debug_macro   0x00000000       0x6a ./Generated_Code/Vectors.o
 .debug_macro   0x00000000     0x9b9f ./Generated_Code/Vectors.o
 .debug_macro   0x00000000       0x94 ./Generated_Code/Vectors.o
 .debug_macro   0x00000000       0x94 ./Generated_Code/Vectors.o
 .debug_macro   0x00000000      0x616 ./Generated_Code/Vectors.o
 .debug_macro   0x00000000       0x7b ./Generated_Code/Vectors.o
 .debug_macro   0x00000000       0x10 ./Generated_Code/Vectors.o
 .debug_macro   0x00000000       0x5e ./Generated_Code/Vectors.o
 .debug_macro   0x00000000       0x11 ./Generated_Code/Vectors.o
 .debug_macro   0x00000000      0x6a6 ./Generated_Code/Vectors.o
 .debug_macro   0x00000000       0x82 ./Generated_Code/Vectors.o
 .debug_macro   0x00000000       0x3f ./Generated_Code/Vectors.o
 .debug_macro   0x00000000       0x2c ./Generated_Code/Vectors.o
 .debug_macro   0x00000000       0x45 ./Generated_Code/Vectors.o
 .debug_macro   0x00000000       0x2c ./Generated_Code/Vectors.o
 .debug_macro   0x00000000       0x45 ./Generated_Code/Vectors.o
 .debug_macro   0x00000000       0x2c ./Generated_Code/Vectors.o
 .data          0x00000000        0x0 c:/freescale/kds_3.0.0/toolchain/bin/../lib/gcc/arm-none-eabi/4.8.4/armv7e-m\libgcc.a(_arm_addsubdf3.o)
 .bss           0x00000000        0x0 c:/freescale/kds_3.0.0/toolchain/bin/../lib/gcc/arm-none-eabi/4.8.4/armv7e-m\libgcc.a(_arm_addsubdf3.o)
 .data          0x00000000        0x0 c:/freescale/kds_3.0.0/toolchain/bin/../lib/gcc/arm-none-eabi/4.8.4/armv7e-m\libgcc.a(_arm_muldivdf3.o)
 .bss           0x00000000        0x0 c:/freescale/kds_3.0.0/toolchain/bin/../lib/gcc/arm-none-eabi/4.8.4/armv7e-m\libgcc.a(_arm_muldivdf3.o)
 .data          0x00000000        0x0 c:/freescale/kds_3.0.0/toolchain/bin/../lib/gcc/arm-none-eabi/4.8.4/armv7e-m\libgcc.a(_arm_fixdfsi.o)
 .bss           0x00000000        0x0 c:/freescale/kds_3.0.0/toolchain/bin/../lib/gcc/arm-none-eabi/4.8.4/armv7e-m\libgcc.a(_arm_fixdfsi.o)
 .text          0x00000000      0x21c c:/freescale/kds_3.0.0/toolchain/bin/../lib/gcc/arm-none-eabi/4.8.4/armv7e-m\libgcc.a(_arm_addsubsf3.o)
 .data          0x00000000        0x0 c:/freescale/kds_3.0.0/toolchain/bin/../lib/gcc/arm-none-eabi/4.8.4/armv7e-m\libgcc.a(_arm_addsubsf3.o)
 .bss           0x00000000        0x0 c:/freescale/kds_3.0.0/toolchain/bin/../lib/gcc/arm-none-eabi/4.8.4/armv7e-m\libgcc.a(_arm_addsubsf3.o)
 .ARM.attributes
                0x00000000       0x1e c:/freescale/kds_3.0.0/toolchain/bin/../lib/gcc/arm-none-eabi/4.8.4/armv7e-m\libgcc.a(_arm_addsubsf3.o)
 .text          0x00000000      0x2a0 c:/freescale/kds_3.0.0/toolchain/bin/../lib/gcc/arm-none-eabi/4.8.4/armv7e-m\libgcc.a(_arm_muldivsf3.o)
 .data          0x00000000        0x0 c:/freescale/kds_3.0.0/toolchain/bin/../lib/gcc/arm-none-eabi/4.8.4/armv7e-m\libgcc.a(_arm_muldivsf3.o)
 .bss           0x00000000        0x0 c:/freescale/kds_3.0.0/toolchain/bin/../lib/gcc/arm-none-eabi/4.8.4/armv7e-m\libgcc.a(_arm_muldivsf3.o)
 .ARM.attributes
                0x00000000       0x1e c:/freescale/kds_3.0.0/toolchain/bin/../lib/gcc/arm-none-eabi/4.8.4/armv7e-m\libgcc.a(_arm_muldivsf3.o)
 .text          0x00000000       0xec c:/freescale/kds_3.0.0/toolchain/bin/../lib/gcc/arm-none-eabi/4.8.4/armv7e-m\libgcc.a(_arm_cmpsf2.o)
 .data          0x00000000        0x0 c:/freescale/kds_3.0.0/toolchain/bin/../lib/gcc/arm-none-eabi/4.8.4/armv7e-m\libgcc.a(_arm_cmpsf2.o)
 .bss           0x00000000        0x0 c:/freescale/kds_3.0.0/toolchain/bin/../lib/gcc/arm-none-eabi/4.8.4/armv7e-m\libgcc.a(_arm_cmpsf2.o)
 .ARM.attributes
                0x00000000       0x1e c:/freescale/kds_3.0.0/toolchain/bin/../lib/gcc/arm-none-eabi/4.8.4/armv7e-m\libgcc.a(_arm_cmpsf2.o)
 .text          0x00000000       0x40 c:/freescale/kds_3.0.0/toolchain/bin/../lib/gcc/arm-none-eabi/4.8.4/armv7e-m\libgcc.a(_arm_fixunssfsi.o)
 .data          0x00000000        0x0 c:/freescale/kds_3.0.0/toolchain/bin/../lib/gcc/arm-none-eabi/4.8.4/armv7e-m\libgcc.a(_arm_fixunssfsi.o)
 .bss           0x00000000        0x0 c:/freescale/kds_3.0.0/toolchain/bin/../lib/gcc/arm-none-eabi/4.8.4/armv7e-m\libgcc.a(_arm_fixunssfsi.o)
 .ARM.attributes
                0x00000000       0x1e c:/freescale/kds_3.0.0/toolchain/bin/../lib/gcc/arm-none-eabi/4.8.4/armv7e-m\libgcc.a(_arm_fixunssfsi.o)
 .text          0x00000000        0x0 c:/freescale/kds_3.0.0/toolchain/bin/../lib/gcc/arm-none-eabi/4.8.4/../../../../arm-none-eabi/lib/armv7e-m\libg_s.a(lib_a-exit.o)
 .data          0x00000000        0x0 c:/freescale/kds_3.0.0/toolchain/bin/../lib/gcc/arm-none-eabi/4.8.4/../../../../arm-none-eabi/lib/armv7e-m\libg_s.a(lib_a-exit.o)
 .bss           0x00000000        0x0 c:/freescale/kds_3.0.0/toolchain/bin/../lib/gcc/arm-none-eabi/4.8.4/../../../../arm-none-eabi/lib/armv7e-m\libg_s.a(lib_a-exit.o)
 .text          0x00000000        0x0 c:/freescale/kds_3.0.0/toolchain/bin/../lib/gcc/arm-none-eabi/4.8.4/../../../../arm-none-eabi/lib/armv7e-m\libg_s.a(lib_a-impure.o)
 .data          0x00000000        0x0 c:/freescale/kds_3.0.0/toolchain/bin/../lib/gcc/arm-none-eabi/4.8.4/../../../../arm-none-eabi/lib/armv7e-m\libg_s.a(lib_a-impure.o)
 .bss           0x00000000        0x0 c:/freescale/kds_3.0.0/toolchain/bin/../lib/gcc/arm-none-eabi/4.8.4/../../../../arm-none-eabi/lib/armv7e-m\libg_s.a(lib_a-impure.o)
 .data._impure_ptr
                0x00000000        0x4 c:/freescale/kds_3.0.0/toolchain/bin/../lib/gcc/arm-none-eabi/4.8.4/../../../../arm-none-eabi/lib/armv7e-m\libg_s.a(lib_a-impure.o)
 .text          0x00000000        0x0 c:/freescale/kds_3.0.0/toolchain/bin/../lib/gcc/arm-none-eabi/4.8.4/../../../../arm-none-eabi/lib/armv7e-m\libg_s.a(lib_a-init.o)
 .data          0x00000000        0x0 c:/freescale/kds_3.0.0/toolchain/bin/../lib/gcc/arm-none-eabi/4.8.4/../../../../arm-none-eabi/lib/armv7e-m\libg_s.a(lib_a-init.o)
 .bss           0x00000000        0x0 c:/freescale/kds_3.0.0/toolchain/bin/../lib/gcc/arm-none-eabi/4.8.4/../../../../arm-none-eabi/lib/armv7e-m\libg_s.a(lib_a-init.o)
 .text          0x00000000        0x0 c:/freescale/kds_3.0.0/toolchain/bin/../lib/gcc/arm-none-eabi/4.8.4/../../../../arm-none-eabi/lib/armv7e-m\libg_s.a(lib_a-memset.o)
 .data          0x00000000        0x0 c:/freescale/kds_3.0.0/toolchain/bin/../lib/gcc/arm-none-eabi/4.8.4/../../../../arm-none-eabi/lib/armv7e-m\libg_s.a(lib_a-memset.o)
 .bss           0x00000000        0x0 c:/freescale/kds_3.0.0/toolchain/bin/../lib/gcc/arm-none-eabi/4.8.4/../../../../arm-none-eabi/lib/armv7e-m\libg_s.a(lib_a-memset.o)
 .text          0x00000000        0x0 c:/freescale/kds_3.0.0/toolchain/bin/../lib/gcc/arm-none-eabi/4.8.4/../../../../arm-none-eabi/lib/armv7e-m\libnosys.a(_exit.o)
 .data          0x00000000        0x0 c:/freescale/kds_3.0.0/toolchain/bin/../lib/gcc/arm-none-eabi/4.8.4/../../../../arm-none-eabi/lib/armv7e-m\libnosys.a(_exit.o)
 .bss           0x00000000        0x0 c:/freescale/kds_3.0.0/toolchain/bin/../lib/gcc/arm-none-eabi/4.8.4/../../../../arm-none-eabi/lib/armv7e-m\libnosys.a(_exit.o)
 .text          0x00000000        0x0 c:/freescale/kds_3.0.0/toolchain/bin/../lib/gcc/arm-none-eabi/4.8.4/armv7e-m/crtend.o
 .data          0x00000000        0x0 c:/freescale/kds_3.0.0/toolchain/bin/../lib/gcc/arm-none-eabi/4.8.4/armv7e-m/crtend.o
 .bss           0x00000000        0x0 c:/freescale/kds_3.0.0/toolchain/bin/../lib/gcc/arm-none-eabi/4.8.4/armv7e-m/crtend.o
 .eh_frame      0x00000000        0x4 c:/freescale/kds_3.0.0/toolchain/bin/../lib/gcc/arm-none-eabi/4.8.4/armv7e-m/crtend.o
 .jcr           0x00000000        0x4 c:/freescale/kds_3.0.0/toolchain/bin/../lib/gcc/arm-none-eabi/4.8.4/armv7e-m/crtend.o
 .ARM.attributes
                0x00000000       0x2e c:/freescale/kds_3.0.0/toolchain/bin/../lib/gcc/arm-none-eabi/4.8.4/armv7e-m/crtend.o
 .text          0x00000000        0x0 c:/freescale/kds_3.0.0/toolchain/bin/../lib/gcc/arm-none-eabi/4.8.4/armv7e-m/crtn.o
 .data          0x00000000        0x0 c:/freescale/kds_3.0.0/toolchain/bin/../lib/gcc/arm-none-eabi/4.8.4/armv7e-m/crtn.o
 .bss           0x00000000        0x0 c:/freescale/kds_3.0.0/toolchain/bin/../lib/gcc/arm-none-eabi/4.8.4/armv7e-m/crtn.o

Memory Configuration

Name             Origin             Length             Attributes
m_interrupts     0x00000000         0x000000f8         xr
m_text           0x00000410         0x0001fbf0         xr
m_data           0x1fffe000         0x00002000         rw
m_data_20000000  0x20000000         0x00002000         rw
m_cfmprotrom     0x00000400         0x00000010         xr
*default*        0x00000000         0xffffffff

Linker script and memory map

LOAD c:/freescale/kds_3.0.0/toolchain/bin/../lib/gcc/arm-none-eabi/4.8.4/armv7e-m/crti.o
LOAD c:/freescale/kds_3.0.0/toolchain/bin/../lib/gcc/arm-none-eabi/4.8.4/armv7e-m/crtbegin.o
LOAD c:/freescale/kds_3.0.0/toolchain/bin/../lib/gcc/arm-none-eabi/4.8.4/../../../../arm-none-eabi/lib/armv7e-m/crt0.o
LOAD ./Sources/Events.o
LOAD ./Sources/main.o
LOAD ./Project_Settings/Startup_Code/startup.o
LOAD ./Generated_Code/AD1.o
LOAD ./Generated_Code/ASerialLdd1.o
LOAD ./Generated_Code/AdcLdd1.o
LOAD ./Generated_Code/Blue.o
LOAD ./Generated_Code/Cpu.o
LOAD ./Generated_Code/Green.o
LOAD ./Generated_Code/Inhr1.o
LOAD ./Generated_Code/PE_LDD.o
LOAD ./Generated_Code/PwmLdd1.o
LOAD ./Generated_Code/PwmLdd2.o
LOAD ./Generated_Code/PwmLdd3.o
LOAD ./Generated_Code/Red.o
LOAD ./Generated_Code/TU1.o
LOAD ./Generated_Code/Term1.o
LOAD ./Generated_Code/Vectors.o
LOAD c:/freescale/kds_3.0.0/toolchain/bin/../lib/gcc/arm-none-eabi/4.8.4/../../../../arm-none-eabi/lib/armv7e-m\libstdc++_s.a
LOAD c:/freescale/kds_3.0.0/toolchain/bin/../lib/gcc/arm-none-eabi/4.8.4/../../../../arm-none-eabi/lib/armv7e-m\libm.a
START GROUP
LOAD c:/freescale/kds_3.0.0/toolchain/bin/../lib/gcc/arm-none-eabi/4.8.4/armv7e-m\libgcc.a
LOAD c:/freescale/kds_3.0.0/toolchain/bin/../lib/gcc/arm-none-eabi/4.8.4/../../../../arm-none-eabi/lib/armv7e-m\libg_s.a
LOAD c:/freescale/kds_3.0.0/toolchain/bin/../lib/gcc/arm-none-eabi/4.8.4/../../../../arm-none-eabi/lib/armv7e-m\libc_s.a
END GROUP
START GROUP
LOAD c:/freescale/kds_3.0.0/toolchain/bin/../lib/gcc/arm-none-eabi/4.8.4/armv7e-m\libgcc.a
LOAD c:/freescale/kds_3.0.0/toolchain/bin/../lib/gcc/arm-none-eabi/4.8.4/../../../../arm-none-eabi/lib/armv7e-m\libc_s.a
LOAD c:/freescale/kds_3.0.0/toolchain/bin/../lib/gcc/arm-none-eabi/4.8.4/../../../../arm-none-eabi/lib/armv7e-m\libnosys.a
END GROUP
START GROUP
LOAD c:/freescale/kds_3.0.0/toolchain/bin/../lib/gcc/arm-none-eabi/4.8.4/armv7e-m\libgcc.a
LOAD c:/freescale/kds_3.0.0/toolchain/bin/../lib/gcc/arm-none-eabi/4.8.4/../../../../arm-none-eabi/lib/armv7e-m\libc_s.a
LOAD c:/freescale/kds_3.0.0/toolchain/bin/../lib/gcc/arm-none-eabi/4.8.4/../../../../arm-none-eabi/lib/armv7e-m\libnosys.a
END GROUP
LOAD c:/freescale/kds_3.0.0/toolchain/bin/../lib/gcc/arm-none-eabi/4.8.4/armv7e-m/crtend.o
LOAD c:/freescale/kds_3.0.0/toolchain/bin/../lib/gcc/arm-none-eabi/4.8.4/armv7e-m/crtn.o
                0x20000000                _estack = 0x20000000
                0x20000000                __SP_INIT = _estack
                0x20000000                __stack = _estack
                0x00000000                __heap_size = 0x0
                0x00000400                __stack_size = 0x400

.interrupts     0x00000000       0xf8
                0x00000000                __vector_table = .
                0x00000000                . = ALIGN (0x4)
 *(.vectortable)
 .vectortable   0x00000000       0xf8 ./Generated_Code/Vectors.o
                0x00000000                __vect_table
                0x000000f8                . = ALIGN (0x4)

.cfmprotect     0x00000400       0x10
                0x00000400                . = ALIGN (0x4)
 *(.cfmconfig)
 .cfmconfig     0x00000400       0x10 ./Generated_Code/Cpu.o
                0x00000400                _cfm
                0x00000410                . = ALIGN (0x4)

.text           0x00000410     0x1af4
                0x00000410                . = ALIGN (0x4)
 *(.text)
 .text          0x00000410       0x54 c:/freescale/kds_3.0.0/toolchain/bin/../lib/gcc/arm-none-eabi/4.8.4/armv7e-m/crtbegin.o
 .text          0x00000464       0x74 c:/freescale/kds_3.0.0/toolchain/bin/../lib/gcc/arm-none-eabi/4.8.4/../../../../arm-none-eabi/lib/armv7e-m/crt0.o
                0x00000464                _start
                0x00000464                _mainCRTStartup
 .text          0x000004d8      0x370 c:/freescale/kds_3.0.0/toolchain/bin/../lib/gcc/arm-none-eabi/4.8.4/armv7e-m\libgcc.a(_arm_addsubdf3.o)
                0x000004d8                __aeabi_drsub
                0x000004e0                __aeabi_dsub
                0x000004e0                __subdf3
                0x000004e4                __aeabi_dadd
                0x000004e4                __adddf3
                0x0000075c                __floatunsidf
                0x0000075c                __aeabi_ui2d
                0x0000077c                __floatsidf
                0x0000077c                __aeabi_i2d
                0x000007a0                __aeabi_f2d
                0x000007a0                __extendsfdf2
                0x000007dc                __floatundidf
                0x000007dc                __aeabi_ul2d
                0x000007ec                __floatdidf
                0x000007ec                __aeabi_l2d
 .text          0x00000848      0x424 c:/freescale/kds_3.0.0/toolchain/bin/../lib/gcc/arm-none-eabi/4.8.4/armv7e-m\libgcc.a(_arm_muldivdf3.o)
                0x00000848                __aeabi_dmul
                0x00000848                __muldf3
                0x00000a9c                __divdf3
                0x00000a9c                __aeabi_ddiv
 .text          0x00000c6c       0x50 c:/freescale/kds_3.0.0/toolchain/bin/../lib/gcc/arm-none-eabi/4.8.4/armv7e-m\libgcc.a(_arm_fixdfsi.o)
                0x00000c6c                __aeabi_d2iz
                0x00000c6c                __fixdfsi
 *(.text*)
 .text.Cpu_OnNMIINT
                0x00000cbc        0xc ./Sources/Events.o
                0x00000cbc                Cpu_OnNMIINT
 .text.AD1_OnEnd
                0x00000cc8        0xc ./Sources/Events.o
                0x00000cc8                AD1_OnEnd
 .text.AD1_OnCalibrationEnd
                0x00000cd4        0xc ./Sources/Events.o
                0x00000cd4                AD1_OnCalibrationEnd
 .text.main     0x00000ce0       0xa0 ./Sources/main.o
                0x00000ce0                main
 .text.__copy_rom_section
                0x00000d80       0xe4 ./Project_Settings/Startup_Code/startup.o
                0x00000d80                __copy_rom_section
 .text.__copy_rom_sections_to_ram
                0x00000e64       0x9c ./Project_Settings/Startup_Code/startup.o
                0x00000e64                __copy_rom_sections_to_ram
 .text.__init_registers
                0x00000f00        0xc ./Project_Settings/Startup_Code/startup.o
                0x00000f00                __init_registers
 .text.__init_user
                0x00000f0c        0xc ./Project_Settings/Startup_Code/startup.o
                0x00000f0c                __init_user
 .text.__thumb_startup
                0x00000f18       0x34 ./Project_Settings/Startup_Code/startup.o
                0x00000f18                __thumb_startup
 .text.AD1_HWEnDi
                0x00000f4c       0x44 ./Generated_Code/AD1.o
                0x00000f4c                AD1_HWEnDi
 .text.AD1_Measure
                0x00000f90       0x44 ./Generated_Code/AD1.o
                0x00000f90                AD1_Measure
 .text.AD1_GetValue8
                0x00000fd4       0x3c ./Generated_Code/AD1.o
                0x00000fd4                AD1_GetValue8
 .text.AdcLdd1_OnMeasurementComplete
                0x00001010       0x5c ./Generated_Code/AD1.o
                0x00001010                AdcLdd1_OnMeasurementComplete
 .text.AD1_Init
                0x0000106c       0x2c ./Generated_Code/AD1.o
                0x0000106c                AD1_Init
 .text.ASerialLdd1_Init
                0x00001098      0x160 ./Generated_Code/ASerialLdd1.o
                0x00001098                ASerialLdd1_Init
 .text.ASerialLdd1_ReceiveBlock
                0x000011f8       0x48 ./Generated_Code/ASerialLdd1.o
                0x000011f8                ASerialLdd1_ReceiveBlock
 .text.ASerialLdd1_SendBlock
                0x00001240       0x58 ./Generated_Code/ASerialLdd1.o
                0x00001240                ASerialLdd1_SendBlock
 .text.InterruptRx
                0x00001298       0x50 ./Generated_Code/ASerialLdd1.o
 .text.InterruptTx
                0x000012e8       0x60 ./Generated_Code/ASerialLdd1.o
 .text.ASerialLdd1_Main
                0x00001348       0xd8 ./Generated_Code/ASerialLdd1.o
                0x00001348                ASerialLdd1_Main
 .text.AdcLdd1_Init
                0x00001420       0x9c ./Generated_Code/AdcLdd1.o
                0x00001420                AdcLdd1_Init
 .text.AdcLdd1_StartSingleMeasurement
                0x000014bc       0x4c ./Generated_Code/AdcLdd1.o
                0x000014bc                AdcLdd1_StartSingleMeasurement
 .text.AdcLdd1_CreateSampleGroup
                0x00001508       0x64 ./Generated_Code/AdcLdd1.o
                0x00001508                AdcLdd1_CreateSampleGroup
 .text.AdcLdd1_GetMeasuredValues
                0x0000156c       0x4c ./Generated_Code/AdcLdd1.o
                0x0000156c                AdcLdd1_GetMeasuredValues
 .text.AdcLdd1_GetCalibrationResultStatus
                0x000015b8       0xbc ./Generated_Code/AdcLdd1.o
                0x000015b8                AdcLdd1_GetCalibrationResultStatus
 .text.AdcLdd1_MeasurementCompleteInterrupt
                0x00001674       0x3c ./Generated_Code/AdcLdd1.o
                0x00001674                AdcLdd1_MeasurementCompleteInterrupt
 .text.Cpu_INT_NMIInterrupt
                0x000016b0       0x1c ./Generated_Code/Cpu.o
                0x000016b0                Cpu_INT_NMIInterrupt
 .text.Cpu_Interrupt
                0x000016cc       0x18 ./Generated_Code/Cpu.o
                0x000016cc                Cpu_Interrupt
 .text.__init_hardware
                0x000016e4      0x11c ./Generated_Code/Cpu.o
                0x000016e4                __init_hardware
 .text.Cpu_SetBASEPRI
                0x00001800       0x18 ./Generated_Code/Cpu.o
                0x00001800                Cpu_SetBASEPRI
 .text.PE_low_level_init
                0x00001818       0xc0 ./Generated_Code/Cpu.o
                0x00001818                PE_low_level_init
 .text.HWEnDi   0x000018d8       0x1c ./Generated_Code/Inhr1.o
 .text.Inhr1_SendChar
                0x000018f4       0x5c ./Generated_Code/Inhr1.o
                0x000018f4                Inhr1_SendChar
 .text.Inhr1_Init
                0x00001950       0x24 ./Generated_Code/Inhr1.o
                0x00001950                Inhr1_Init
 .text.ASerialLdd1_OnBreak
                0x00001974       0x24 ./Generated_Code/Inhr1.o
                0x00001974                ASerialLdd1_OnBreak
 .text.PwmLdd1_Init
                0x00001998       0x54 ./Generated_Code/PwmLdd1.o
                0x00001998                PwmLdd1_Init
 .text.PwmLdd1_SetRatio8
                0x000019ec       0x2c ./Generated_Code/PwmLdd1.o
                0x000019ec                PwmLdd1_SetRatio8
 .text.SetRatio
                0x00001a18       0x54 ./Generated_Code/PwmLdd1.o
 .text.PwmLdd2_Init
                0x00001a6c       0x54 ./Generated_Code/PwmLdd2.o
                0x00001a6c                PwmLdd2_Init
 .text.PwmLdd3_Init
                0x00001ac0       0x54 ./Generated_Code/PwmLdd3.o
                0x00001ac0                PwmLdd3_Init
 .text.TU1_Init
                0x00001b14      0x13c ./Generated_Code/TU1.o
                0x00001b14                TU1_Init
 .text.TU1_GetPeriodTicks
                0x00001c50       0x30 ./Generated_Code/TU1.o
                0x00001c50                TU1_GetPeriodTicks
 .text.TU1_SetOffsetTicks
                0x00001c80       0x54 ./Generated_Code/TU1.o
                0x00001c80                TU1_SetOffsetTicks
 .text.Term1_SendStr
                0x00001cd4       0x34 ./Generated_Code/Term1.o
                0x00001cd4                Term1_SendStr
 .text.LongToStr
                0x00001d08       0xf4 ./Generated_Code/Term1.o
 .text.Term1_SendNum
                0x00001dfc       0x54 ./Generated_Code/Term1.o
                0x00001dfc                Term1_SendNum
 .text.exit     0x00001e50       0x28 c:/freescale/kds_3.0.0/toolchain/bin/../lib/gcc/arm-none-eabi/4.8.4/../../../../arm-none-eabi/lib/armv7e-m\libg_s.a(lib_a-exit.o)
                0x00001e50                exit
 .text.__libc_init_array
                0x00001e78       0x4c c:/freescale/kds_3.0.0/toolchain/bin/../lib/gcc/arm-none-eabi/4.8.4/../../../../arm-none-eabi/lib/armv7e-m\libg_s.a(lib_a-init.o)
                0x00001e78                __libc_init_array
 .text.memset   0x00001ec4       0x10 c:/freescale/kds_3.0.0/toolchain/bin/../lib/gcc/arm-none-eabi/4.8.4/../../../../arm-none-eabi/lib/armv7e-m\libg_s.a(lib_a-memset.o)
                0x00001ec4                memset
 .text._exit    0x00001ed4        0x4 c:/freescale/kds_3.0.0/toolchain/bin/../lib/gcc/arm-none-eabi/4.8.4/../../../../arm-none-eabi/lib/armv7e-m\libnosys.a(_exit.o)
                0x00001ed4                _exit
 *(.rodata)
 .rodata        0x00001ed8        0x4 ./Sources/main.o
 *(.rodata*)
 .rodata.ChannelDevice
                0x00001edc        0x4 ./Generated_Code/TU1.o
 .rodata.ChannelMode
                0x00001ee0        0x4 ./Generated_Code/TU1.o
 .rodata.str1.1
                0x00001ee4        0x2 c:/freescale/kds_3.0.0/toolchain/bin/../lib/gcc/arm-none-eabi/4.8.4/../../../../arm-none-eabi/lib/armv7e-m\libg_s.a(lib_a-impure.o)
 *fill*         0x00001ee6        0x2 
 .rodata._global_impure_ptr
                0x00001ee8        0x4 c:/freescale/kds_3.0.0/toolchain/bin/../lib/gcc/arm-none-eabi/4.8.4/../../../../arm-none-eabi/lib/armv7e-m\libg_s.a(lib_a-impure.o)
                0x00001ee8                _global_impure_ptr
 *(.glue_7)
 .glue_7        0x00000000        0x0 linker stubs
 *(.glue_7t)
 .glue_7t       0x00000000        0x0 linker stubs
 *(.eh_frame)
 .eh_frame      0x00001eec        0x0 c:/freescale/kds_3.0.0/toolchain/bin/../lib/gcc/arm-none-eabi/4.8.4/armv7e-m/crtbegin.o
 *(.init)
 .init          0x00001eec        0x4 c:/freescale/kds_3.0.0/toolchain/bin/../lib/gcc/arm-none-eabi/4.8.4/armv7e-m/crti.o
                0x00001eec                _init
 .init          0x00001ef0        0x8 c:/freescale/kds_3.0.0/toolchain/bin/../lib/gcc/arm-none-eabi/4.8.4/armv7e-m/crtn.o
 *(.fini)
 .fini          0x00001ef8        0x4 c:/freescale/kds_3.0.0/toolchain/bin/../lib/gcc/arm-none-eabi/4.8.4/armv7e-m/crti.o
                0x00001ef8                _fini
 .fini          0x00001efc        0x8 c:/freescale/kds_3.0.0/toolchain/bin/../lib/gcc/arm-none-eabi/4.8.4/armv7e-m/crtn.o
                0x00001f04                . = ALIGN (0x4)
                0x00001f04                _etext = .

.vfp11_veneer   0x00001f04        0x0
 .vfp11_veneer  0x00000000        0x0 linker stubs

.v4_bx          0x00001f04        0x0
 .v4_bx         0x00000000        0x0 linker stubs

.iplt           0x00001f04        0x0
 .iplt          0x00000000        0x0 c:/freescale/kds_3.0.0/toolchain/bin/../lib/gcc/arm-none-eabi/4.8.4/armv7e-m/crtbegin.o

.ARM.extab
 *(.ARM.extab* .gnu.linkonce.armextab.*)

.ARM            0x00001f04        0x8
                0x00001f04                __exidx_start = .
 *(.ARM.exidx*)
 .ARM.exidx     0x00001f04        0x8 c:/freescale/kds_3.0.0/toolchain/bin/../lib/gcc/arm-none-eabi/4.8.4/../../../../arm-none-eabi/lib/armv7e-m/crt0.o
                0x00001f0c                __exidx_end = .

.rel.dyn        0x00001f0c        0x0
 .rel.iplt      0x00000000        0x0 c:/freescale/kds_3.0.0/toolchain/bin/../lib/gcc/arm-none-eabi/4.8.4/armv7e-m/crtbegin.o

.ctors          0x00001f0c        0x0
                0x00001f0c                __CTOR_LIST__ = .
 *crtbegin.o(.ctors)
 *(EXCLUDE_FILE(*crtend.o) .ctors)
 *(SORT(.ctors.*))
 *(.ctors)
                0x00001f0c                __CTOR_END__ = .

.dtors          0x00001f0c        0x0
                0x00001f0c                __DTOR_LIST__ = .
 *crtbegin.o(.dtors)
 *(EXCLUDE_FILE(*crtend.o) .dtors)
 *(SORT(.dtors.*))
 *(.dtors)
                0x00001f0c                __DTOR_END__ = .

.preinit_array  0x00001f0c        0x0
                0x00001f0c                PROVIDE (__preinit_array_start, .)
 *(.preinit_array*)
                0x00001f0c                PROVIDE (__preinit_array_end, .)

.init_array     0x00001f0c        0x4
                0x00001f0c                PROVIDE (__init_array_start, .)
 *(SORT(.init_array.*))
 *(.init_array*)
 .init_array    0x00001f0c        0x4 c:/freescale/kds_3.0.0/toolchain/bin/../lib/gcc/arm-none-eabi/4.8.4/armv7e-m/crtbegin.o
                0x00001f10                PROVIDE (__init_array_end, .)

.fini_array     0x00001f10        0x4
                0x00001f10                PROVIDE (__fini_array_start, .)
 *(SORT(.fini_array.*))
 *(.fini_array*)
 .fini_array    0x00001f10        0x4 c:/freescale/kds_3.0.0/toolchain/bin/../lib/gcc/arm-none-eabi/4.8.4/armv7e-m/crtbegin.o
                0x00001f14                PROVIDE (__fini_array_end, .)
                0x00001f14                ___ROM_AT = .

.data           0x1fffe000       0x60 load address 0x00001f14
                0x1fffe000                . = ALIGN (0x4)
                0x1fffe000                _sdata = .
 *(.data)
 *(.data*)
 .data.impure_data
                0x1fffe000       0x60 c:/freescale/kds_3.0.0/toolchain/bin/../lib/gcc/arm-none-eabi/4.8.4/../../../../arm-none-eabi/lib/armv7e-m\libg_s.a(lib_a-impure.o)
                0x1fffe060                . = ALIGN (0x4)
                0x1fffe060                _edata = .
                0x00000060                ___data_size = (_edata - _sdata)
                0x00001f74                ___m_data_20000000_ROMStart = (___ROM_AT + SIZEOF (.data))

.jcr            0x1fffe060        0x0 load address 0x00001f74
 .jcr           0x1fffe060        0x0 c:/freescale/kds_3.0.0/toolchain/bin/../lib/gcc/arm-none-eabi/4.8.4/armv7e-m/crtbegin.o

.igot.plt       0x1fffe060        0x0 load address 0x00001f74
 .igot.plt      0x00000000        0x0 c:/freescale/kds_3.0.0/toolchain/bin/../lib/gcc/arm-none-eabi/4.8.4/armv7e-m/crtbegin.o

.m_data_20000000
                0x20000000        0x0 load address 0x00001f74
                0x20000000                . = ALIGN (0x4)
                0x20000000                ___m_data_20000000_RAMStart = .
 *(.m_data_20000000)
                0x20000000                ___m_data_20000000_RAMEnd = .
                0x20000000                . = ALIGN (0x4)
                0x00000000                ___m_data_20000000_ROMSize = (___m_data_20000000_RAMEnd - ___m_data_20000000_RAMStart)
                0x20000000                . = ALIGN (0x4)

.bss            0x1fffe060       0xa8 load address 0x00001f74
                0x1fffe060                __START_BSS = .
                0x1fffe060                PROVIDE (__bss_start__, __START_BSS)
 *(.bss)
 .bss           0x1fffe060       0x1c c:/freescale/kds_3.0.0/toolchain/bin/../lib/gcc/arm-none-eabi/4.8.4/armv7e-m/crtbegin.o
 *(.bss*)
 .bss.ModeFlg   0x1fffe07c        0x1 ./Generated_Code/AD1.o
 *fill*         0x1fffe07d        0x3 
 .bss.SampleGroup
                0x1fffe080        0x4 ./Generated_Code/AD1.o
 .bss.OutFlg    0x1fffe084        0x1 ./Generated_Code/AD1.o
 *fill*         0x1fffe085        0x3 
 .bss.DeviceDataPrv__DEFAULT_RTOS_ALLOC
                0x1fffe088       0x20 ./Generated_Code/ASerialLdd1.o
 .bss.DeviceDataPrv__DEFAULT_RTOS_ALLOC
                0x1fffe0a8        0x8 ./Generated_Code/AdcLdd1.o
 .bss.INT_ADC0__DEFAULT_RTOS_ISRPARAM
                0x1fffe0b0        0x4 ./Generated_Code/AdcLdd1.o
 .bss.SerFlag   0x1fffe0b4        0x2 ./Generated_Code/Inhr1.o
 .bss.BufferRead
                0x1fffe0b6        0x1 ./Generated_Code/Inhr1.o
 .bss.OutBuffer
                0x1fffe0b7        0x1 ./Generated_Code/Inhr1.o
 .bss.PE_LDD_DeviceDataList
                0x1fffe0b8       0x18 ./Generated_Code/PE_LDD.o
                0x1fffe0b8                PE_LDD_DeviceDataList
 .bss.DeviceDataPrv__DEFAULT_RTOS_ALLOC
                0x1fffe0d0        0xc ./Generated_Code/PwmLdd1.o
 .bss.DeviceDataPrv__DEFAULT_RTOS_ALLOC
                0x1fffe0dc        0xc ./Generated_Code/PwmLdd2.o
 .bss.DeviceDataPrv__DEFAULT_RTOS_ALLOC
                0x1fffe0e8        0xc ./Generated_Code/PwmLdd3.o
 .bss.DeviceDataPrv__DEFAULT_RTOS_ALLOC
                0x1fffe0f4        0x8 ./Generated_Code/TU1.o
 *(COMMON)
 COMMON         0x1fffe0fc        0x8 ./Generated_Code/AD1.o
                0x1fffe0fc                AD1_OutV
                0x1fffe100                AdcLdd1_DeviceDataPtr
 COMMON         0x1fffe104        0x4 ./Generated_Code/Inhr1.o
                0x1fffe104                ASerialLdd1_DeviceDataPtr
                0x1fffe108                . = ALIGN (0x4)
                0x1fffe108                __END_BSS = .
                0x1fffe108                PROVIDE (__bss_end__, __END_BSS)
                0x00001f74                _romp_at = ((___ROM_AT + SIZEOF (.data)) + SIZEOF (.m_data_20000000))

.romp           0x1fffe108       0x24 load address 0x00001f74
                0x00001f74                __S_romp = _romp_at
                0x1fffe108        0x4 LONG 0x1f14 ___ROM_AT
                0x1fffe10c        0x4 LONG 0x1fffe000 _sdata
                0x1fffe110        0x4 LONG 0x60 ___data_size
                0x1fffe114        0x4 LONG 0x1f74 ___m_data_20000000_ROMStart
                0x1fffe118        0x4 LONG 0x20000000 ___m_data_20000000_RAMStart
                0x1fffe11c        0x4 LONG 0x0 ___m_data_20000000_ROMSize
                0x1fffe120        0x4 LONG 0x0
                0x1fffe124        0x4 LONG 0x0
                0x1fffe128        0x4 LONG 0x0

._user_heap_stack
                0x1fffe12c      0x400 load address 0x00001f98
                0x1fffe12c                . = ALIGN (0x4)
                0x1fffe12c                PROVIDE (end, .)
                0x1fffe12c                PROVIDE (_end, .)
                0x1fffe12c                __heap_addr = .
                0x1fffe12c                __HeapBase = .
                0x1fffe12c                . = (. + __heap_size)
                0x1fffe12c                __HeapLimit = .
                0x1fffe52c                . = (. + __stack_size)
 *fill*         0x1fffe12c      0x400 
                0x1fffe52c                . = ALIGN (0x4)

.ARM.attributes
                0x00000000       0x2a
 *(.ARM.attributes)
 .ARM.attributes
                0x00000000       0x1e c:/freescale/kds_3.0.0/toolchain/bin/../lib/gcc/arm-none-eabi/4.8.4/armv7e-m/crti.o
 .ARM.attributes
                0x0000001e       0x2e c:/freescale/kds_3.0.0/toolchain/bin/../lib/gcc/arm-none-eabi/4.8.4/armv7e-m/crtbegin.o
 .ARM.attributes
                0x0000004c       0x1c c:/freescale/kds_3.0.0/toolchain/bin/../lib/gcc/arm-none-eabi/4.8.4/../../../../arm-none-eabi/lib/armv7e-m/crt0.o
 .ARM.attributes
                0x00000068       0x33 ./Sources/Events.o
 .ARM.attributes
                0x0000009b       0x33 ./Sources/main.o
 .ARM.attributes
                0x000000ce       0x33 ./Project_Settings/Startup_Code/startup.o
 .ARM.attributes
                0x00000101       0x33 ./Generated_Code/AD1.o
 .ARM.attributes
                0x00000134       0x33 ./Generated_Code/ASerialLdd1.o
 .ARM.attributes
                0x00000167       0x33 ./Generated_Code/AdcLdd1.o
 .ARM.attributes
                0x0000019a       0x33 ./Generated_Code/Cpu.o
 .ARM.attributes
                0x000001cd       0x33 ./Generated_Code/Inhr1.o
 .ARM.attributes
                0x00000200       0x33 ./Generated_Code/PE_LDD.o
 .ARM.attributes
                0x00000233       0x33 ./Generated_Code/PwmLdd1.o
 .ARM.attributes
                0x00000266       0x33 ./Generated_Code/PwmLdd2.o
 .ARM.attributes
                0x00000299       0x33 ./Generated_Code/PwmLdd3.o
 .ARM.attributes
                0x000002cc       0x33 ./Generated_Code/TU1.o
 .ARM.attributes
                0x000002ff       0x33 ./Generated_Code/Term1.o
 .ARM.attributes
                0x00000332       0x33 ./Generated_Code/Vectors.o
 .ARM.attributes
                0x00000365       0x1e c:/freescale/kds_3.0.0/toolchain/bin/../lib/gcc/arm-none-eabi/4.8.4/armv7e-m\libgcc.a(_arm_addsubdf3.o)
 .ARM.attributes
                0x00000383       0x1e c:/freescale/kds_3.0.0/toolchain/bin/../lib/gcc/arm-none-eabi/4.8.4/armv7e-m\libgcc.a(_arm_muldivdf3.o)
 .ARM.attributes
                0x000003a1       0x1e c:/freescale/kds_3.0.0/toolchain/bin/../lib/gcc/arm-none-eabi/4.8.4/armv7e-m\libgcc.a(_arm_fixdfsi.o)
 .ARM.attributes
                0x000003bf       0x2e c:/freescale/kds_3.0.0/toolchain/bin/../lib/gcc/arm-none-eabi/4.8.4/../../../../arm-none-eabi/lib/armv7e-m\libg_s.a(lib_a-exit.o)
 .ARM.attributes
                0x000003ed       0x2e c:/freescale/kds_3.0.0/toolchain/bin/../lib/gcc/arm-none-eabi/4.8.4/../../../../arm-none-eabi/lib/armv7e-m\libg_s.a(lib_a-impure.o)
 .ARM.attributes
                0x0000041b       0x2e c:/freescale/kds_3.0.0/toolchain/bin/../lib/gcc/arm-none-eabi/4.8.4/../../../../arm-none-eabi/lib/armv7e-m\libg_s.a(lib_a-init.o)
 .ARM.attributes
                0x00000449       0x2e c:/freescale/kds_3.0.0/toolchain/bin/../lib/gcc/arm-none-eabi/4.8.4/../../../../arm-none-eabi/lib/armv7e-m\libg_s.a(lib_a-memset.o)
 .ARM.attributes
                0x00000477       0x2e c:/freescale/kds_3.0.0/toolchain/bin/../lib/gcc/arm-none-eabi/4.8.4/../../../../arm-none-eabi/lib/armv7e-m\libnosys.a(_exit.o)
 .ARM.attributes
                0x000004a5       0x1e c:/freescale/kds_3.0.0/toolchain/bin/../lib/gcc/arm-none-eabi/4.8.4/armv7e-m/crtn.o
OUTPUT(Lab7.elf elf32-littlearm)

.debug_info     0x00000000     0x3b2c
 .debug_info    0x00000000       0xb8 ./Sources/Events.o
 .debug_info    0x000000b8      0x133 ./Sources/main.o
 .debug_info    0x000001eb      0x20a ./Project_Settings/Startup_Code/startup.o
 .debug_info    0x000003f5      0x26b ./Generated_Code/AD1.o
 .debug_info    0x00000660      0x939 ./Generated_Code/ASerialLdd1.o
 .debug_info    0x00000f99      0x885 ./Generated_Code/AdcLdd1.o
 .debug_info    0x0000181e      0x9e9 ./Generated_Code/Cpu.o
 .debug_info    0x00002207      0x20b ./Generated_Code/Inhr1.o
 .debug_info    0x00002412      0x251 ./Generated_Code/PE_LDD.o
 .debug_info    0x00002663      0x333 ./Generated_Code/PwmLdd1.o
 .debug_info    0x00002996      0x333 ./Generated_Code/PwmLdd2.o
 .debug_info    0x00002cc9      0x333 ./Generated_Code/PwmLdd3.o
 .debug_info    0x00002ffc      0x768 ./Generated_Code/TU1.o
 .debug_info    0x00003764      0x2ba ./Generated_Code/Term1.o
 .debug_info    0x00003a1e      0x10e ./Generated_Code/Vectors.o

.debug_abbrev   0x00000000     0x118b
 .debug_abbrev  0x00000000       0x45 ./Sources/Events.o
 .debug_abbrev  0x00000045       0xce ./Sources/main.o
 .debug_abbrev  0x00000113      0x11e ./Project_Settings/Startup_Code/startup.o
 .debug_abbrev  0x00000231      0x16c ./Generated_Code/AD1.o
 .debug_abbrev  0x0000039d      0x1c3 ./Generated_Code/ASerialLdd1.o
 .debug_abbrev  0x00000560      0x1b4 ./Generated_Code/AdcLdd1.o
 .debug_abbrev  0x00000714      0x178 ./Generated_Code/Cpu.o
 .debug_abbrev  0x0000088c      0x117 ./Generated_Code/Inhr1.o
 .debug_abbrev  0x000009a3      0x10d ./Generated_Code/PE_LDD.o
 .debug_abbrev  0x00000ab0      0x122 ./Generated_Code/PwmLdd1.o
 .debug_abbrev  0x00000bd2      0x122 ./Generated_Code/PwmLdd2.o
 .debug_abbrev  0x00000cf4      0x122 ./Generated_Code/PwmLdd3.o
 .debug_abbrev  0x00000e16      0x198 ./Generated_Code/TU1.o
 .debug_abbrev  0x00000fae      0x139 ./Generated_Code/Term1.o
 .debug_abbrev  0x000010e7       0xa4 ./Generated_Code/Vectors.o

.debug_aranges  0x00000000      0x400
 .debug_aranges
                0x00000000       0x30 ./Sources/Events.o
 .debug_aranges
                0x00000030       0x20 ./Sources/main.o
 .debug_aranges
                0x00000050       0x50 ./Project_Settings/Startup_Code/startup.o
 .debug_aranges
                0x000000a0       0x50 ./Generated_Code/AD1.o
 .debug_aranges
                0x000000f0       0x58 ./Generated_Code/ASerialLdd1.o
 .debug_aranges
                0x00000148       0x60 ./Generated_Code/AdcLdd1.o
 .debug_aranges
                0x000001a8       0x40 ./Generated_Code/Cpu.o
 .debug_aranges
                0x000001e8       0x48 ./Generated_Code/Inhr1.o
 .debug_aranges
                0x00000230       0x30 ./Generated_Code/PE_LDD.o
 .debug_aranges
                0x00000260       0x48 ./Generated_Code/PwmLdd1.o
 .debug_aranges
                0x000002a8       0x48 ./Generated_Code/PwmLdd2.o
 .debug_aranges
                0x000002f0       0x48 ./Generated_Code/PwmLdd3.o
 .debug_aranges
                0x00000338       0x48 ./Generated_Code/TU1.o
 .debug_aranges
                0x00000380       0x68 ./Generated_Code/Term1.o
 .debug_aranges
                0x000003e8       0x18 ./Generated_Code/Vectors.o

.debug_ranges   0x00000000      0x308
 .debug_ranges  0x00000000       0x20 ./Sources/Events.o
 .debug_ranges  0x00000020       0x10 ./Sources/main.o
 .debug_ranges  0x00000030       0x40 ./Project_Settings/Startup_Code/startup.o
 .debug_ranges  0x00000070       0x40 ./Generated_Code/AD1.o
 .debug_ranges  0x000000b0       0x48 ./Generated_Code/ASerialLdd1.o
 .debug_ranges  0x000000f8       0x50 ./Generated_Code/AdcLdd1.o
 .debug_ranges  0x00000148       0x30 ./Generated_Code/Cpu.o
 .debug_ranges  0x00000178       0x38 ./Generated_Code/Inhr1.o
 .debug_ranges  0x000001b0       0x20 ./Generated_Code/PE_LDD.o
 .debug_ranges  0x000001d0       0x38 ./Generated_Code/PwmLdd1.o
 .debug_ranges  0x00000208       0x38 ./Generated_Code/PwmLdd2.o
 .debug_ranges  0x00000240       0x38 ./Generated_Code/PwmLdd3.o
 .debug_ranges  0x00000278       0x38 ./Generated_Code/TU1.o
 .debug_ranges  0x000002b0       0x58 ./Generated_Code/Term1.o

.debug_macro    0x00000000    0x197d8
 .debug_macro   0x00000000      0x17d ./Sources/Events.o
 .debug_macro   0x0000017d      0x84a ./Sources/Events.o
 .debug_macro   0x000009c7       0x16 ./Sources/Events.o
 .debug_macro   0x000009dd       0x44 ./Sources/Events.o
 .debug_macro   0x00000a21      0x209 ./Sources/Events.o
 .debug_macro   0x00000c2a     0x1680 ./Sources/Events.o
 .debug_macro   0x000022aa      0x14e ./Sources/Events.o
 .debug_macro   0x000023f8       0x6a ./Sources/Events.o
 .debug_macro   0x00002462     0x9b9f ./Sources/Events.o
 .debug_macro   0x0000c001       0x94 ./Sources/Events.o
 .debug_macro   0x0000c095       0x94 ./Sources/Events.o
 .debug_macro   0x0000c129      0x616 ./Sources/Events.o
 .debug_macro   0x0000c73f       0x7b ./Sources/Events.o
 .debug_macro   0x0000c7ba       0x10 ./Sources/Events.o
 .debug_macro   0x0000c7ca       0x5e ./Sources/Events.o
 .debug_macro   0x0000c828       0x11 ./Sources/Events.o
 .debug_macro   0x0000c839      0x6a6 ./Sources/Events.o
 .debug_macro   0x0000cedf       0x82 ./Sources/Events.o
 .debug_macro   0x0000cf61       0x3f ./Sources/Events.o
 .debug_macro   0x0000cfa0       0x2c ./Sources/Events.o
 .debug_macro   0x0000cfcc       0x45 ./Sources/Events.o
 .debug_macro   0x0000d011       0x2c ./Sources/Events.o
 .debug_macro   0x0000d03d       0x45 ./Sources/Events.o
 .debug_macro   0x0000d082       0x2c ./Sources/Events.o
 .debug_macro   0x0000d0ae      0x186 ./Sources/main.o
 .debug_macro   0x0000d234       0x22 ./Sources/main.o
 .debug_macro   0x0000d256      0x121 ./Project_Settings/Startup_Code/startup.o
 .debug_macro   0x0000d377       0x58 ./Project_Settings/Startup_Code/startup.o
 .debug_macro   0x0000d3cf       0x35 ./Project_Settings/Startup_Code/startup.o
 .debug_macro   0x0000d404       0xa3 ./Project_Settings/Startup_Code/startup.o
 .debug_macro   0x0000d4a7      0x166 ./Project_Settings/Startup_Code/startup.o
 .debug_macro   0x0000d60d       0x4a ./Project_Settings/Startup_Code/startup.o
 .debug_macro   0x0000d657       0x52 ./Project_Settings/Startup_Code/startup.o
 .debug_macro   0x0000d6a9       0x16 ./Project_Settings/Startup_Code/startup.o
 .debug_macro   0x0000d6bf       0x43 ./Project_Settings/Startup_Code/startup.o
 .debug_macro   0x0000d702      0x180 ./Project_Settings/Startup_Code/startup.o
 .debug_macro   0x0000d882      0x2a6 ./Project_Settings/Startup_Code/startup.o
 .debug_macro   0x0000db28       0x10 ./Project_Settings/Startup_Code/startup.o
 .debug_macro   0x0000db38       0x35 ./Project_Settings/Startup_Code/startup.o
 .debug_macro   0x0000db6d       0x16 ./Project_Settings/Startup_Code/startup.o
 .debug_macro   0x0000db83       0x22 ./Project_Settings/Startup_Code/startup.o
 .debug_macro   0x0000dba5       0x10 ./Project_Settings/Startup_Code/startup.o
 .debug_macro   0x0000dbb5      0x20f ./Project_Settings/Startup_Code/startup.o
 .debug_macro   0x0000ddc4     0x9b93 ./Project_Settings/Startup_Code/startup.o
 .debug_macro   0x00017957      0x195 ./Generated_Code/AD1.o
 .debug_macro   0x00017aec       0x9a ./Generated_Code/AD1.o
 .debug_macro   0x00017b86       0xc5 ./Generated_Code/ASerialLdd1.o
 .debug_macro   0x00017c4b       0x58 ./Generated_Code/ASerialLdd1.o
 .debug_macro   0x00017ca3       0x17 ./Generated_Code/ASerialLdd1.o
 .debug_macro   0x00017cba      0x7ab ./Generated_Code/ASerialLdd1.o
 .debug_macro   0x00018465      0x9b1 ./Generated_Code/ASerialLdd1.o
 .debug_macro   0x00018e16       0xd3 ./Generated_Code/AdcLdd1.o
 .debug_macro   0x00018ee9      0x192 ./Generated_Code/Cpu.o
 .debug_macro   0x0001907b       0xdf ./Generated_Code/Inhr1.o
 .debug_macro   0x0001915a      0x14b ./Generated_Code/PE_LDD.o
 .debug_macro   0x000192a5       0xbe ./Generated_Code/PwmLdd1.o
 .debug_macro   0x00019363       0xbe ./Generated_Code/PwmLdd2.o
 .debug_macro   0x00019421       0xbe ./Generated_Code/PwmLdd3.o
 .debug_macro   0x000194df       0xbc ./Generated_Code/TU1.o
 .debug_macro   0x0001959b       0xad ./Generated_Code/Term1.o
 .debug_macro   0x00019648      0x190 ./Generated_Code/Vectors.o

.debug_line     0x00000000     0x30d6
 .debug_line    0x00000000      0x31e ./Sources/Events.o
 .debug_line    0x0000031e      0x31e ./Sources/main.o
 .debug_line    0x0000063c      0x3b0 ./Project_Settings/Startup_Code/startup.o
 .debug_line    0x000009ec      0x3cb ./Generated_Code/AD1.o
 .debug_line    0x00000db7      0x340 ./Generated_Code/ASerialLdd1.o
 .debug_line    0x000010f7      0x354 ./Generated_Code/AdcLdd1.o
 .debug_line    0x0000144b      0x45c ./Generated_Code/Cpu.o
 .debug_line    0x000018a7      0x27d ./Generated_Code/Inhr1.o
 .debug_line    0x00001b24      0x30f ./Generated_Code/PE_LDD.o
 .debug_line    0x00001e33      0x2ce ./Generated_Code/PwmLdd1.o
 .debug_line    0x00002101      0x2ce ./Generated_Code/PwmLdd2.o
 .debug_line    0x000023cf      0x2ce ./Generated_Code/PwmLdd3.o
 .debug_line    0x0000269d      0x2f3 ./Generated_Code/TU1.o
 .debug_line    0x00002990      0x370 ./Generated_Code/Term1.o
 .debug_line    0x00002d00      0x3d6 ./Generated_Code/Vectors.o

.debug_str      0x00000000    0x5f55c
 .debug_str     0x00000000    0x4d8d5 ./Sources/Events.o
                              0x4da25 (size before relaxing)
 .debug_str     0x0004d8d5       0xae ./Sources/main.o
                              0x4da93 (size before relaxing)
 .debug_str     0x0004d983     0x25f6 ./Project_Settings/Startup_Code/startup.o
                              0x3a1c1 (size before relaxing)
 .debug_str     0x0004ff79      0x154 ./Generated_Code/AD1.o
                              0x4db6e (size before relaxing)
 .debug_str     0x000500cd     0xe6a7 ./Generated_Code/ASerialLdd1.o
                              0x4dbc1 (size before relaxing)
 .debug_str     0x0005e774      0x371 ./Generated_Code/AdcLdd1.o
                              0x445d4 (size before relaxing)
 .debug_str     0x0005eae5      0x240 ./Generated_Code/Cpu.o
                              0x4ddc3 (size before relaxing)
 .debug_str     0x0005ed25      0x16c ./Generated_Code/Inhr1.o
                              0x3f13f (size before relaxing)
 .debug_str     0x0005ee91      0x17e ./Generated_Code/PE_LDD.o
                              0x4dbbb (size before relaxing)
 .debug_str     0x0005f00f       0xef ./Generated_Code/PwmLdd1.o
                              0x484b2 (size before relaxing)
 .debug_str     0x0005f0fe       0x94 ./Generated_Code/PwmLdd2.o
                              0x484b2 (size before relaxing)
 .debug_str     0x0005f192       0x86 ./Generated_Code/PwmLdd3.o
                              0x484b2 (size before relaxing)
 .debug_str     0x0005f218      0x25e ./Generated_Code/TU1.o
                              0x485b7 (size before relaxing)
 .debug_str     0x0005f476       0xca ./Generated_Code/Term1.o
                              0x3f07a (size before relaxing)
 .debug_str     0x0005f540       0x1c ./Generated_Code/Vectors.o
                              0x4da4e (size before relaxing)

.comment        0x00000000       0x70
 .comment       0x00000000       0x70 ./Sources/Events.o
                                 0x71 (size before relaxing)
 .comment       0x00000000       0x71 ./Sources/main.o
 .comment       0x00000000       0x71 ./Project_Settings/Startup_Code/startup.o
 .comment       0x00000000       0x71 ./Generated_Code/AD1.o
 .comment       0x00000000       0x71 ./Generated_Code/ASerialLdd1.o
 .comment       0x00000000       0x71 ./Generated_Code/AdcLdd1.o
 .comment       0x00000000       0x71 ./Generated_Code/Cpu.o
 .comment       0x00000000       0x71 ./Generated_Code/Inhr1.o
 .comment       0x00000000       0x71 ./Generated_Code/PE_LDD.o
 .comment       0x00000000       0x71 ./Generated_Code/PwmLdd1.o
 .comment       0x00000000       0x71 ./Generated_Code/PwmLdd2.o
 .comment       0x00000000       0x71 ./Generated_Code/PwmLdd3.o
 .comment       0x00000000       0x71 ./Generated_Code/TU1.o
 .comment       0x00000000       0x71 ./Generated_Code/Term1.o
 .comment       0x00000000       0x71 ./Generated_Code/Vectors.o

.debug_frame    0x00000000      0xb00
 .debug_frame   0x00000000       0x58 ./Sources/Events.o
 .debug_frame   0x00000058       0x30 ./Sources/main.o
 .debug_frame   0x00000088       0xc0 ./Project_Settings/Startup_Code/startup.o
 .debug_frame   0x00000148       0xe0 ./Generated_Code/AD1.o
 .debug_frame   0x00000228      0x100 ./Generated_Code/ASerialLdd1.o
 .debug_frame   0x00000328      0x114 ./Generated_Code/AdcLdd1.o
 .debug_frame   0x0000043c       0xa4 ./Generated_Code/Cpu.o
 .debug_frame   0x000004e0       0xc0 ./Generated_Code/Inhr1.o
 .debug_frame   0x000005a0       0x64 ./Generated_Code/PE_LDD.o
 .debug_frame   0x00000604       0xd0 ./Generated_Code/PwmLdd1.o
 .debug_frame   0x000006d4       0xd0 ./Generated_Code/PwmLdd2.o
 .debug_frame   0x000007a4       0xd0 ./Generated_Code/PwmLdd3.o
 .debug_frame   0x00000874       0xbc ./Generated_Code/TU1.o
 .debug_frame   0x00000930      0x13c ./Generated_Code/Term1.o
 .debug_frame   0x00000a6c       0x28 c:/freescale/kds_3.0.0/toolchain/bin/../lib/gcc/arm-none-eabi/4.8.4/../../../../arm-none-eabi/lib/armv7e-m\libg_s.a(lib_a-exit.o)
 .debug_frame   0x00000a94       0x2c c:/freescale/kds_3.0.0/toolchain/bin/../lib/gcc/arm-none-eabi/4.8.4/../../../../arm-none-eabi/lib/armv7e-m\libg_s.a(lib_a-init.o)
 .debug_frame   0x00000ac0       0x20 c:/freescale/kds_3.0.0/toolchain/bin/../lib/gcc/arm-none-eabi/4.8.4/../../../../arm-none-eabi/lib/armv7e-m\libg_s.a(lib_a-memset.o)
 .debug_frame   0x00000ae0       0x20 c:/freescale/kds_3.0.0/toolchain/bin/../lib/gcc/arm-none-eabi/4.8.4/../../../../arm-none-eabi/lib/armv7e-m\libnosys.a(_exit.o)
