Archive member included because of file (symbol)

c:/freescale/kds_3.0.0/toolchain/bin/../lib/gcc/arm-none-eabi/4.8.4/armv7e-m\libgcc.a(_arm_addsubsf3.o)
                              ./Generated_Code/PwmLdd1.o (__aeabi_i2f)
c:/freescale/kds_3.0.0/toolchain/bin/../lib/gcc/arm-none-eabi/4.8.4/armv7e-m\libgcc.a(_arm_muldivsf3.o)
                              ./Generated_Code/PwmLdd1.o (__aeabi_fmul)
c:/freescale/kds_3.0.0/toolchain/bin/../lib/gcc/arm-none-eabi/4.8.4/armv7e-m\libgcc.a(_arm_cmpsf2.o)
                              ./Generated_Code/PwmLdd1.o (__aeabi_fcmpgt)
c:/freescale/kds_3.0.0/toolchain/bin/../lib/gcc/arm-none-eabi/4.8.4/armv7e-m\libgcc.a(_arm_fixunssfsi.o)
                              ./Generated_Code/PwmLdd1.o (__aeabi_f2uiz)
c:/freescale/kds_3.0.0/toolchain/bin/../lib/gcc/arm-none-eabi/4.8.4/../../../../arm-none-eabi/lib/armv7e-m\libg_s.a(lib_a-exit.o)
                              c:/freescale/kds_3.0.0/toolchain/bin/../lib/gcc/arm-none-eabi/4.8.4/../../../../arm-none-eabi/lib/armv7e-m/crt0.o (exit)
c:/freescale/kds_3.0.0/toolchain/bin/../lib/gcc/arm-none-eabi/4.8.4/../../../../arm-none-eabi/lib/armv7e-m\libg_s.a(lib_a-impure.o)
                              c:/freescale/kds_3.0.0/toolchain/bin/../lib/gcc/arm-none-eabi/4.8.4/../../../../arm-none-eabi/lib/armv7e-m\libg_s.a(lib_a-exit.o) (_global_impure_ptr)
c:/freescale/kds_3.0.0/toolchain/bin/../lib/gcc/arm-none-eabi/4.8.4/../../../../arm-none-eabi/lib/armv7e-m\libg_s.a(lib_a-init.o)
                              c:/freescale/kds_3.0.0/toolchain/bin/../lib/gcc/arm-none-eabi/4.8.4/../../../../arm-none-eabi/lib/armv7e-m/crt0.o (__libc_init_array)
c:/freescale/kds_3.0.0/toolchain/bin/../lib/gcc/arm-none-eabi/4.8.4/../../../../arm-none-eabi/lib/armv7e-m\libg_s.a(lib_a-memset.o)
                              c:/freescale/kds_3.0.0/toolchain/bin/../lib/gcc/arm-none-eabi/4.8.4/../../../../arm-none-eabi/lib/armv7e-m/crt0.o (memset)
c:/freescale/kds_3.0.0/toolchain/bin/../lib/gcc/arm-none-eabi/4.8.4/../../../../arm-none-eabi/lib/armv7e-m\libg_s.a(lib_a-sprintf.o)
                              ./Sources/main.o (sprintf)
c:/freescale/kds_3.0.0/toolchain/bin/../lib/gcc/arm-none-eabi/4.8.4/../../../../arm-none-eabi/lib/armv7e-m\libg_s.a(lib_a-sscanf.o)
                              ./Sources/main.o (sscanf)
c:/freescale/kds_3.0.0/toolchain/bin/../lib/gcc/arm-none-eabi/4.8.4/../../../../arm-none-eabi/lib/armv7e-m\libg_s.a(lib_a-stdio.o)
                              c:/freescale/kds_3.0.0/toolchain/bin/../lib/gcc/arm-none-eabi/4.8.4/../../../../arm-none-eabi/lib/armv7e-m\libg_s.a(lib_a-sscanf.o) (__seofread)
c:/freescale/kds_3.0.0/toolchain/bin/../lib/gcc/arm-none-eabi/4.8.4/../../../../arm-none-eabi/lib/armv7e-m\libg_s.a(lib_a-strcmp.o)
                              ./Sources/main.o (strcmp)
c:/freescale/kds_3.0.0/toolchain/bin/../lib/gcc/arm-none-eabi/4.8.4/../../../../arm-none-eabi/lib/armv7e-m\libg_s.a(lib_a-strlen.o)
                              c:/freescale/kds_3.0.0/toolchain/bin/../lib/gcc/arm-none-eabi/4.8.4/../../../../arm-none-eabi/lib/armv7e-m\libg_s.a(lib_a-sscanf.o) (strlen)
c:/freescale/kds_3.0.0/toolchain/bin/../lib/gcc/arm-none-eabi/4.8.4/../../../../arm-none-eabi/lib/armv7e-m\libg_s.a(lib_a-svfprintf.o)
                              c:/freescale/kds_3.0.0/toolchain/bin/../lib/gcc/arm-none-eabi/4.8.4/../../../../arm-none-eabi/lib/armv7e-m\libg_s.a(lib_a-sprintf.o) (_svfprintf_r)
c:/freescale/kds_3.0.0/toolchain/bin/../lib/gcc/arm-none-eabi/4.8.4/../../../../arm-none-eabi/lib/armv7e-m\libg_s.a(lib_a-svfscanf.o)
                              c:/freescale/kds_3.0.0/toolchain/bin/../lib/gcc/arm-none-eabi/4.8.4/../../../../arm-none-eabi/lib/armv7e-m\libg_s.a(lib_a-sscanf.o) (__ssvfscanf_r)
c:/freescale/kds_3.0.0/toolchain/bin/../lib/gcc/arm-none-eabi/4.8.4/../../../../arm-none-eabi/lib/armv7e-m\libg_s.a(lib_a-ungetc.o)
                              c:/freescale/kds_3.0.0/toolchain/bin/../lib/gcc/arm-none-eabi/4.8.4/../../../../arm-none-eabi/lib/armv7e-m\libg_s.a(lib_a-svfscanf.o) (__submore)
c:/freescale/kds_3.0.0/toolchain/bin/../lib/gcc/arm-none-eabi/4.8.4/../../../../arm-none-eabi/lib/armv7e-m\libg_s.a(lib_a-vfprintf_i.o)
                              c:/freescale/kds_3.0.0/toolchain/bin/../lib/gcc/arm-none-eabi/4.8.4/../../../../arm-none-eabi/lib/armv7e-m\libg_s.a(lib_a-svfprintf.o) (_printf_i)
c:/freescale/kds_3.0.0/toolchain/bin/../lib/gcc/arm-none-eabi/4.8.4/../../../../arm-none-eabi/lib/armv7e-m\libg_s.a(lib_a-vfscanf_i.o)
                              c:/freescale/kds_3.0.0/toolchain/bin/../lib/gcc/arm-none-eabi/4.8.4/../../../../arm-none-eabi/lib/armv7e-m\libg_s.a(lib_a-svfscanf.o) (_scanf_chars)
c:/freescale/kds_3.0.0/toolchain/bin/../lib/gcc/arm-none-eabi/4.8.4/../../../../arm-none-eabi/lib/armv7e-m\libg_s.a(lib_a-writer.o)
                              c:/freescale/kds_3.0.0/toolchain/bin/../lib/gcc/arm-none-eabi/4.8.4/../../../../arm-none-eabi/lib/armv7e-m\libg_s.a(lib_a-stdio.o) (_write_r)
[...]
Memory Configuration

Name             Origin             Length             Attributes
m_interrupts     0x00000000         0x000000f8         xr
m_text           0x00000410         0x0001fbf0         xr
m_data           0x1fffe000         0x00002000         rw
m_data_20000000  0x20000000         0x00002000         rw
m_cfmprotrom     0x00000400         0x00000010         xr
*default*        0x00000000         0xffffffff

Linker script and memory map

LOAD c:/freescale/kds_3.0.0/toolchain/bin/../lib/gcc/arm-none-eabi/4.8.4/armv7e-m/crti.o
LOAD c:/freescale/kds_3.0.0/toolchain/bin/../lib/gcc/arm-none-eabi/4.8.4/armv7e-m/crtbegin.o
LOAD c:/freescale/kds_3.0.0/toolchain/bin/../lib/gcc/arm-none-eabi/4.8.4/../../../../arm-none-eabi/lib/armv7e-m/crt0.o
LOAD ./Sources/Events.o
LOAD ./Sources/main.o
LOAD ./Project_Settings/Startup_Code/startup.o
LOAD ./Generated_Code/ASerialLdd1.o
LOAD ./Generated_Code/Blue.o
LOAD ./Generated_Code/Cpu.o
LOAD ./Generated_Code/Green.o
LOAD ./Generated_Code/Inhr1.o
LOAD ./Generated_Code/PE_LDD.o
LOAD ./Generated_Code/PwmLdd1.o
LOAD ./Generated_Code/PwmLdd2.o
LOAD ./Generated_Code/PwmLdd3.o
LOAD ./Generated_Code/Red.o
LOAD ./Generated_Code/TU1.o
LOAD ./Generated_Code/Term1.o
LOAD ./Generated_Code/Vectors.o
LOAD c:/freescale/kds_3.0.0/toolchain/bin/../lib/gcc/arm-none-eabi/4.8.4/../../../../arm-none-eabi/lib/armv7e-m\libstdc++_s.a
LOAD c:/freescale/kds_3.0.0/toolchain/bin/../lib/gcc/arm-none-eabi/4.8.4/../../../../arm-none-eabi/lib/armv7e-m\libm.a
START GROUP
LOAD c:/freescale/kds_3.0.0/toolchain/bin/../lib/gcc/arm-none-eabi/4.8.4/armv7e-m\libgcc.a
LOAD c:/freescale/kds_3.0.0/toolchain/bin/../lib/gcc/arm-none-eabi/4.8.4/../../../../arm-none-eabi/lib/armv7e-m\libg_s.a
LOAD c:/freescale/kds_3.0.0/toolchain/bin/../lib/gcc/arm-none-eabi/4.8.4/../../../../arm-none-eabi/lib/armv7e-m\libc_s.a
END GROUP
START GROUP
LOAD c:/freescale/kds_3.0.0/toolchain/bin/../lib/gcc/arm-none-eabi/4.8.4/armv7e-m\libgcc.a
LOAD c:/freescale/kds_3.0.0/toolchain/bin/../lib/gcc/arm-none-eabi/4.8.4/../../../../arm-none-eabi/lib/armv7e-m\libc_s.a
LOAD c:/freescale/kds_3.0.0/toolchain/bin/../lib/gcc/arm-none-eabi/4.8.4/../../../../arm-none-eabi/lib/armv7e-m\libnosys.a
END GROUP
START GROUP
LOAD c:/freescale/kds_3.0.0/toolchain/bin/../lib/gcc/arm-none-eabi/4.8.4/armv7e-m\libgcc.a
LOAD c:/freescale/kds_3.0.0/toolchain/bin/../lib/gcc/arm-none-eabi/4.8.4/../../../../arm-none-eabi/lib/armv7e-m\libc_s.a
LOAD c:/freescale/kds_3.0.0/toolchain/bin/../lib/gcc/arm-none-eabi/4.8.4/../../../../arm-none-eabi/lib/armv7e-m\libnosys.a
END GROUP
LOAD c:/freescale/kds_3.0.0/toolchain/bin/../lib/gcc/arm-none-eabi/4.8.4/armv7e-m/crtend.o
LOAD c:/freescale/kds_3.0.0/toolchain/bin/../lib/gcc/arm-none-eabi/4.8.4/armv7e-m/crtn.o
                0x20000000                _estack = 0x20000000
                0x20000000                __SP_INIT = _estack
                0x20000000                __stack = _estack
                0x00000000                __heap_size = 0x0
                0x00000400                __stack_size = 0x400

.interrupts     0x00000000       0xf8
                0x00000000                __vector_table = .
                0x00000000                . = ALIGN (0x4)
 *(.vectortable)
 .vectortable   0x00000000       0xf8 ./Generated_Code/Vectors.o
                0x00000000                __vect_table
                0x000000f8                . = ALIGN (0x4)

.cfmprotect     0x00000400       0x10
                0x00000400                . = ALIGN (0x4)
 *(.cfmconfig)
 .cfmconfig     0x00000400       0x10 ./Generated_Code/Cpu.o
                0x00000400                _cfm
                0x00000410                . = ALIGN (0x4)

.text           0x00000410     0x2f54
                0x00000410                . = ALIGN (0x4)
 *(.text)
 .text          0x00000410       0x54 c:/freescale/kds_3.0.0/toolchain/bin/../lib/gcc/arm-none-eabi/4.8.4/armv7e-m/crtbegin.o
 .text          0x00000464       0x74 c:/freescale/kds_3.0.0/toolchain/bin/../lib/gcc/arm-none-eabi/4.8.4/../../../../arm-none-eabi/lib/armv7e-m/crt0.o
                0x00000464                _start
                0x00000464                _mainCRTStartup
 .text          0x000004d8       0x14 c:/freescale/kds_3.0.0/toolchain/bin/../lib/gcc/arm-none-eabi/4.8.4/../../../../arm-none-eabi/lib/armv7e-m\libg_s.a(lib_a-strcmp.o)
                0x000004d8                strcmp
 *(.text*)
 .text.Cpu_OnNMIINT
                0x000004ec        0xc ./Sources/Events.o
                0x000004ec                Cpu_OnNMIINT
 .text.Inhr1_OnRxChar
                0x000004f8       0x8c ./Sources/Events.o
                0x000004f8                Inhr1_OnRxChar
 .text.main     0x00000584      0x3fc ./Sources/main.o
                0x00000584                main
 .text.__copy_rom_section
                0x00000980       0xe4 ./Project_Settings/Startup_Code/startup.o
                0x00000980                __copy_rom_section
 .text.__copy_rom_sections_to_ram
                0x00000a64       0x9c ./Project_Settings/Startup_Code/startup.o
                0x00000a64                __copy_rom_sections_to_ram
 .text.__init_registers
                0x00000b00        0xc ./Project_Settings/Startup_Code/startup.o
                0x00000b00                __init_registers
 .text.__init_user
                0x00000b0c        0xc ./Project_Settings/Startup_Code/startup.o
                0x00000b0c                __init_user
 .text.__thumb_startup
                0x00000b18       0x34 ./Project_Settings/Startup_Code/startup.o
                0x00000b18                __thumb_startup
 .text.ASerialLdd1_Init
                0x00000b4c      0x1c0 ./Generated_Code/ASerialLdd1.o
                0x00000b4c                ASerialLdd1_Init
 .text.ASerialLdd1_ReceiveBlock
                0x00000d0c       0x90 ./Generated_Code/ASerialLdd1.o
                0x00000d0c                ASerialLdd1_ReceiveBlock
 .text.ASerialLdd1_SendBlock
                0x00000d9c       0xbc ./Generated_Code/ASerialLdd1.o
                0x00000d9c                ASerialLdd1_SendBlock
 .text.InterruptRx
                0x00000e58       0x58 ./Generated_Code/ASerialLdd1.o
 .text.InterruptTx
                0x00000eb0       0x80 ./Generated_Code/ASerialLdd1.o
 .text.ASerialLdd1_Interrupt
                0x00000f30       0xf4 ./Generated_Code/ASerialLdd1.o
                0x00000f30                ASerialLdd1_Interrupt
 .text.ASerialLdd1_GetError
                0x00001024       0x70 ./Generated_Code/ASerialLdd1.o
                0x00001024                ASerialLdd1_GetError
 .text.Cpu_INT_NMIInterrupt
                0x00001094       0x1c ./Generated_Code/Cpu.o
                0x00001094                Cpu_INT_NMIInterrupt
 .text.Cpu_Interrupt
                0x000010b0       0x18 ./Generated_Code/Cpu.o
                0x000010b0                Cpu_Interrupt
 .text.__init_hardware
                0x000010c8      0x11c ./Generated_Code/Cpu.o
                0x000010c8                __init_hardware
 .text.Cpu_SetBASEPRI
                0x000011e4       0x18 ./Generated_Code/Cpu.o
                0x000011e4                Cpu_SetBASEPRI
 .text.PE_low_level_init
                0x000011fc       0xbc ./Generated_Code/Cpu.o
                0x000011fc                PE_low_level_init
 .text.HWEnDi   0x000012b8       0x1c ./Generated_Code/Inhr1.o
 .text.Inhr1_RecvChar
                0x000012d4       0xd8 ./Generated_Code/Inhr1.o
                0x000012d4                Inhr1_RecvChar
 .text.Inhr1_SendChar
                0x000013ac       0xdc ./Generated_Code/Inhr1.o
                0x000013ac                Inhr1_SendChar
 .text.Inhr1_Init
                0x00001488       0x60 ./Generated_Code/Inhr1.o
                0x00001488                Inhr1_Init
 .text.ASerialLdd1_OnBlockReceived
                0x000014e8       0x90 ./Generated_Code/Inhr1.o
                0x000014e8                ASerialLdd1_OnBlockReceived
 .text.ASerialLdd1_OnBlockSent
                0x00001578       0x88 ./Generated_Code/Inhr1.o
                0x00001578                ASerialLdd1_OnBlockSent
 .text.ASerialLdd1_OnError
                0x00001600       0x98 ./Generated_Code/Inhr1.o
                0x00001600                ASerialLdd1_OnError
 .text.ASerialLdd1_OnBreak
                0x00001698       0x24 ./Generated_Code/Inhr1.o
                0x00001698                ASerialLdd1_OnBreak
 .text.PwmLdd1_Init
                0x000016bc       0x54 ./Generated_Code/PwmLdd1.o
                0x000016bc                PwmLdd1_Init
 .text.PwmLdd1_SetRatio8
                0x00001710       0x2c ./Generated_Code/PwmLdd1.o
                0x00001710                PwmLdd1_SetRatio8
 .text.SetRatio
                0x0000173c       0x54 ./Generated_Code/PwmLdd1.o
 .text.PwmLdd2_Init
                0x00001790       0x54 ./Generated_Code/PwmLdd2.o
                0x00001790                PwmLdd2_Init
 .text.PwmLdd2_SetRatio8
                0x000017e4       0x2c ./Generated_Code/PwmLdd2.o
                0x000017e4                PwmLdd2_SetRatio8
 .text.SetRatio
                0x00001810       0x54 ./Generated_Code/PwmLdd2.o
 .text.PwmLdd3_Init
                0x00001864       0x54 ./Generated_Code/PwmLdd3.o
                0x00001864                PwmLdd3_Init
 .text.PwmLdd3_SetRatio8
                0x000018b8       0x2c ./Generated_Code/PwmLdd3.o
                0x000018b8                PwmLdd3_SetRatio8
 .text.SetRatio
                0x000018e4       0x54 ./Generated_Code/PwmLdd3.o
 .text.TU1_Init
                0x00001938      0x13c ./Generated_Code/TU1.o
                0x00001938                TU1_Init
 .text.TU1_GetPeriodTicks
                0x00001a74       0x30 ./Generated_Code/TU1.o
                0x00001a74                TU1_GetPeriodTicks
 .text.TU1_SetOffsetTicks
                0x00001aa4       0x54 ./Generated_Code/TU1.o
                0x00001aa4                TU1_SetOffsetTicks
 .text.Term1_SendChar
                0x00001af8       0x20 ./Generated_Code/Term1.o
                0x00001af8                Term1_SendChar
 .text.SendESCPrefix
                0x00001b18       0x24 ./Generated_Code/Term1.o
 .text.Term1_ReadChar
                0x00001b3c       0x1c ./Generated_Code/Term1.o
                0x00001b3c                Term1_ReadChar
 .text.Term1_SendStr
                0x00001b58       0x34 ./Generated_Code/Term1.o
                0x00001b58                Term1_SendStr
 .text.LongToStr
                0x00001b8c       0xf4 ./Generated_Code/Term1.o
 .text.Term1_SendNum
                0x00001c80       0x54 ./Generated_Code/Term1.o
                0x00001c80                Term1_SendNum
 .text.Term1_Cls
                0x00001cd4       0x28 ./Generated_Code/Term1.o
                0x00001cd4                Term1_Cls
 .text.Term1_MoveTo
                0x00001cfc       0x44 ./Generated_Code/Term1.o
                0x00001cfc                Term1_MoveTo
 .text.Term1_SetColor
                0x00001d40       0x64 ./Generated_Code/Term1.o
                0x00001d40                Term1_SetColor
 .text.Term1_EraseLine
                0x00001da4       0x18 ./Generated_Code/Term1.o
                0x00001da4                Term1_EraseLine
 .text.exit     0x00001dbc       0x28 c:/freescale/kds_3.0.0/toolchain/bin/../lib/gcc/arm-none-eabi/4.8.4/../../../../arm-none-eabi/lib/armv7e-m\libg_s.a(lib_a-exit.o)
                0x00001dbc                exit
 .text.__libc_init_array
                0x00001de4       0x4c c:/freescale/kds_3.0.0/toolchain/bin/../lib/gcc/arm-none-eabi/4.8.4/../../../../arm-none-eabi/lib/armv7e-m\libg_s.a(lib_a-init.o)
                0x00001de4                __libc_init_array
 .text.memset   0x00001e30       0x10 c:/freescale/kds_3.0.0/toolchain/bin/../lib/gcc/arm-none-eabi/4.8.4/../../../../arm-none-eabi/lib/armv7e-m\libg_s.a(lib_a-memset.o)
                0x00001e30                memset
 .text.sprintf  0x00001e40       0x48 c:/freescale/kds_3.0.0/toolchain/bin/../lib/gcc/arm-none-eabi/4.8.4/../../../../arm-none-eabi/lib/armv7e-m\libg_s.a(lib_a-sprintf.o)
                0x00001e40                siprintf
                0x00001e40                sprintf
 .text.sscanf   0x00001e88       0x54 c:/freescale/kds_3.0.0/toolchain/bin/../lib/gcc/arm-none-eabi/4.8.4/../../../../arm-none-eabi/lib/armv7e-m\libg_s.a(lib_a-sscanf.o)
                0x00001e88                siscanf
                0x00001e88                sscanf
 .text.__seofread
                0x00001edc        0x4 c:/freescale/kds_3.0.0/toolchain/bin/../lib/gcc/arm-none-eabi/4.8.4/../../../../arm-none-eabi/lib/armv7e-m\libg_s.a(lib_a-stdio.o)
                0x00001edc                __seofread
 .text.strlen   0x00001ee0       0x10 c:/freescale/kds_3.0.0/toolchain/bin/../lib/gcc/arm-none-eabi/4.8.4/../../../../arm-none-eabi/lib/armv7e-m\libg_s.a(lib_a-strlen.o)
                0x00001ee0                strlen
 .text.__ssputs_r
                0x00001ef0       0xb8 c:/freescale/kds_3.0.0/toolchain/bin/../lib/gcc/arm-none-eabi/4.8.4/../../../../arm-none-eabi/lib/armv7e-m\libg_s.a(lib_a-svfprintf.o)
                0x00001ef0                __ssputs_r
 .text._svfprintf_r
                0x00001fa8      0x1dc c:/freescale/kds_3.0.0/toolchain/bin/../lib/gcc/arm-none-eabi/4.8.4/../../../../arm-none-eabi/lib/armv7e-m\libg_s.a(lib_a-svfprintf.o)
                0x00001fa8                _svfiprintf_r
                0x00001fa8                _svfprintf_r
 .text._sungetc_r
                0x00002184       0x7a c:/freescale/kds_3.0.0/toolchain/bin/../lib/gcc/arm-none-eabi/4.8.4/../../../../arm-none-eabi/lib/armv7e-m\libg_s.a(lib_a-svfscanf.o)
                0x00002184                _sungetc_r
 .text.__ssrefill_r
                0x000021fe       0x3a c:/freescale/kds_3.0.0/toolchain/bin/../lib/gcc/arm-none-eabi/4.8.4/../../../../arm-none-eabi/lib/armv7e-m\libg_s.a(lib_a-svfscanf.o)
                0x000021fe                __ssrefill_r
 .text.__ssvfscanf_r
                0x00002238      0x29c c:/freescale/kds_3.0.0/toolchain/bin/../lib/gcc/arm-none-eabi/4.8.4/../../../../arm-none-eabi/lib/armv7e-m\libg_s.a(lib_a-svfscanf.o)
                0x00002238                __ssvfiscanf_r
                0x00002238                __ssvfscanf_r
 .text.__submore
                0x000024d4       0x76 c:/freescale/kds_3.0.0/toolchain/bin/../lib/gcc/arm-none-eabi/4.8.4/../../../../arm-none-eabi/lib/armv7e-m\libg_s.a(lib_a-ungetc.o)
                0x000024d4                __submore
 .text._printf_common
                0x0000254a       0xe4 c:/freescale/kds_3.0.0/toolchain/bin/../lib/gcc/arm-none-eabi/4.8.4/../../../../arm-none-eabi/lib/armv7e-m\libg_s.a(lib_a-vfprintf_i.o)
                0x0000254a                _printf_common
 *fill*         0x0000262e        0x2 
 .text._printf_i
                0x00002630      0x228 c:/freescale/kds_3.0.0/toolchain/bin/../lib/gcc/arm-none-eabi/4.8.4/../../../../arm-none-eabi/lib/armv7e-m\libg_s.a(lib_a-vfprintf_i.o)
                0x00002630                _printf_i
 .text._scanf_chars
                0x00002858       0xc0 c:/freescale/kds_3.0.0/toolchain/bin/../lib/gcc/arm-none-eabi/4.8.4/../../../../arm-none-eabi/lib/armv7e-m\libg_s.a(lib_a-vfscanf_i.o)
                0x00002858                _scanf_chars
 .text._scanf_i
                0x00002918      0x1ec c:/freescale/kds_3.0.0/toolchain/bin/../lib/gcc/arm-none-eabi/4.8.4/../../../../arm-none-eabi/lib/armv7e-m\libg_s.a(lib_a-vfscanf_i.o)
                0x00002918                _scanf_i
 .text.memchr   0x00002b04       0x1e c:/freescale/kds_3.0.0/toolchain/bin/../lib/gcc/arm-none-eabi/4.8.4/../../../../arm-none-eabi/lib/armv7e-m\libg_s.a(lib_a-memchr-stub.o)
                0x00002b04                memchr
 .text.memcpy   0x00002b22       0x12 c:/freescale/kds_3.0.0/toolchain/bin/../lib/gcc/arm-none-eabi/4.8.4/../../../../arm-none-eabi/lib/armv7e-m\libg_s.a(lib_a-memcpy-stub.o)
                0x00002b22                memcpy
 .text.memmove  0x00002b34       0x36 c:/freescale/kds_3.0.0/toolchain/bin/../lib/gcc/arm-none-eabi/4.8.4/../../../../arm-none-eabi/lib/armv7e-m\libg_s.a(lib_a-memmove.o)
                0x00002b34                memmove
 *fill*         0x00002b6a        0x2 
 .text._free_r  0x00002b6c       0x88 c:/freescale/kds_3.0.0/toolchain/bin/../lib/gcc/arm-none-eabi/4.8.4/../../../../arm-none-eabi/lib/armv7e-m\libg_s.a(lib_a-nano-freer.o)
                0x00002b6c                _free_r
 .text._malloc_r
                0x00002bf4       0xa8 c:/freescale/kds_3.0.0/toolchain/bin/../lib/gcc/arm-none-eabi/4.8.4/../../../../arm-none-eabi/lib/armv7e-m\libg_s.a(lib_a-nano-mallocr.o)
                0x00002bf4                _malloc_r
 .text._realloc_r
                0x00002c9c       0x4c c:/freescale/kds_3.0.0/toolchain/bin/../lib/gcc/arm-none-eabi/4.8.4/../../../../arm-none-eabi/lib/armv7e-m\libg_s.a(lib_a-nano-reallocr.o)
                0x00002c9c                _realloc_r
 .text._sbrk_r  0x00002ce8       0x20 c:/freescale/kds_3.0.0/toolchain/bin/../lib/gcc/arm-none-eabi/4.8.4/../../../../arm-none-eabi/lib/armv7e-m\libg_s.a(lib_a-sbrkr.o)
                0x00002ce8                _sbrk_r
 .text.__sccl   0x00002d08       0x64 c:/freescale/kds_3.0.0/toolchain/bin/../lib/gcc/arm-none-eabi/4.8.4/../../../../arm-none-eabi/lib/armv7e-m\libg_s.a(lib_a-sccl.o)
                0x00002d08                __sccl
 .text._strtol_r
                0x00002d6c      0x104 c:/freescale/kds_3.0.0/toolchain/bin/../lib/gcc/arm-none-eabi/4.8.4/../../../../arm-none-eabi/lib/armv7e-m\libg_s.a(lib_a-strtol.o)
                0x00002d6c                _strtol_r
 .text._strtoul_r
                0x00002e70       0xf0 c:/freescale/kds_3.0.0/toolchain/bin/../lib/gcc/arm-none-eabi/4.8.4/../../../../arm-none-eabi/lib/armv7e-m\libg_s.a(lib_a-strtoul.o)
                0x00002e70                _strtoul_r
 .text._malloc_usable_size_r
                0x00002f60       0x12 c:/freescale/kds_3.0.0/toolchain/bin/../lib/gcc/arm-none-eabi/4.8.4/../../../../arm-none-eabi/lib/armv7e-m\libg_s.a(lib_a-nano-msizer.o)
                0x00002f60                _malloc_usable_size_r
 *fill*         0x00002f72        0x2 
 .text._sbrk    0x00002f74       0x34 c:/freescale/kds_3.0.0/toolchain/bin/../lib/gcc/arm-none-eabi/4.8.4/../../../../arm-none-eabi/lib/armv7e-m\libnosys.a(sbrk.o)
                0x00002f74                _sbrk
 .text._exit    0x00002fa8        0x4 c:/freescale/kds_3.0.0/toolchain/bin/../lib/gcc/arm-none-eabi/4.8.4/../../../../arm-none-eabi/lib/armv7e-m\libnosys.a(_exit.o)
                0x00002fa8                _exit
 *(.rodata)
 .rodata        0x00002fac        0x4 ./Sources/Events.o
 .rodata        0x00002fb0      0x1d0 ./Sources/main.o
 .rodata        0x00003180        0xc c:/freescale/kds_3.0.0/toolchain/bin/../lib/gcc/arm-none-eabi/4.8.4/../../../../arm-none-eabi/lib/armv7e-m\libg_s.a(lib_a-vfscanf_i.o)
 *(.rodata*)
 .rodata.ChannelDevice
                0x0000318c        0x4 ./Generated_Code/TU1.o
 .rodata.ChannelMode
                0x00003190        0x4 ./Generated_Code/TU1.o
 .rodata.str1.1
                0x00003194        0x2 c:/freescale/kds_3.0.0/toolchain/bin/../lib/gcc/arm-none-eabi/4.8.4/../../../../arm-none-eabi/lib/armv7e-m\libg_s.a(lib_a-impure.o)
 *fill*         0x00003196        0x2 
 .rodata._global_impure_ptr
                0x00003198        0x4 c:/freescale/kds_3.0.0/toolchain/bin/../lib/gcc/arm-none-eabi/4.8.4/../../../../arm-none-eabi/lib/armv7e-m\libg_s.a(lib_a-impure.o)
                0x00003198                _global_impure_ptr
 .rodata.str1.1
                0x0000319c       0x11 c:/freescale/kds_3.0.0/toolchain/bin/../lib/gcc/arm-none-eabi/4.8.4/../../../../arm-none-eabi/lib/armv7e-m\libg_s.a(lib_a-svfprintf.o)
 .rodata.str1.1
                0x00000000        0x4 c:/freescale/kds_3.0.0/toolchain/bin/../lib/gcc/arm-none-eabi/4.8.4/../../../../arm-none-eabi/lib/armv7e-m\libg_s.a(lib_a-svfscanf.o)
 .rodata.str1.1
                0x000031ad       0x22 c:/freescale/kds_3.0.0/toolchain/bin/../lib/gcc/arm-none-eabi/4.8.4/../../../../arm-none-eabi/lib/armv7e-m\libg_s.a(lib_a-vfprintf_i.o)
 .rodata.str1.1
                0x000031cf       0x1b c:/freescale/kds_3.0.0/toolchain/bin/../lib/gcc/arm-none-eabi/4.8.4/../../../../arm-none-eabi/lib/armv7e-m\libg_s.a(lib_a-vfscanf_i.o)
 .rodata._ctype_
                0x000031ea      0x101 c:/freescale/kds_3.0.0/toolchain/bin/../lib/gcc/arm-none-eabi/4.8.4/../../../../arm-none-eabi/lib/armv7e-m\libg_s.a(lib_a-ctype_.o)
                0x000031ea                _ctype_
 *fill*         0x000032eb        0x1 
 .rodata.__sf_fake_stdin
                0x000032ec       0x20 c:/freescale/kds_3.0.0/toolchain/bin/../lib/gcc/arm-none-eabi/4.8.4/../../../../arm-none-eabi/lib/armv7e-m\libg_s.a(lib_a-findfp.o)
                0x000032ec                __sf_fake_stdin
 .rodata.__sf_fake_stdout
                0x0000330c       0x20 c:/freescale/kds_3.0.0/toolchain/bin/../lib/gcc/arm-none-eabi/4.8.4/../../../../arm-none-eabi/lib/armv7e-m\libg_s.a(lib_a-findfp.o)
                0x0000330c                __sf_fake_stdout
 .rodata.__sf_fake_stderr
                0x0000332c       0x20 c:/freescale/kds_3.0.0/toolchain/bin/../lib/gcc/arm-none-eabi/4.8.4/../../../../arm-none-eabi/lib/armv7e-m\libg_s.a(lib_a-findfp.o)
                0x0000332c                __sf_fake_stderr
 *(.glue_7)
 .glue_7        0x00000000        0x0 linker stubs
 *(.glue_7t)
 .glue_7t       0x00000000        0x0 linker stubs
 *(.eh_frame)
 .eh_frame      0x0000334c        0x0 c:/freescale/kds_3.0.0/toolchain/bin/../lib/gcc/arm-none-eabi/4.8.4/armv7e-m/crtbegin.o
 *(.init)
 .init          0x0000334c        0x4 c:/freescale/kds_3.0.0/toolchain/bin/../lib/gcc/arm-none-eabi/4.8.4/armv7e-m/crti.o
                0x0000334c                _init
 .init          0x00003350        0x8 c:/freescale/kds_3.0.0/toolchain/bin/../lib/gcc/arm-none-eabi/4.8.4/armv7e-m/crtn.o
 *(.fini)
 .fini          0x00003358        0x4 c:/freescale/kds_3.0.0/toolchain/bin/../lib/gcc/arm-none-eabi/4.8.4/armv7e-m/crti.o
                0x00003358                _fini
 .fini          0x0000335c        0x8 c:/freescale/kds_3.0.0/toolchain/bin/../lib/gcc/arm-none-eabi/4.8.4/armv7e-m/crtn.o
                0x00003364                . = ALIGN (0x4)
                0x00003364                _etext = .

.vfp11_veneer   0x00003364        0x0
 .vfp11_veneer  0x00000000        0x0 linker stubs

.v4_bx          0x00003364        0x0
 .v4_bx         0x00000000        0x0 linker stubs

.iplt           0x00003364        0x0
 .iplt          0x00000000        0x0 c:/freescale/kds_3.0.0/toolchain/bin/../lib/gcc/arm-none-eabi/4.8.4/armv7e-m/crtbegin.o

.ARM.extab
 *(.ARM.extab* .gnu.linkonce.armextab.*)

.ARM            0x00003364        0x8
                0x00003364                __exidx_start = .
 *(.ARM.exidx*)
 .ARM.exidx     0x00003364        0x8 c:/freescale/kds_3.0.0/toolchain/bin/../lib/gcc/arm-none-eabi/4.8.4/../../../../arm-none-eabi/lib/armv7e-m/crt0.o
                0x0000336c                __exidx_end = .

.rel.dyn        0x0000336c        0x0
 .rel.iplt      0x00000000        0x0 c:/freescale/kds_3.0.0/toolchain/bin/../lib/gcc/arm-none-eabi/4.8.4/armv7e-m/crtbegin.o

.ctors          0x0000336c        0x0
                0x0000336c                __CTOR_LIST__ = .
 *crtbegin.o(.ctors)
 *(EXCLUDE_FILE(*crtend.o) .ctors)
 *(SORT(.ctors.*))
 *(.ctors)
                0x0000336c                __CTOR_END__ = .

.dtors          0x0000336c        0x0
                0x0000336c                __DTOR_LIST__ = .
 *crtbegin.o(.dtors)
 *(EXCLUDE_FILE(*crtend.o) .dtors)
 *(SORT(.dtors.*))
 *(.dtors)
                0x0000336c                __DTOR_END__ = .

.preinit_array  0x0000336c        0x0
                0x0000336c                PROVIDE (__preinit_array_start, .)
 *(.preinit_array*)
                0x0000336c                PROVIDE (__preinit_array_end, .)

.init_array     0x0000336c        0x4
                0x0000336c                PROVIDE (__init_array_start, .)
 *(SORT(.init_array.*))
 *(.init_array*)
 .init_array    0x0000336c        0x4 c:/freescale/kds_3.0.0/toolchain/bin/../lib/gcc/arm-none-eabi/4.8.4/armv7e-m/crtbegin.o
                0x00003370                PROVIDE (__init_array_end, .)

.fini_array     0x00003370        0x4
                0x00003370                PROVIDE (__fini_array_start, .)
 *(SORT(.fini_array.*))
 *(.fini_array*)
 .fini_array    0x00003370        0x4 c:/freescale/kds_3.0.0/toolchain/bin/../lib/gcc/arm-none-eabi/4.8.4/armv7e-m/crtbegin.o
                0x00003374                PROVIDE (__fini_array_end, .)
                0x00003374                ___ROM_AT = .

.data           0x1fffe000       0x68 load address 0x00003374
                0x1fffe000                . = ALIGN (0x4)
                0x1fffe000                _sdata = .
 *(.data)
 *(.data*)
 .data.impure_data
                0x1fffe000       0x60 c:/freescale/kds_3.0.0/toolchain/bin/../lib/gcc/arm-none-eabi/4.8.4/../../../../arm-none-eabi/lib/armv7e-m\libg_s.a(lib_a-impure.o)
 .data._impure_ptr
                0x1fffe060        0x4 c:/freescale/kds_3.0.0/toolchain/bin/../lib/gcc/arm-none-eabi/4.8.4/../../../../arm-none-eabi/lib/armv7e-m\libg_s.a(lib_a-impure.o)
                0x1fffe060                _impure_ptr
 .data.__ctype_ptr__
                0x1fffe064        0x4 c:/freescale/kds_3.0.0/toolchain/bin/../lib/gcc/arm-none-eabi/4.8.4/../../../../arm-none-eabi/lib/armv7e-m\libg_s.a(lib_a-ctype_.o)
                0x1fffe064                __ctype_ptr__
                0x1fffe068                . = ALIGN (0x4)
                0x1fffe068                _edata = .
                0x00000068                ___data_size = (_edata - _sdata)
                0x000033dc                ___m_data_20000000_ROMStart = (___ROM_AT + SIZEOF (.data))

.jcr            0x1fffe068        0x0 load address 0x000033dc
 .jcr           0x1fffe068        0x0 c:/freescale/kds_3.0.0/toolchain/bin/../lib/gcc/arm-none-eabi/4.8.4/armv7e-m/crtbegin.o

.igot.plt       0x1fffe068        0x0 load address 0x000033dc
 .igot.plt      0x00000000        0x0 c:/freescale/kds_3.0.0/toolchain/bin/../lib/gcc/arm-none-eabi/4.8.4/armv7e-m/crtbegin.o

.m_data_20000000
                0x20000000        0x0 load address 0x000033dc
                0x20000000                . = ALIGN (0x4)
                0x20000000                ___m_data_20000000_RAMStart = .
 *(.m_data_20000000)
                0x20000000                ___m_data_20000000_RAMEnd = .
                0x20000000                . = ALIGN (0x4)
                0x00000000                ___m_data_20000000_ROMSize = (___m_data_20000000_RAMEnd - ___m_data_20000000_RAMStart)
                0x20000000                . = ALIGN (0x4)

.bss            0x1fffe068      0x228 load address 0x000033dc
                0x1fffe068                __START_BSS = .
                0x1fffe068                PROVIDE (__bss_start__, __START_BSS)
 *(.bss)
 .bss           0x1fffe068       0x1c c:/freescale/kds_3.0.0/toolchain/bin/../lib/gcc/arm-none-eabi/4.8.4/armv7e-m/crtbegin.o
 *(.bss*)
 .bss.index     0x1fffe084        0x4 ./Sources/Events.o
                0x1fffe084                index
 .bss.enterFlag
                0x1fffe088        0x1 ./Sources/Events.o
                0x1fffe088                enterFlag
 *fill*         0x1fffe089        0x3 
 .bss.DeviceDataPrv__DEFAULT_RTOS_ALLOC
                0x1fffe08c       0x20 ./Generated_Code/ASerialLdd1.o
 .bss.INT_UART0_RX_TX__DEFAULT_RTOS_ISRPARAM
                0x1fffe0ac        0x4 ./Generated_Code/ASerialLdd1.o
 .bss.INT_UART0_ERR__DEFAULT_RTOS_ISRPARAM
                0x1fffe0b0        0x4 ./Generated_Code/ASerialLdd1.o
 .bss.SR_lock   0x1fffe0b4        0x1 ./Generated_Code/Cpu.o
                0x1fffe0b4                SR_lock
 *fill*         0x1fffe0b5        0x1 
 .bss.SerFlag   0x1fffe0b6        0x2 ./Generated_Code/Inhr1.o
 .bss.Inhr1_InpLen
                0x1fffe0b8        0x2 ./Generated_Code/Inhr1.o
 .bss.InpIndexR
                0x1fffe0ba        0x2 ./Generated_Code/Inhr1.o
 .bss.InpIndexW
                0x1fffe0bc        0x2 ./Generated_Code/Inhr1.o
 *fill*         0x1fffe0be        0x2 
 .bss.InpBuffer
                0x1fffe0c0       0x80 ./Generated_Code/Inhr1.o
 .bss.BufferRead
                0x1fffe140        0x1 ./Generated_Code/Inhr1.o
 *fill*         0x1fffe141        0x1 
 .bss.Inhr1_OutLen
                0x1fffe142        0x2 ./Generated_Code/Inhr1.o
 .bss.OutIndexR
                0x1fffe144        0x2 ./Generated_Code/Inhr1.o
 .bss.OutIndexW
                0x1fffe146        0x2 ./Generated_Code/Inhr1.o
 .bss.OutBuffer
                0x1fffe148       0x80 ./Generated_Code/Inhr1.o
 .bss.PE_LDD_DeviceDataList
                0x1fffe1c8       0x14 ./Generated_Code/PE_LDD.o
                0x1fffe1c8                PE_LDD_DeviceDataList
 .bss.DeviceDataPrv__DEFAULT_RTOS_ALLOC
                0x1fffe1dc        0xc ./Generated_Code/PwmLdd1.o
 .bss.DeviceDataPrv__DEFAULT_RTOS_ALLOC
                0x1fffe1e8        0xc ./Generated_Code/PwmLdd2.o
 .bss.DeviceDataPrv__DEFAULT_RTOS_ALLOC
                0x1fffe1f4        0xc ./Generated_Code/PwmLdd3.o
 .bss.DeviceDataPrv__DEFAULT_RTOS_ALLOC
                0x1fffe200        0x8 ./Generated_Code/TU1.o
 .bss.__malloc_sbrk_start
                0x1fffe208        0x4 c:/freescale/kds_3.0.0/toolchain/bin/../lib/gcc/arm-none-eabi/4.8.4/../../../../arm-none-eabi/lib/armv7e-m\libg_s.a(lib_a-nano-mallocr.o)
                0x1fffe208                __malloc_sbrk_start
 .bss.__malloc_free_list
                0x1fffe20c        0x4 c:/freescale/kds_3.0.0/toolchain/bin/../lib/gcc/arm-none-eabi/4.8.4/../../../../arm-none-eabi/lib/armv7e-m\libg_s.a(lib_a-nano-mallocr.o)
                0x1fffe20c                __malloc_free_list
 .bss.heap_end.4246
                0x1fffe210        0x4 c:/freescale/kds_3.0.0/toolchain/bin/../lib/gcc/arm-none-eabi/4.8.4/../../../../arm-none-eabi/lib/armv7e-m\libnosys.a(sbrk.o)
 *(COMMON)
 COMMON         0x1fffe214       0x64 ./Sources/Events.o
                0x1fffe214                buffer
 COMMON         0x1fffe278        0xc ./Sources/main.o
                0x1fffe278                pwmB
                0x1fffe27c                pwmR
                0x1fffe280                pwmG
 COMMON         0x1fffe284        0x1 ./Generated_Code/Cpu.o
                0x1fffe284                SR_reg
 *fill*         0x1fffe285        0x3 
 COMMON         0x1fffe288        0x4 ./Generated_Code/Inhr1.o
                0x1fffe288                ASerialLdd1_DeviceDataPtr
 COMMON         0x1fffe28c        0x4 c:/freescale/kds_3.0.0/toolchain/bin/../lib/gcc/arm-none-eabi/4.8.4/../../../../arm-none-eabi/lib/armv7e-m\libg_s.a(lib_a-reent.o)
                0x1fffe28c                errno
                0x1fffe290                . = ALIGN (0x4)
                0x1fffe290                __END_BSS = .
                0x1fffe290                PROVIDE (__bss_end__, __END_BSS)
                0x000033dc                _romp_at = ((___ROM_AT + SIZEOF (.data)) + SIZEOF (.m_data_20000000))

.romp           0x1fffe290       0x24 load address 0x000033dc
                0x000033dc                __S_romp = _romp_at
                0x1fffe290        0x4 LONG 0x3374 ___ROM_AT
                0x1fffe294        0x4 LONG 0x1fffe000 _sdata
                0x1fffe298        0x4 LONG 0x68 ___data_size
                0x1fffe29c        0x4 LONG 0x33dc ___m_data_20000000_ROMStart
                0x1fffe2a0        0x4 LONG 0x20000000 ___m_data_20000000_RAMStart
                0x1fffe2a4        0x4 LONG 0x0 ___m_data_20000000_ROMSize
                0x1fffe2a8        0x4 LONG 0x0
                0x1fffe2ac        0x4 LONG 0x0
                0x1fffe2b0        0x4 LONG 0x0

._user_heap_stack
                0x1fffe2b4      0x400 load address 0x00003400
                0x1fffe2b4                . = ALIGN (0x4)
                0x1fffe2b4                PROVIDE (end, .)
                0x1fffe2b4                PROVIDE (_end, .)
                0x1fffe2b4                __heap_addr = .
                0x1fffe2b4                __HeapBase = .
                0x1fffe2b4                . = (. + __heap_size)
                0x1fffe2b4                __HeapLimit = .
                0x1fffe6b4                . = (. + __stack_size)
 *fill*         0x1fffe2b4      0x400 
                0x1fffe6b4                . = ALIGN (0x4)

.ARM.attributes
                0x00000000       0x2a
 *(.ARM.attributes)
 .ARM.attributes
                0x00000000       0x1e c:/freescale/kds_3.0.0/toolchain/bin/../lib/gcc/arm-none-eabi/4.8.4/armv7e-m/crti.o
 .ARM.attributes
                0x0000001e       0x2e c:/freescale/kds_3.0.0/toolchain/bin/../lib/gcc/arm-none-eabi/4.8.4/armv7e-m/crtbegin.o
 .ARM.attributes
                0x0000004c       0x1c c:/freescale/kds_3.0.0/toolchain/bin/../lib/gcc/arm-none-eabi/4.8.4/../../../../arm-none-eabi/lib/armv7e-m/crt0.o
 .ARM.attributes
                0x00000068       0x33 ./Sources/Events.o
 .ARM.attributes
                0x0000009b       0x33 ./Sources/main.o
 .ARM.attributes
                0x000000ce       0x33 ./Project_Settings/Startup_Code/startup.o
 .ARM.attributes
                0x00000101       0x33 ./Generated_Code/ASerialLdd1.o
 .ARM.attributes
                0x00000134       0x33 ./Generated_Code/Cpu.o
 .ARM.attributes
                0x00000167       0x33 ./Generated_Code/Inhr1.o
 .ARM.attributes
                0x0000019a       0x33 ./Generated_Code/PE_LDD.o
 .ARM.attributes
                0x000001cd       0x33 ./Generated_Code/PwmLdd1.o
 .ARM.attributes
                0x00000200       0x33 ./Generated_Code/PwmLdd2.o
 .ARM.attributes
                0x00000233       0x33 ./Generated_Code/PwmLdd3.o
 .ARM.attributes
                0x00000266       0x33 ./Generated_Code/TU1.o
 .ARM.attributes
                0x00000299       0x33 ./Generated_Code/Term1.o
 .ARM.attributes
                0x000002cc       0x33 ./Generated_Code/Vectors.o
 .ARM.attributes
                0x000002ff       0x2e c:/freescale/kds_3.0.0/toolchain/bin/../lib/gcc/arm-none-eabi/4.8.4/../../../../arm-none-eabi/lib/armv7e-m\libg_s.a(lib_a-exit.o)
 .ARM.attributes
                0x0000032d       0x2e c:/freescale/kds_3.0.0/toolchain/bin/../lib/gcc/arm-none-eabi/4.8.4/../../../../arm-none-eabi/lib/armv7e-m\libg_s.a(lib_a-impure.o)
 .ARM.attributes
                0x0000035b       0x2e c:/freescale/kds_3.0.0/toolchain/bin/../lib/gcc/arm-none-eabi/4.8.4/../../../../arm-none-eabi/lib/armv7e-m\libg_s.a(lib_a-init.o)
 .ARM.attributes
                0x00000389       0x2e c:/freescale/kds_3.0.0/toolchain/bin/../lib/gcc/arm-none-eabi/4.8.4/../../../../arm-none-eabi/lib/armv7e-m\libg_s.a(lib_a-memset.o)
 .ARM.attributes
                0x000003b7       0x2e c:/freescale/kds_3.0.0/toolchain/bin/../lib/gcc/arm-none-eabi/4.8.4/../../../../arm-none-eabi/lib/armv7e-m\libg_s.a(lib_a-sprintf.o)
 .ARM.attributes
                0x000003e5       0x2e c:/freescale/kds_3.0.0/toolchain/bin/../lib/gcc/arm-none-eabi/4.8.4/../../../../arm-none-eabi/lib/armv7e-m\libg_s.a(lib_a-sscanf.o)
 .ARM.attributes
                0x00000413       0x2e c:/freescale/kds_3.0.0/toolchain/bin/../lib/gcc/arm-none-eabi/4.8.4/../../../../arm-none-eabi/lib/armv7e-m\libg_s.a(lib_a-stdio.o)
 .ARM.attributes
                0x00000441       0x1c c:/freescale/kds_3.0.0/toolchain/bin/../lib/gcc/arm-none-eabi/4.8.4/../../../../arm-none-eabi/lib/armv7e-m\libg_s.a(lib_a-strcmp.o)
 .ARM.attributes
                0x0000045d       0x2e c:/freescale/kds_3.0.0/toolchain/bin/../lib/gcc/arm-none-eabi/4.8.4/../../../../arm-none-eabi/lib/armv7e-m\libg_s.a(lib_a-strlen.o)
 .ARM.attributes
                0x0000048b       0x2e c:/freescale/kds_3.0.0/toolchain/bin/../lib/gcc/arm-none-eabi/4.8.4/../../../../arm-none-eabi/lib/armv7e-m\libg_s.a(lib_a-svfprintf.o)
 .ARM.attributes
                0x000004b9       0x2e c:/freescale/kds_3.0.0/toolchain/bin/../lib/gcc/arm-none-eabi/4.8.4/../../../../arm-none-eabi/lib/armv7e-m\libg_s.a(lib_a-svfscanf.o)
 .ARM.attributes
                0x000004e7       0x2e c:/freescale/kds_3.0.0/toolchain/bin/../lib/gcc/arm-none-eabi/4.8.4/../../../../arm-none-eabi/lib/armv7e-m\libg_s.a(lib_a-ungetc.o)
 .ARM.attributes
                0x00000515       0x2e c:/freescale/kds_3.0.0/toolchain/bin/../lib/gcc/arm-none-eabi/4.8.4/../../../../arm-none-eabi/lib/armv7e-m\libg_s.a(lib_a-vfprintf_i.o)
 .ARM.attributes
                0x00000543       0x2e c:/freescale/kds_3.0.0/toolchain/bin/../lib/gcc/arm-none-eabi/4.8.4/../../../../arm-none-eabi/lib/armv7e-m\libg_s.a(lib_a-vfscanf_i.o)
 .ARM.attributes
                0x00000571       0x2e c:/freescale/kds_3.0.0/toolchain/bin/../lib/gcc/arm-none-eabi/4.8.4/../../../../arm-none-eabi/lib/armv7e-m\libg_s.a(lib_a-ctype_.o)
 .ARM.attributes
                0x0000059f       0x2e c:/freescale/kds_3.0.0/toolchain/bin/../lib/gcc/arm-none-eabi/4.8.4/../../../../arm-none-eabi/lib/armv7e-m\libg_s.a(lib_a-findfp.o)
 .ARM.attributes
                0x000005cd       0x2e c:/freescale/kds_3.0.0/toolchain/bin/../lib/gcc/arm-none-eabi/4.8.4/../../../../arm-none-eabi/lib/armv7e-m\libg_s.a(lib_a-memchr-stub.o)
 .ARM.attributes
                0x000005fb       0x2e c:/freescale/kds_3.0.0/toolchain/bin/../lib/gcc/arm-none-eabi/4.8.4/../../../../arm-none-eabi/lib/armv7e-m\libg_s.a(lib_a-memcpy-stub.o)
 .ARM.attributes
                0x00000629       0x2e c:/freescale/kds_3.0.0/toolchain/bin/../lib/gcc/arm-none-eabi/4.8.4/../../../../arm-none-eabi/lib/armv7e-m\libg_s.a(lib_a-memmove.o)
 .ARM.attributes
                0x00000657       0x2e c:/freescale/kds_3.0.0/toolchain/bin/../lib/gcc/arm-none-eabi/4.8.4/../../../../arm-none-eabi/lib/armv7e-m\libg_s.a(lib_a-nano-freer.o)
 .ARM.attributes
                0x00000685       0x2e c:/freescale/kds_3.0.0/toolchain/bin/../lib/gcc/arm-none-eabi/4.8.4/../../../../arm-none-eabi/lib/armv7e-m\libg_s.a(lib_a-nano-mallocr.o)
 .ARM.attributes
                0x000006b3       0x2e c:/freescale/kds_3.0.0/toolchain/bin/../lib/gcc/arm-none-eabi/4.8.4/../../../../arm-none-eabi/lib/armv7e-m\libg_s.a(lib_a-nano-reallocr.o)
 .ARM.attributes
                0x000006e1       0x2e c:/freescale/kds_3.0.0/toolchain/bin/../lib/gcc/arm-none-eabi/4.8.4/../../../../arm-none-eabi/lib/armv7e-m\libg_s.a(lib_a-reent.o)
 .ARM.attributes
                0x0000070f       0x2e c:/freescale/kds_3.0.0/toolchain/bin/../lib/gcc/arm-none-eabi/4.8.4/../../../../arm-none-eabi/lib/armv7e-m\libg_s.a(lib_a-sbrkr.o)
 .ARM.attributes
                0x0000073d       0x2e c:/freescale/kds_3.0.0/toolchain/bin/../lib/gcc/arm-none-eabi/4.8.4/../../../../arm-none-eabi/lib/armv7e-m\libg_s.a(lib_a-sccl.o)
 .ARM.attributes
                0x0000076b       0x2e c:/freescale/kds_3.0.0/toolchain/bin/../lib/gcc/arm-none-eabi/4.8.4/../../../../arm-none-eabi/lib/armv7e-m\libg_s.a(lib_a-strtol.o)
 .ARM.attributes
                0x00000799       0x2e c:/freescale/kds_3.0.0/toolchain/bin/../lib/gcc/arm-none-eabi/4.8.4/../../../../arm-none-eabi/lib/armv7e-m\libg_s.a(lib_a-strtoul.o)
 .ARM.attributes
                0x000007c7       0x2e c:/freescale/kds_3.0.0/toolchain/bin/../lib/gcc/arm-none-eabi/4.8.4/../../../../arm-none-eabi/lib/armv7e-m\libg_s.a(lib_a-nano-msizer.o)
 .ARM.attributes
                0x000007f5       0x2e c:/freescale/kds_3.0.0/toolchain/bin/../lib/gcc/arm-none-eabi/4.8.4/../../../../arm-none-eabi/lib/armv7e-m\libnosys.a(sbrk.o)
 .ARM.attributes
                0x00000823       0x2e c:/freescale/kds_3.0.0/toolchain/bin/../lib/gcc/arm-none-eabi/4.8.4/../../../../arm-none-eabi/lib/armv7e-m\libnosys.a(_exit.o)
 .ARM.attributes
                0x00000851       0x1e c:/freescale/kds_3.0.0/toolchain/bin/../lib/gcc/arm-none-eabi/4.8.4/armv7e-m/crtn.o
OUTPUT(Lab6.elf elf32-littlearm)

.debug_info     0x00000000     0x34e5
 .debug_info    0x00000000      0x111 ./Sources/Events.o
 .debug_info    0x00000111      0x213 ./Sources/main.o
 .debug_info    0x00000324      0x20a ./Project_Settings/Startup_Code/startup.o
 .debug_info    0x0000052e      0xab5 ./Generated_Code/ASerialLdd1.o
 .debug_info    0x00000fe3      0x9e9 ./Generated_Code/Cpu.o
 .debug_info    0x000019cc      0x367 ./Generated_Code/Inhr1.o
 .debug_info    0x00001d33      0x251 ./Generated_Code/PE_LDD.o
 .debug_info    0x00001f84      0x333 ./Generated_Code/PwmLdd1.o
 .debug_info    0x000022b7      0x333 ./Generated_Code/PwmLdd2.o
 .debug_info    0x000025ea      0x333 ./Generated_Code/PwmLdd3.o
 .debug_info    0x0000291d      0x768 ./Generated_Code/TU1.o
 .debug_info    0x00003085      0x352 ./Generated_Code/Term1.o
 .debug_info    0x000033d7      0x10e ./Generated_Code/Vectors.o

.debug_abbrev   0x00000000      0xfc4
 .debug_abbrev  0x00000000       0x98 ./Sources/Events.o
 .debug_abbrev  0x00000098      0x11b ./Sources/main.o
 .debug_abbrev  0x000001b3      0x11e ./Project_Settings/Startup_Code/startup.o
 .debug_abbrev  0x000002d1      0x1db ./Generated_Code/ASerialLdd1.o
 .debug_abbrev  0x000004ac      0x178 ./Generated_Code/Cpu.o
 .debug_abbrev  0x00000624      0x18f ./Generated_Code/Inhr1.o
 .debug_abbrev  0x000007b3      0x10d ./Generated_Code/PE_LDD.o
 .debug_abbrev  0x000008c0      0x122 ./Generated_Code/PwmLdd1.o
 .debug_abbrev  0x000009e2      0x122 ./Generated_Code/PwmLdd2.o
 .debug_abbrev  0x00000b04      0x122 ./Generated_Code/PwmLdd3.o
 .debug_abbrev  0x00000c26      0x198 ./Generated_Code/TU1.o
 .debug_abbrev  0x00000dbe      0x162 ./Generated_Code/Term1.o
 .debug_abbrev  0x00000f20       0xa4 ./Generated_Code/Vectors.o

.debug_aranges  0x00000000      0x378
 .debug_aranges
                0x00000000       0x28 ./Sources/Events.o
 .debug_aranges
                0x00000028       0x20 ./Sources/main.o
 .debug_aranges
                0x00000048       0x50 ./Project_Settings/Startup_Code/startup.o
 .debug_aranges
                0x00000098       0x50 ./Generated_Code/ASerialLdd1.o
 .debug_aranges
                0x000000e8       0x40 ./Generated_Code/Cpu.o
 .debug_aranges
                0x00000128       0x60 ./Generated_Code/Inhr1.o
 .debug_aranges
                0x00000188       0x30 ./Generated_Code/PE_LDD.o
 .debug_aranges
                0x000001b8       0x48 ./Generated_Code/PwmLdd1.o
 .debug_aranges
                0x00000200       0x48 ./Generated_Code/PwmLdd2.o
 .debug_aranges
                0x00000248       0x48 ./Generated_Code/PwmLdd3.o
 .debug_aranges
                0x00000290       0x48 ./Generated_Code/TU1.o
 .debug_aranges
                0x000002d8       0x88 ./Generated_Code/Term1.o
 .debug_aranges
                0x00000360       0x18 ./Generated_Code/Vectors.o

.debug_ranges   0x00000000      0x2a0
 .debug_ranges  0x00000000       0x18 ./Sources/Events.o
 .debug_ranges  0x00000018       0x10 ./Sources/main.o
 .debug_ranges  0x00000028       0x40 ./Project_Settings/Startup_Code/startup.o
 .debug_ranges  0x00000068       0x40 ./Generated_Code/ASerialLdd1.o
 .debug_ranges  0x000000a8       0x30 ./Generated_Code/Cpu.o
 .debug_ranges  0x000000d8       0x50 ./Generated_Code/Inhr1.o
 .debug_ranges  0x00000128       0x20 ./Generated_Code/PE_LDD.o
 .debug_ranges  0x00000148       0x38 ./Generated_Code/PwmLdd1.o
 .debug_ranges  0x00000180       0x38 ./Generated_Code/PwmLdd2.o
 .debug_ranges  0x000001b8       0x38 ./Generated_Code/PwmLdd3.o
 .debug_ranges  0x000001f0       0x38 ./Generated_Code/TU1.o
 .debug_ranges  0x00000228       0x78 ./Generated_Code/Term1.o

.debug_macro    0x00000000    0x18ef8
 .debug_macro   0x00000000      0x15e ./Sources/Events.o
 .debug_macro   0x0000015e      0x84a ./Sources/Events.o
 .debug_macro   0x000009a8       0x16 ./Sources/Events.o
 .debug_macro   0x000009be       0x44 ./Sources/Events.o
 .debug_macro   0x00000a02      0x209 ./Sources/Events.o
 .debug_macro   0x00000c0b     0x1679 ./Sources/Events.o
 .debug_macro   0x00002284      0x14e ./Sources/Events.o
 .debug_macro   0x000023d2       0x6a ./Sources/Events.o
 .debug_macro   0x0000243c     0x9b9f ./Sources/Events.o
 .debug_macro   0x0000bfdb       0x94 ./Sources/Events.o
 .debug_macro   0x0000c06f       0x34 ./Sources/Events.o
 .debug_macro   0x0000c0a3       0x65 ./Sources/Events.o
 .debug_macro   0x0000c108       0x20 ./Sources/Events.o
 .debug_macro   0x0000c128       0x94 ./Sources/Events.o
 .debug_macro   0x0000c1bc      0x6a0 ./Sources/Events.o
 .debug_macro   0x0000c85c       0x82 ./Sources/Events.o
 .debug_macro   0x0000c8de       0x3f ./Sources/Events.o
 .debug_macro   0x0000c91d       0x2c ./Sources/Events.o
 .debug_macro   0x0000c949       0x45 ./Sources/Events.o
 .debug_macro   0x0000c98e       0x2c ./Sources/Events.o
 .debug_macro   0x0000c9ba       0x45 ./Sources/Events.o
 .debug_macro   0x0000c9ff       0x2c ./Sources/Events.o
 .debug_macro   0x0000ca2b       0x22 ./Sources/Events.o
 .debug_macro   0x0000ca4d      0x15e ./Sources/main.o
 .debug_macro   0x0000cbab      0x121 ./Project_Settings/Startup_Code/startup.o
 .debug_macro   0x0000cccc       0x58 ./Project_Settings/Startup_Code/startup.o
 .debug_macro   0x0000cd24       0x35 ./Project_Settings/Startup_Code/startup.o
 .debug_macro   0x0000cd59       0xa3 ./Project_Settings/Startup_Code/startup.o
 .debug_macro   0x0000cdfc      0x166 ./Project_Settings/Startup_Code/startup.o
 .debug_macro   0x0000cf62       0x4a ./Project_Settings/Startup_Code/startup.o
 .debug_macro   0x0000cfac       0x52 ./Project_Settings/Startup_Code/startup.o
 .debug_macro   0x0000cffe       0x16 ./Project_Settings/Startup_Code/startup.o
 .debug_macro   0x0000d014       0x43 ./Project_Settings/Startup_Code/startup.o
 .debug_macro   0x0000d057      0x180 ./Project_Settings/Startup_Code/startup.o
 .debug_macro   0x0000d1d7      0x2a6 ./Project_Settings/Startup_Code/startup.o
 .debug_macro   0x0000d47d       0x10 ./Project_Settings/Startup_Code/startup.o
 .debug_macro   0x0000d48d       0x35 ./Project_Settings/Startup_Code/startup.o
 .debug_macro   0x0000d4c2       0x16 ./Project_Settings/Startup_Code/startup.o
 .debug_macro   0x0000d4d8       0x22 ./Project_Settings/Startup_Code/startup.o
 .debug_macro   0x0000d4fa       0x10 ./Project_Settings/Startup_Code/startup.o
 .debug_macro   0x0000d50a      0x20f ./Project_Settings/Startup_Code/startup.o
 .debug_macro   0x0000d719     0x9b93 ./Project_Settings/Startup_Code/startup.o
 .debug_macro   0x000172ac       0xc5 ./Generated_Code/ASerialLdd1.o
 .debug_macro   0x00017371       0x5f ./Generated_Code/ASerialLdd1.o
 .debug_macro   0x000173d0       0x26 ./Generated_Code/ASerialLdd1.o
 .debug_macro   0x000173f6      0x7ab ./Generated_Code/ASerialLdd1.o
 .debug_macro   0x00017ba1      0x9b1 ./Generated_Code/ASerialLdd1.o
 .debug_macro   0x00018552      0x165 ./Generated_Code/Cpu.o
 .debug_macro   0x000186b7      0x1d9 ./Generated_Code/Inhr1.o
 .debug_macro   0x00018890      0x127 ./Generated_Code/PE_LDD.o
 .debug_macro   0x000189b7       0xbe ./Generated_Code/PwmLdd1.o
 .debug_macro   0x00018a75       0xbe ./Generated_Code/PwmLdd2.o
 .debug_macro   0x00018b33       0xbe ./Generated_Code/PwmLdd3.o
 .debug_macro   0x00018bf1       0xbc ./Generated_Code/TU1.o
 .debug_macro   0x00018cad       0xb2 ./Generated_Code/Term1.o
 .debug_macro   0x00018d5f      0x15f ./Generated_Code/Vectors.o
 .debug_macro   0x00018ebe       0x3a ./Generated_Code/Vectors.o

.debug_line     0x00000000     0x2c7c
 .debug_line    0x00000000      0x30a ./Sources/Events.o
 .debug_line    0x0000030a      0x3cb ./Sources/main.o
 .debug_line    0x000006d5      0x3b0 ./Project_Settings/Startup_Code/startup.o
 .debug_line    0x00000a85      0x369 ./Generated_Code/ASerialLdd1.o
 .debug_line    0x00000dee      0x422 ./Generated_Code/Cpu.o
 .debug_line    0x00001210      0x494 ./Generated_Code/Inhr1.o
 .debug_line    0x000016a4      0x2ea ./Generated_Code/PE_LDD.o
 .debug_line    0x0000198e      0x2ce ./Generated_Code/PwmLdd1.o
 .debug_line    0x00001c5c      0x2ce ./Generated_Code/PwmLdd2.o
 .debug_line    0x00001f2a      0x2ce ./Generated_Code/PwmLdd3.o
 .debug_line    0x000021f8      0x2f3 ./Generated_Code/TU1.o
 .debug_line    0x000024eb      0x3f4 ./Generated_Code/Term1.o
 .debug_line    0x000028df      0x39d ./Generated_Code/Vectors.o

.debug_str      0x00000000    0x5a5e5
 .debug_str     0x00000000    0x48bf4 ./Sources/Events.o
                              0x48d4a (size before relaxing)
 .debug_str     0x00048bf4       0x6c ./Sources/main.o
                              0x48d80 (size before relaxing)
 .debug_str     0x00048c60     0x25f0 ./Project_Settings/Startup_Code/startup.o
                              0x3a1c1 (size before relaxing)
 .debug_str     0x0004b250     0xe7b7 ./Generated_Code/ASerialLdd1.o
                              0x4dcd8 (size before relaxing)
 .debug_str     0x00059a07      0x240 ./Generated_Code/Cpu.o
                              0x49095 (size before relaxing)
 .debug_str     0x00059c47      0x268 ./Generated_Code/Inhr1.o
                              0x48fc4 (size before relaxing)
 .debug_str     0x00059eaf      0x183 ./Generated_Code/PE_LDD.o
                              0x48e8d (size before relaxing)
 .debug_str     0x0005a032       0xef ./Generated_Code/PwmLdd1.o
                              0x48490 (size before relaxing)
 .debug_str     0x0005a121       0x94 ./Generated_Code/PwmLdd2.o
                              0x48490 (size before relaxing)
 .debug_str     0x0005a1b5       0x86 ./Generated_Code/PwmLdd3.o
                              0x48490 (size before relaxing)
 .debug_str     0x0005a23b      0x269 ./Generated_Code/TU1.o
                              0x48595 (size before relaxing)
 .debug_str     0x0005a4a4      0x125 ./Generated_Code/Term1.o
                              0x3f169 (size before relaxing)
 .debug_str     0x0005a5c9       0x1c ./Generated_Code/Vectors.o
                              0x48d20 (size before relaxing)

.comment        0x00000000       0x70
 .comment       0x00000000       0x70 ./Sources/Events.o
                                 0x71 (size before relaxing)
 .comment       0x00000000       0x71 ./Sources/main.o
 .comment       0x00000000       0x71 ./Project_Settings/Startup_Code/startup.o
 .comment       0x00000000       0x71 ./Generated_Code/ASerialLdd1.o
 .comment       0x00000000       0x71 ./Generated_Code/Cpu.o
 .comment       0x00000000       0x71 ./Generated_Code/Inhr1.o
 .comment       0x00000000       0x71 ./Generated_Code/PE_LDD.o
 .comment       0x00000000       0x71 ./Generated_Code/PwmLdd1.o
 .comment       0x00000000       0x71 ./Generated_Code/PwmLdd2.o
 .comment       0x00000000       0x71 ./Generated_Code/PwmLdd3.o
 .comment       0x00000000       0x71 ./Generated_Code/TU1.o
 .comment       0x00000000       0x71 ./Generated_Code/Term1.o
 .comment       0x00000000       0x71 ./Generated_Code/Vectors.o

.debug_frame    0x00000000     0x10d8
 .debug_frame   0x00000000       0x48 ./Sources/Events.o
 .debug_frame   0x00000048       0x30 ./Sources/main.o
 .debug_frame   0x00000078       0xc0 ./Project_Settings/Startup_Code/startup.o
 .debug_frame   0x00000138       0xec ./Generated_Code/ASerialLdd1.o
 .debug_frame   0x00000224       0xa4 ./Generated_Code/Cpu.o
 .debug_frame   0x000002c8      0x118 ./Generated_Code/Inhr1.o
 .debug_frame   0x000003e0       0x64 ./Generated_Code/PE_LDD.o
 .debug_frame   0x00000444       0xd0 ./Generated_Code/PwmLdd1.o
 .debug_frame   0x00000514       0xd0 ./Generated_Code/PwmLdd2.o
 .debug_frame   0x000005e4       0xd0 ./Generated_Code/PwmLdd3.o
 .debug_frame   0x000006b4       0xbc ./Generated_Code/TU1.o
 .debug_frame   0x00000770      0x1b8 ./Generated_Code/Term1.o
 .debug_frame   0x00000928       0x28 c:/freescale/kds_3.0.0/toolchain/bin/../lib/gcc/arm-none-eabi/4.8.4/../../../../arm-none-eabi/lib/armv7e-m\libg_s.a(lib_a-exit.o)
 .debug_frame   0x00000950       0x2c c:/freescale/kds_3.0.0/toolchain/bin/../lib/gcc/arm-none-eabi/4.8.4/../../../../arm-none-eabi/lib/armv7e-m\libg_s.a(lib_a-init.o)
 .debug_frame   0x0000097c       0x20 c:/freescale/kds_3.0.0/toolchain/bin/../lib/gcc/arm-none-eabi/4.8.4/../../../../arm-none-eabi/lib/armv7e-m\libg_s.a(lib_a-memset.o)
 .debug_frame   0x0000099c       0x58 c:/freescale/kds_3.0.0/toolchain/bin/../lib/gcc/arm-none-eabi/4.8.4/../../../../arm-none-eabi/lib/armv7e-m\libg_s.a(lib_a-sprintf.o)
 .debug_frame   0x000009f4       0x60 c:/freescale/kds_3.0.0/toolchain/bin/../lib/gcc/arm-none-eabi/4.8.4/../../../../arm-none-eabi/lib/armv7e-m\libg_s.a(lib_a-sscanf.o)
 .debug_frame   0x00000a54       0x80 c:/freescale/kds_3.0.0/toolchain/bin/../lib/gcc/arm-none-eabi/4.8.4/../../../../arm-none-eabi/lib/armv7e-m\libg_s.a(lib_a-stdio.o)
 .debug_frame   0x00000ad4       0x20 c:/freescale/kds_3.0.0/toolchain/bin/../lib/gcc/arm-none-eabi/4.8.4/../../../../arm-none-eabi/lib/armv7e-m\libg_s.a(lib_a-strlen.o)
 .debug_frame   0x00000af4       0x88 c:/freescale/kds_3.0.0/toolchain/bin/../lib/gcc/arm-none-eabi/4.8.4/../../../../arm-none-eabi/lib/armv7e-m\libg_s.a(lib_a-svfprintf.o)
 .debug_frame   0x00000b7c       0x6c c:/freescale/kds_3.0.0/toolchain/bin/../lib/gcc/arm-none-eabi/4.8.4/../../../../arm-none-eabi/lib/armv7e-m\libg_s.a(lib_a-svfscanf.o)
 .debug_frame   0x00000be8       0x5c c:/freescale/kds_3.0.0/toolchain/bin/../lib/gcc/arm-none-eabi/4.8.4/../../../../arm-none-eabi/lib/armv7e-m\libg_s.a(lib_a-ungetc.o)
 .debug_frame   0x00000c44       0x60 c:/freescale/kds_3.0.0/toolchain/bin/../lib/gcc/arm-none-eabi/4.8.4/../../../../arm-none-eabi/lib/armv7e-m\libg_s.a(lib_a-vfprintf_i.o)
 .debug_frame   0x00000ca4       0x58 c:/freescale/kds_3.0.0/toolchain/bin/../lib/gcc/arm-none-eabi/4.8.4/../../../../arm-none-eabi/lib/armv7e-m\libg_s.a(lib_a-vfscanf_i.o)
 .debug_frame   0x00000cfc      0x12c c:/freescale/kds_3.0.0/toolchain/bin/../lib/gcc/arm-none-eabi/4.8.4/../../../../arm-none-eabi/lib/armv7e-m\libg_s.a(lib_a-findfp.o)
 .debug_frame   0x00000e28       0x28 c:/freescale/kds_3.0.0/toolchain/bin/../lib/gcc/arm-none-eabi/4.8.4/../../../../arm-none-eabi/lib/armv7e-m\libg_s.a(lib_a-memchr-stub.o)
 .debug_frame   0x00000e50       0x28 c:/freescale/kds_3.0.0/toolchain/bin/../lib/gcc/arm-none-eabi/4.8.4/../../../../arm-none-eabi/lib/armv7e-m\libg_s.a(lib_a-memcpy-stub.o)
 .debug_frame   0x00000e78       0x2c c:/freescale/kds_3.0.0/toolchain/bin/../lib/gcc/arm-none-eabi/4.8.4/../../../../arm-none-eabi/lib/armv7e-m\libg_s.a(lib_a-memmove.o)
 .debug_frame   0x00000ea4       0x2c c:/freescale/kds_3.0.0/toolchain/bin/../lib/gcc/arm-none-eabi/4.8.4/../../../../arm-none-eabi/lib/armv7e-m\libg_s.a(lib_a-nano-freer.o)
 .debug_frame   0x00000ed0       0x2c c:/freescale/kds_3.0.0/toolchain/bin/../lib/gcc/arm-none-eabi/4.8.4/../../../../arm-none-eabi/lib/armv7e-m\libg_s.a(lib_a-nano-mallocr.o)
 .debug_frame   0x00000efc       0x30 c:/freescale/kds_3.0.0/toolchain/bin/../lib/gcc/arm-none-eabi/4.8.4/../../../../arm-none-eabi/lib/armv7e-m\libg_s.a(lib_a-nano-reallocr.o)
 .debug_frame   0x00000f2c       0x48 c:/freescale/kds_3.0.0/toolchain/bin/../lib/gcc/arm-none-eabi/4.8.4/../../../../arm-none-eabi/lib/armv7e-m\libg_s.a(lib_a-reent.o)
 .debug_frame   0x00000f74       0x2c c:/freescale/kds_3.0.0/toolchain/bin/../lib/gcc/arm-none-eabi/4.8.4/../../../../arm-none-eabi/lib/armv7e-m\libg_s.a(lib_a-sbrkr.o)
 .debug_frame   0x00000fa0       0x30 c:/freescale/kds_3.0.0/toolchain/bin/../lib/gcc/arm-none-eabi/4.8.4/../../../../arm-none-eabi/lib/armv7e-m\libg_s.a(lib_a-sccl.o)
 .debug_frame   0x00000fd0       0x54 c:/freescale/kds_3.0.0/toolchain/bin/../lib/gcc/arm-none-eabi/4.8.4/../../../../arm-none-eabi/lib/armv7e-m\libg_s.a(lib_a-strtol.o)
 .debug_frame   0x00001024       0x54 c:/freescale/kds_3.0.0/toolchain/bin/../lib/gcc/arm-none-eabi/4.8.4/../../../../arm-none-eabi/lib/armv7e-m\libg_s.a(lib_a-strtoul.o)
 .debug_frame   0x00001078       0x20 c:/freescale/kds_3.0.0/toolchain/bin/../lib/gcc/arm-none-eabi/4.8.4/../../../../arm-none-eabi/lib/armv7e-m\libg_s.a(lib_a-nano-msizer.o)
 .debug_frame   0x00001098       0x20 c:/freescale/kds_3.0.0/toolchain/bin/../lib/gcc/arm-none-eabi/4.8.4/../../../../arm-none-eabi/lib/armv7e-m\libnosys.a(sbrk.o)
 .debug_frame   0x000010b8       0x20 c:/freescale/kds_3.0.0/toolchain/bin/../lib/gcc/arm-none-eabi/4.8.4/../../../../arm-none-eabi/lib/armv7e-m\libnosys.a(_exit.o)

.stabstr        0x00000000       0xdf
 .stabstr       0x00000000       0xdf c:/freescale/kds_3.0.0/toolchain/bin/../lib/gcc/arm-none-eabi/4.8.4/../../../../arm-none-eabi/lib/armv7e-m\libnosys.a(close.o)
